Archive member included to satisfy reference by file (symbol)

app/libapp.a(main.c.obj)      (--whole-archive)
app/libapp.a(classification.c.obj)
                              (--whole-archive)
app/libapp.a(display_data.c.obj)
                              (--whole-archive)
app/libapp.a(servo.c.obj)     (--whole-archive)
app/libapp.a(ultrasonic.c.obj)
                              (--whole-archive)
zephyr/libzephyr.a(heap.c.obj)
                              (--whole-archive)
zephyr/libzephyr.a(cbprintf_packaged.c.obj)
                              (--whole-archive)
zephyr/libzephyr.a(printk.c.obj)
                              (--whole-archive)
zephyr/libzephyr.a(sem.c.obj)
                              (--whole-archive)
zephyr/libzephyr.a(thread_entry.c.obj)
                              (--whole-archive)
zephyr/libzephyr.a(cbprintf_complete.c.obj)
                              (--whole-archive)
zephyr/libzephyr.a(assert.c.obj)
                              (--whole-archive)
zephyr/libzephyr.a(dec.c.obj)
                              (--whole-archive)
zephyr/libzephyr.a(hex.c.obj)
                              (--whole-archive)
zephyr/libzephyr.a(rb.c.obj)  (--whole-archive)
zephyr/libzephyr.a(timeutil.c.obj)
                              (--whole-archive)
zephyr/libzephyr.a(bitarray.c.obj)
                              (--whole-archive)
zephyr/libzephyr.a(onoff.c.obj)
                              (--whole-archive)
zephyr/libzephyr.a(notify.c.obj)
                              (--whole-archive)
zephyr/libzephyr.a(ring_buffer.c.obj)
                              (--whole-archive)
zephyr/libzephyr.a(configs.c.obj)
                              (--whole-archive)
zephyr/libzephyr.a(mem_attr.c.obj)
                              (--whole-archive)
zephyr/libzephyr.a(tracing_none.c.obj)
                              (--whole-archive)
zephyr/arch/common/libarch__common.a(sw_isr_common.c.obj)
                              (--whole-archive)
zephyr/arch/arch/arm/core/libarch__arm__core.a(fatal.c.obj)
                              (--whole-archive)
zephyr/arch/arch/arm/core/libarch__arm__core.a(nmi.c.obj)
                              (--whole-archive)
zephyr/arch/arch/arm/core/libarch__arm__core.a(nmi_on_reset.S.obj)
                              (--whole-archive)
zephyr/arch/arch/arm/core/libarch__arm__core.a(tls.c.obj)
                              (--whole-archive)
zephyr/arch/arch/arm/core/cortex_m/libarch__arm__core__cortex_m.a(exc_exit.c.obj)
                              (--whole-archive)
zephyr/arch/arch/arm/core/cortex_m/libarch__arm__core__cortex_m.a(fault.c.obj)
                              (--whole-archive)
zephyr/arch/arch/arm/core/cortex_m/libarch__arm__core__cortex_m.a(fault_s.S.obj)
                              (--whole-archive)
zephyr/arch/arch/arm/core/cortex_m/libarch__arm__core__cortex_m.a(fpu.c.obj)
                              (--whole-archive)
zephyr/arch/arch/arm/core/cortex_m/libarch__arm__core__cortex_m.a(reset.S.obj)
                              (--whole-archive)
zephyr/arch/arch/arm/core/cortex_m/libarch__arm__core__cortex_m.a(scb.c.obj)
                              (--whole-archive)
zephyr/arch/arch/arm/core/cortex_m/libarch__arm__core__cortex_m.a(thread_abort.c.obj)
                              (--whole-archive)
zephyr/arch/arch/arm/core/cortex_m/libarch__arm__core__cortex_m.a(vector_table.S.obj)
                              (--whole-archive)
zephyr/arch/arch/arm/core/cortex_m/libarch__arm__core__cortex_m.a(swap_helper.S.obj)
                              (--whole-archive)
zephyr/arch/arch/arm/core/cortex_m/libarch__arm__core__cortex_m.a(irq_manage.c.obj)
                              (--whole-archive)
zephyr/arch/arch/arm/core/cortex_m/libarch__arm__core__cortex_m.a(prep_c.c.obj)
                              (--whole-archive)
zephyr/arch/arch/arm/core/cortex_m/libarch__arm__core__cortex_m.a(thread.c.obj)
                              (--whole-archive)
zephyr/arch/arch/arm/core/cortex_m/libarch__arm__core__cortex_m.a(cpu_idle.c.obj)
                              (--whole-archive)
zephyr/arch/arch/arm/core/cortex_m/libarch__arm__core__cortex_m.a(irq_init.c.obj)
                              (--whole-archive)
zephyr/arch/arch/arm/core/cortex_m/libarch__arm__core__cortex_m.a(isr_wrapper.c.obj)
                              (--whole-archive)
zephyr/arch/arch/arm/core/cortex_m/libarch__arm__core__cortex_m.a(__aeabi_read_tp.S.obj)
                              (--whole-archive)
zephyr/arch/arch/arm/core/mpu/libarch__arm__core__mpu.a(arm_core_mpu.c.obj)
                              (--whole-archive)
zephyr/arch/arch/arm/core/mpu/libarch__arm__core__mpu.a(arm_mpu.c.obj)
                              (--whole-archive)
zephyr/arch/arch/arm/core/mpu/libarch__arm__core__mpu.a(arm_mpu_regions.c.obj)
                              (--whole-archive)
zephyr/lib/libc/picolibc/liblib__libc__picolibc.a(assert.c.obj)
                              (--whole-archive)
[...]
Memory Configuration

Name             Origin             Length             Attributes
FLASH            0x0000000000000000 0x0000000000100000 xr
RAM              0x0000000020000000 0x0000000000040000 xw
IDT_LIST         0x00000000ffff7fff 0x0000000000008000 xw
*default*        0x0000000000000000 0xffffffffffffffff

Linker script and memory map

                0x0000000000003cb4                vfprintf = __l_vfprintf
                0x0000000000000000                vfscanf = __l_vfscanf
LOAD zephyr/CMakeFiles/zephyr_final.dir/misc/empty_file.c.obj
LOAD zephyr/CMakeFiles/zephyr_final.dir/isr_tables.c.obj
LOAD zephyr/CMakeFiles/offsets.dir/./arch/arm/core/offsets/offsets.c.obj
LOAD app/libapp.a
LOAD zephyr/libzephyr.a
LOAD zephyr/arch/common/libarch__common.a
LOAD zephyr/arch/arch/arm/core/libarch__arm__core.a
LOAD zephyr/arch/arch/arm/core/cortex_m/libarch__arm__core__cortex_m.a
LOAD zephyr/arch/arch/arm/core/mpu/libarch__arm__core__mpu.a
LOAD zephyr/lib/libc/picolibc/liblib__libc__picolibc.a
LOAD zephyr/lib/libc/common/liblib__libc__common.a
LOAD zephyr/soc/soc/nrf52840/libsoc__nordic.a
LOAD zephyr/drivers/clock_control/libdrivers__clock_control.a
LOAD zephyr/drivers/console/libdrivers__console.a
LOAD zephyr/drivers/gpio/libdrivers__gpio.a
LOAD zephyr/drivers/led/libdrivers__led.a
LOAD zephyr/drivers/pinctrl/libdrivers__pinctrl.a
LOAD zephyr/drivers/pwm/libdrivers__pwm.a
LOAD zephyr/drivers/serial/libdrivers__serial.a
LOAD zephyr/drivers/timer/libdrivers__timer.a
LOAD modules/hal_nordic/nrfx/libmodules__hal_nordic__nrfx.a
LOAD modules/segger/libmodules__segger.a
LOAD zephyr/kernel/libkernel.a
LOAD zephyr/arch/common/libisr_tables.a
LOAD /Users/wendi/zephyr_install/zephyr-sdk-0.17.0/arm-zephyr-eabi/bin/../lib/gcc/../../picolibc/arm-zephyr-eabi/lib/thumb/v7e-m/nofp/libc.a
LOAD /Users/wendi/zephyr_install/zephyr-sdk-0.17.0/arm-zephyr-eabi/bin/../lib/gcc/arm-zephyr-eabi/12.2.0/thumb/v7e-m/nofp/libgcc.a
                0x0000000000000020                _region_min_align = 0x20

.rel.plt        0x0000000000000000        0x0
 *(SORT_BY_ALIGNMENT(.rel.plt))
                [!provide]                        PROVIDE (__rel_iplt_start = .)
 *(SORT_BY_ALIGNMENT(.rel.iplt))
 .rel.iplt      0x0000000000000000        0x0 zephyr/CMakeFiles/zephyr_final.dir/isr_tables.c.obj
                [!provide]                        PROVIDE (__rel_iplt_end = .)

.rela.plt       0x0000000000000000        0x0
 *(SORT_BY_ALIGNMENT(.rela.plt))
                [!provide]                        PROVIDE (__rela_iplt_start = .)
 *(SORT_BY_ALIGNMENT(.rela.iplt))
                [!provide]                        PROVIDE (__rela_iplt_end = .)

.rel.dyn
 *(SORT_BY_ALIGNMENT(.rel.*))

.rela.dyn
 *(SORT_BY_ALIGNMENT(.rela.*))

/DISCARD/
 *(SORT_BY_ALIGNMENT(.plt))

/DISCARD/
 *(SORT_BY_ALIGNMENT(.iplt))
                0x0000000000000000                __rom_region_start = 0x0

rom_start       0x0000000000000000      0x100
                0x0000000000000000                __rom_start_address = .
 FILL mask 0x00
                0x0000000000000000                . = (. + (0x0 - (. - __rom_start_address)))
                0x0000000000000000                . = ALIGN (0x4)
                0x0000000000000000                . = ALIGN (0x80)
                0x0000000000000000                . = ALIGN (0x100)
                0x0000000000000000                _vector_start = .
 *(SORT_BY_ALIGNMENT(.exc_vector_table))
 *(SORT_BY_ALIGNMENT(.exc_vector_table.*))
 .exc_vector_table._vector_table_section
                0x0000000000000000       0x40 zephyr/arch/arch/arm/core/cortex_m/libarch__arm__core__cortex_m.a(vector_table.S.obj)
                0x0000000000000000                _vector_table
 *(SORT_BY_ALIGNMENT(.vectors))
                0x0000000000000100                _vector_end = .
                0x0000000000000040                . = ALIGN (0x4)
 *(SORT_BY_ALIGNMENT(.gnu.linkonce.irq_vector_table*))
 .gnu.linkonce.irq_vector_table
                0x0000000000000040       0xc0 zephyr/CMakeFiles/zephyr_final.dir/isr_tables.c.obj
                0x0000000000000040                _irq_vector_table
                0x0000000000000100                _vector_end = .

text            0x0000000000000100     0x4de4
                0x0000000000000100                __text_region_start = .
 *(SORT_BY_ALIGNMENT(.text))
 .text          0x0000000000000100       0x30 /Users/wendi/zephyr_install/zephyr-sdk-0.17.0/arm-zephyr-eabi/bin/../lib/gcc/arm-zephyr-eabi/12.2.0/thumb/v7e-m/nofp/libgcc.a(_aeabi_uldivmod.o)
                0x0000000000000100                __aeabi_uldivmod
 .text          0x0000000000000130        0x4 /Users/wendi/zephyr_install/zephyr-sdk-0.17.0/arm-zephyr-eabi/bin/../lib/gcc/arm-zephyr-eabi/12.2.0/thumb/v7e-m/nofp/libgcc.a(_dvmd_tls.o)
                0x0000000000000130                __aeabi_ldiv0
                0x0000000000000130                __aeabi_idiv0
 .text          0x0000000000000134      0x2a0 /Users/wendi/zephyr_install/zephyr-sdk-0.17.0/arm-zephyr-eabi/bin/../lib/gcc/arm-zephyr-eabi/12.2.0/thumb/v7e-m/nofp/libgcc.a(_udivmoddi4.o)
                0x0000000000000134                __udivmoddi4
 *(SORT_BY_ALIGNMENT(.text.*))
 *fill*         0x00000000000003d4        0x4 
 .text.set_position
                0x00000000000003d8       0xbc app/libapp.a(servo.c.obj)
                0x00000000000003d8                set_position
 *fill*         0x0000000000000494        0x4 
 .text.pwm_set  0x0000000000000498       0x9c zephyr/drivers/led/libdrivers__led.a(led_pwm.c.obj)
 .text.main     0x0000000000000534       0x14 app/libapp.a(main.c.obj)
                0x0000000000000534                main
 .text.test     0x0000000000000548       0x28 app/libapp.a(servo.c.obj)
                0x0000000000000548                test
 .text.char_out
                0x0000000000000570        0xc zephyr/libzephyr.a(printk.c.obj)
 .text.__printk_hook_install
                0x000000000000057c        0xc zephyr/libzephyr.a(printk.c.obj)
                0x000000000000057c                __printk_hook_install
 .text.vprintk  0x0000000000000588       0x30 zephyr/libzephyr.a(printk.c.obj)
                0x0000000000000588                vprintk
 .text.z_thread_entry
                0x00000000000005b8       0x34 zephyr/libzephyr.a(thread_entry.c.obj)
                0x00000000000005b8                z_thread_entry
 .text.process_event
                0x00000000000005ec      0x21c zephyr/libzephyr.a(onoff.c.obj)
 .text.mem_attr_get_regions
                0x0000000000000808        0xc zephyr/libzephyr.a(mem_attr.c.obj)
                0x0000000000000808                mem_attr_get_regions
 .text.z_SysNmiOnReset
                0x0000000000000814        0x8 zephyr/arch/arch/arm/core/libarch__arm__core.a(nmi_on_reset.S.obj)
                0x0000000000000814                z_SysNmiOnReset
 .text.arch_tls_stack_setup
                0x000000000000081c       0x40 zephyr/arch/arch/arm/core/libarch__arm__core.a(tls.c.obj)
                0x000000000000081c                arch_tls_stack_setup
 .text._HandlerModeExit
                0x000000000000085c       0x20 zephyr/arch/arch/arm/core/cortex_m/libarch__arm__core__cortex_m.a(exc_exit.c.obj)
                0x000000000000085c                z_arm_exc_exit
                0x000000000000085c                z_arm_int_exit
 .text.mem_manage_fault
                0x000000000000087c       0xa0 zephyr/arch/arch/arm/core/cortex_m/libarch__arm__core__cortex_m.a(fault.c.obj)
 .text.usage_fault.constprop.0
                0x000000000000091c       0x54 zephyr/arch/arch/arm/core/cortex_m/libarch__arm__core__cortex_m.a(fault.c.obj)
 .text.bus_fault.constprop.0
                0x0000000000000970       0x6c zephyr/arch/arch/arm/core/cortex_m/libarch__arm__core__cortex_m.a(fault.c.obj)
 .text.z_arm_fault
                0x00000000000009dc      0x128 zephyr/arch/arch/arm/core/cortex_m/libarch__arm__core__cortex_m.a(fault.c.obj)
                0x00000000000009dc                z_arm_fault
 .text.z_arm_fault_init
                0x0000000000000b04       0x18 zephyr/arch/arch/arm/core/cortex_m/libarch__arm__core__cortex_m.a(fault.c.obj)
                0x0000000000000b04                z_arm_fault_init
 .text.__fault  0x0000000000000b1c       0x14 zephyr/arch/arch/arm/core/cortex_m/libarch__arm__core__cortex_m.a(fault_s.S.obj)
                0x0000000000000b1c                z_arm_bus_fault
                0x0000000000000b1c                z_arm_usage_fault
                0x0000000000000b1c                z_arm_mpu_fault
                0x0000000000000b1c                z_arm_exc_spurious
                0x0000000000000b1c                z_arm_debug_monitor
                0x0000000000000b1c                z_arm_hard_fault
 .text._reset_section
                0x0000000000000b30       0x30 zephyr/arch/arch/arm/core/cortex_m/libarch__arm__core__cortex_m.a(reset.S.obj)
                0x0000000000000b30                z_arm_reset
                0x0000000000000b30                __start
 .text.z_impl_k_thread_abort
                0x0000000000000b60       0x2c zephyr/arch/arch/arm/core/cortex_m/libarch__arm__core__cortex_m.a(thread_abort.c.obj)
                0x0000000000000b60                z_impl_k_thread_abort
 .text.z_arm_pendsv
                0x0000000000000b8c       0x60 zephyr/arch/arch/arm/core/cortex_m/libarch__arm__core__cortex_m.a(swap_helper.S.obj)
                0x0000000000000b8c                z_arm_pendsv
 .text.z_arm_svc
                0x0000000000000bec       0x24 zephyr/arch/arch/arm/core/cortex_m/libarch__arm__core__cortex_m.a(swap_helper.S.obj)
                0x0000000000000bec                z_arm_svc
 .text.arch_irq_enable
                0x0000000000000c10       0x1c zephyr/arch/arch/arm/core/cortex_m/libarch__arm__core__cortex_m.a(irq_manage.c.obj)
                0x0000000000000c10                arch_irq_enable
 .text.arch_irq_is_enabled
                0x0000000000000c2c       0x1c zephyr/arch/arch/arm/core/cortex_m/libarch__arm__core__cortex_m.a(irq_manage.c.obj)
                0x0000000000000c2c                arch_irq_is_enabled
 .text.z_arm_irq_priority_set
                0x0000000000000c48       0x30 zephyr/arch/arch/arm/core/cortex_m/libarch__arm__core__cortex_m.a(irq_manage.c.obj)
                0x0000000000000c48                z_arm_irq_priority_set
 .text.z_prep_c
                0x0000000000000c78       0x48 zephyr/arch/arch/arm/core/cortex_m/libarch__arm__core__cortex_m.a(prep_c.c.obj)
                0x0000000000000c78                z_prep_c
 .text.arch_new_thread
                0x0000000000000cc0       0x38 zephyr/arch/arch/arm/core/cortex_m/libarch__arm__core__cortex_m.a(thread.c.obj)
                0x0000000000000cc0                arch_new_thread
 .text.z_check_thread_stack_fail
                0x0000000000000cf8       0x2c zephyr/arch/arch/arm/core/cortex_m/libarch__arm__core__cortex_m.a(thread.c.obj)
                0x0000000000000cf8                z_check_thread_stack_fail
 .text.arch_switch_to_main_thread
                0x0000000000000d24       0x3c zephyr/arch/arch/arm/core/cortex_m/libarch__arm__core__cortex_m.a(thread.c.obj)
                0x0000000000000d24                arch_switch_to_main_thread
 .text.z_arm_cpu_idle_init
                0x0000000000000d60        0xc zephyr/arch/arch/arm/core/cortex_m/libarch__arm__core__cortex_m.a(cpu_idle.c.obj)
                0x0000000000000d60                z_arm_cpu_idle_init
 .text.z_arm_interrupt_init
                0x0000000000000d6c       0x18 zephyr/arch/arch/arm/core/cortex_m/libarch__arm__core__cortex_m.a(irq_init.c.obj)
                0x0000000000000d6c                z_arm_interrupt_init
 .text._isr_wrapper
                0x0000000000000d84       0x24 zephyr/arch/arch/arm/core/cortex_m/libarch__arm__core__cortex_m.a(isr_wrapper.c.obj)
                0x0000000000000d84                _isr_wrapper
 .text.z_arm_configure_static_mpu_regions
                0x0000000000000da8       0x18 zephyr/arch/arch/arm/core/mpu/libarch__arm__core__mpu.a(arm_core_mpu.c.obj)
                0x0000000000000da8                z_arm_configure_static_mpu_regions
 .text.z_arm_configure_dynamic_mpu_regions
                0x0000000000000dc0       0x20 zephyr/arch/arch/arm/core/mpu/libarch__arm__core__mpu.a(arm_core_mpu.c.obj)
                0x0000000000000dc0                z_arm_configure_dynamic_mpu_regions
 .text.region_init
                0x0000000000000de0       0x28 zephyr/arch/arch/arm/core/mpu/libarch__arm__core__mpu.a(arm_mpu.c.obj)
 .text.mpu_configure_regions
                0x0000000000000e08       0x6c zephyr/arch/arch/arm/core/mpu/libarch__arm__core__mpu.a(arm_mpu.c.obj)
 .text.arm_core_mpu_enable
                0x0000000000000e74       0x18 zephyr/arch/arch/arm/core/mpu/libarch__arm__core__mpu.a(arm_mpu.c.obj)
                0x0000000000000e74                arm_core_mpu_enable
 .text.arm_core_mpu_disable
                0x0000000000000e8c       0x14 zephyr/arch/arch/arm/core/mpu/libarch__arm__core__mpu.a(arm_mpu.c.obj)
                0x0000000000000e8c                arm_core_mpu_disable
 .text.arm_core_mpu_configure_static_mpu_regions
                0x0000000000000ea0       0x14 zephyr/arch/arch/arm/core/mpu/libarch__arm__core__mpu.a(arm_mpu.c.obj)
                0x0000000000000ea0                arm_core_mpu_configure_static_mpu_regions
 .text.arm_core_mpu_configure_dynamic_mpu_regions
                0x0000000000000eb4       0x38 zephyr/arch/arch/arm/core/mpu/libarch__arm__core__mpu.a(arm_mpu.c.obj)
                0x0000000000000eb4                arm_core_mpu_configure_dynamic_mpu_regions
 .text.z_arm_mpu_init
                0x0000000000000eec      0x168 zephyr/arch/arch/arm/core/mpu/libarch__arm__core__mpu.a(arm_mpu.c.obj)
                0x0000000000000eec                z_arm_mpu_init
 .text.z_impl_zephyr_fputc
                0x0000000000001054       0x10 zephyr/lib/libc/picolibc/liblib__libc__picolibc.a(stdio.c.obj)
                0x0000000000001054                z_impl_zephyr_fputc
 .text.__stdout_hook_install
                0x0000000000001064       0x18 zephyr/lib/libc/picolibc/liblib__libc__picolibc.a(stdio.c.obj)
                0x0000000000001064                __stdout_hook_install
 .text.malloc_prepare
                0x000000000000107c       0x24 zephyr/lib/libc/common/liblib__libc__common.a(malloc.c.obj)
 .text.nordicsemi_nrf52_init
                0x00000000000010a0       0x44 zephyr/soc/soc/nrf52840/libsoc__nordic.a(soc.c.obj)
 .text.arch_busy_wait
                0x00000000000010e4       0x14 zephyr/soc/soc/nrf52840/libsoc__nordic.a(soc.c.obj)
                0x00000000000010e4                arch_busy_wait
 .text.onoff_stop
                0x00000000000010f8       0x30 zephyr/drivers/clock_control/libdrivers__clock_control.a(clock_control_nrf.c.obj)
 .text.onoff_start
                0x0000000000001128       0x44 zephyr/drivers/clock_control/libdrivers__clock_control.a(clock_control_nrf.c.obj)
 .text.generic_hfclk_stop
                0x000000000000116c       0x34 zephyr/drivers/clock_control/libdrivers__clock_control.a(clock_control_nrf.c.obj)
 .text.clk_init
                0x00000000000011a0       0x58 zephyr/drivers/clock_control/libdrivers__clock_control.a(clock_control_nrf.c.obj)
 .text.api_blocking_start
                0x00000000000011f8       0x34 zephyr/drivers/clock_control/libdrivers__clock_control.a(clock_control_nrf.c.obj)
 .text.clkstarted_handle.constprop.0
                0x000000000000122c       0x4c zephyr/drivers/clock_control/libdrivers__clock_control.a(clock_control_nrf.c.obj)
 .text.generic_hfclk_start
                0x0000000000001278       0x78 zephyr/drivers/clock_control/libdrivers__clock_control.a(clock_control_nrf.c.obj)
 .text.clock_event_handler
                0x00000000000012f0       0x1c zephyr/drivers/clock_control/libdrivers__clock_control.a(clock_control_nrf.c.obj)
 .text.z_nrf_clock_control_lf_on
                0x000000000000130c       0xfc zephyr/drivers/clock_control/libdrivers__clock_control.a(clock_control_nrf.c.obj)
                0x000000000000130c                z_nrf_clock_control_lf_on
 .text.uart_console_init
                0x0000000000001408       0x28 zephyr/drivers/console/libdrivers__console.a(uart_console.c.obj)
 .text.console_out
                0x0000000000001430       0x28 zephyr/drivers/console/libdrivers__console.a(uart_console.c.obj)
 .text.gpio_nrfx_pin_interrupt_configure
                0x0000000000001458      0x100 zephyr/drivers/gpio/libdrivers__gpio.a(gpio_nrfx.c.obj)
 .text.gpio_nrfx_init
                0x0000000000001558       0x48 zephyr/drivers/gpio/libdrivers__gpio.a(gpio_nrfx.c.obj)
 .text.nrfx_gpio_handler
                0x00000000000015a0       0x4c zephyr/drivers/gpio/libdrivers__gpio.a(gpio_nrfx.c.obj)
 .text.gpio_nrfx_pin_configure
                0x00000000000015ec      0x18c zephyr/drivers/gpio/libdrivers__gpio.a(gpio_nrfx.c.obj)
 .text.nrf_gpio_pin_port_decode
                0x0000000000001778       0x20 zephyr/drivers/pinctrl/libdrivers__pinctrl.a(pinctrl_nrf.c.obj)
 .text.pinctrl_configure_pins
                0x0000000000001798      0x1a4 zephyr/drivers/pinctrl/libdrivers__pinctrl.a(pinctrl_nrf.c.obj)
                0x0000000000001798                pinctrl_configure_pins
 .text.nrf_gpio_pin_port_decode
                0x000000000000193c       0x20 zephyr/drivers/pwm/libdrivers__pwm.a(pwm_nrfx.c.obj)
 .text.pwm_nrfx_init0
                0x000000000000195c       0xac zephyr/drivers/pwm/libdrivers__pwm.a(pwm_nrfx.c.obj)
 .text.uarte_nrfx_poll_out
                0x0000000000001a08       0xb4 zephyr/drivers/serial/libdrivers__serial.a(uart_nrfx_uarte.c.obj)
 .text.uarte_0_init
                0x0000000000001abc      0x108 zephyr/drivers/serial/libdrivers__serial.a(uart_nrfx_uarte.c.obj)
 .text.compare_int_lock
                0x0000000000001bc4       0x48 zephyr/drivers/timer/libdrivers__timer.a(nrf_rtc_timer.c.obj)
 .text.sys_clock_timeout_handler
                0x0000000000001c0c       0x48 zephyr/drivers/timer/libdrivers__timer.a(nrf_rtc_timer.c.obj)
 .text.compare_int_unlock
                0x0000000000001c54       0x5c zephyr/drivers/timer/libdrivers__timer.a(nrf_rtc_timer.c.obj)
 .text.z_nrf_rtc_timer_read
                0x0000000000001cb0       0x44 zephyr/drivers/timer/libdrivers__timer.a(nrf_rtc_timer.c.obj)
                0x0000000000001cb0                z_nrf_rtc_timer_read
 .text.compare_set
                0x0000000000001cf4      0x130 zephyr/drivers/timer/libdrivers__timer.a(nrf_rtc_timer.c.obj)
 .text.sys_clock_driver_init
                0x0000000000001e24       0x90 zephyr/drivers/timer/libdrivers__timer.a(nrf_rtc_timer.c.obj)
 .text.rtc_nrf_isr
                0x0000000000001eb4       0xd4 zephyr/drivers/timer/libdrivers__timer.a(nrf_rtc_timer.c.obj)
                0x0000000000001eb4                rtc_nrf_isr
 .text.sys_clock_set_timeout
                0x0000000000001f88       0x5c zephyr/drivers/timer/libdrivers__timer.a(nrf_rtc_timer.c.obj)
                0x0000000000001f88                sys_clock_set_timeout
 .text.sys_clock_elapsed
                0x0000000000001fe4       0x14 zephyr/drivers/timer/libdrivers__timer.a(nrf_rtc_timer.c.obj)
                0x0000000000001fe4                sys_clock_elapsed
 .text.nrf52_errata_98
                0x0000000000001ff8       0x24 modules/hal_nordic/nrfx/libmodules__hal_nordic__nrfx.a(system_nrf52840.c.obj)
 .text.nvmc_wait
                0x000000000000201c       0x10 modules/hal_nordic/nrfx/libmodules__hal_nordic__nrfx.a(system_nrf52840.c.obj)
                0x000000000000201c                nvmc_wait
 .text.SystemInit
                0x000000000000202c      0x1bc modules/hal_nordic/nrfx/libmodules__hal_nordic__nrfx.a(system_nrf52840.c.obj)
                0x000000000000202c                SystemInit
 .text.nrfx_flag32_alloc
                0x00000000000021e8       0x48 modules/hal_nordic/nrfx/libmodules__hal_nordic__nrfx.a(nrfx_flag32_allocator.c.obj)
                0x00000000000021e8                nrfx_flag32_alloc
 .text.nrfx_flag32_free
                0x0000000000002230       0x40 modules/hal_nordic/nrfx/libmodules__hal_nordic__nrfx.a(nrfx_flag32_allocator.c.obj)
                0x0000000000002230                nrfx_flag32_free
 .text.nrfx_gppi_channels_enable
                0x0000000000002270        0xc modules/hal_nordic/nrfx/libmodules__hal_nordic__nrfx.a(nrfx_gppi_ppi.c.obj)
                0x0000000000002270                nrfx_gppi_channels_enable
 .text.clock_stop
                0x000000000000227c       0xc4 modules/hal_nordic/nrfx/libmodules__hal_nordic__nrfx.a(nrfx_clock.c.obj)
 .text.nrfx_clock_init
                0x0000000000002340       0x20 modules/hal_nordic/nrfx/libmodules__hal_nordic__nrfx.a(nrfx_clock.c.obj)
                0x0000000000002340                nrfx_clock_init
 .text.nrfx_clock_enable
                0x0000000000002360       0x24 modules/hal_nordic/nrfx/libmodules__hal_nordic__nrfx.a(nrfx_clock.c.obj)
                0x0000000000002360                nrfx_clock_enable
 .text.nrfx_clock_start
                0x0000000000002384       0xa8 modules/hal_nordic/nrfx/libmodules__hal_nordic__nrfx.a(nrfx_clock.c.obj)
                0x0000000000002384                nrfx_clock_start
 .text.nrfx_power_clock_irq_handler
                0x000000000000242c       0x68 modules/hal_nordic/nrfx/libmodules__hal_nordic__nrfx.a(nrfx_clock.c.obj)
                0x000000000000242c                nrfx_power_clock_irq_handler
 .text.nrf_gpio_pin_port_decode
                0x0000000000002494       0x20 modules/hal_nordic/nrfx/libmodules__hal_nordic__nrfx.a(nrfx_gpiote.c.obj)
 .text.get_pin_idx
                0x00000000000024b4       0x14 modules/hal_nordic/nrfx/libmodules__hal_nordic__nrfx.a(nrfx_gpiote.c.obj)
 .text.call_handler.constprop.0
                0x00000000000024c8       0x40 modules/hal_nordic/nrfx/libmodules__hal_nordic__nrfx.a(nrfx_gpiote.c.obj)
 .text.pin_te_get.constprop.0
                0x0000000000002508       0x18 modules/hal_nordic/nrfx/libmodules__hal_nordic__nrfx.a(nrfx_gpiote.c.obj)
 .text.pin_is_output.constprop.0
                0x0000000000002520       0x18 modules/hal_nordic/nrfx/libmodules__hal_nordic__nrfx.a(nrfx_gpiote.c.obj)
 .text.pin_in_use_by_te.constprop.0
                0x0000000000002538       0x18 modules/hal_nordic/nrfx/libmodules__hal_nordic__nrfx.a(nrfx_gpiote.c.obj)
 .text.latch_pending_read_and_check
                0x0000000000002550       0x40 modules/hal_nordic/nrfx/libmodules__hal_nordic__nrfx.a(nrfx_gpiote.c.obj)
 .text.release_handler.isra.0
                0x0000000000002590       0x58 modules/hal_nordic/nrfx/libmodules__hal_nordic__nrfx.a(nrfx_gpiote.c.obj)
 .text.__nrfy_internal_gpiote_events_process.constprop.0
                0x00000000000025e8       0x5c modules/hal_nordic/nrfx/libmodules__hal_nordic__nrfx.a(nrfx_gpiote.c.obj)
 .text.pin_uninit
                0x0000000000002644       0x80 modules/hal_nordic/nrfx/libmodules__hal_nordic__nrfx.a(nrfx_gpiote.c.obj)
 .text.nrfx_gpiote_input_configure
                0x00000000000026c4      0x174 modules/hal_nordic/nrfx/libmodules__hal_nordic__nrfx.a(nrfx_gpiote.c.obj)
                0x00000000000026c4                nrfx_gpiote_input_configure
 .text.nrfx_gpiote_output_configure
                0x0000000000002838       0xfc modules/hal_nordic/nrfx/libmodules__hal_nordic__nrfx.a(nrfx_gpiote.c.obj)
                0x0000000000002838                nrfx_gpiote_output_configure
 .text.nrfx_gpiote_global_callback_set
                0x0000000000002934        0xc modules/hal_nordic/nrfx/libmodules__hal_nordic__nrfx.a(nrfx_gpiote.c.obj)
                0x0000000000002934                nrfx_gpiote_global_callback_set
 .text.nrfx_gpiote_channel_get
                0x0000000000002940       0x34 modules/hal_nordic/nrfx/libmodules__hal_nordic__nrfx.a(nrfx_gpiote.c.obj)
                0x0000000000002940                nrfx_gpiote_channel_get
 .text.nrfx_gpiote_init
                0x0000000000002974       0x68 modules/hal_nordic/nrfx/libmodules__hal_nordic__nrfx.a(nrfx_gpiote.c.obj)
                0x0000000000002974                nrfx_gpiote_init
 .text.nrfx_gpiote_init_check
                0x00000000000029dc       0x14 modules/hal_nordic/nrfx/libmodules__hal_nordic__nrfx.a(nrfx_gpiote.c.obj)
                0x00000000000029dc                nrfx_gpiote_init_check
 .text.nrfx_gpiote_channel_free
                0x00000000000029f0        0xc modules/hal_nordic/nrfx/libmodules__hal_nordic__nrfx.a(nrfx_gpiote.c.obj)
                0x00000000000029f0                nrfx_gpiote_channel_free
 .text.nrfx_gpiote_channel_alloc
                0x00000000000029fc        0xc modules/hal_nordic/nrfx/libmodules__hal_nordic__nrfx.a(nrfx_gpiote.c.obj)
                0x00000000000029fc                nrfx_gpiote_channel_alloc
 .text.nrfx_gpiote_trigger_enable
                0x0000000000002a08       0xb0 modules/hal_nordic/nrfx/libmodules__hal_nordic__nrfx.a(nrfx_gpiote.c.obj)
                0x0000000000002a08                nrfx_gpiote_trigger_enable
 .text.nrfx_gpiote_0_irq_handler
                0x0000000000002ab8      0x1bc modules/hal_nordic/nrfx/libmodules__hal_nordic__nrfx.a(nrfx_gpiote.c.obj)
                0x0000000000002ab8                nrfx_gpiote_0_irq_handler
 .text.nrfx_ppi_channel_alloc
                0x0000000000002c74        0xc modules/hal_nordic/nrfx/libmodules__hal_nordic__nrfx.a(nrfx_ppi.c.obj)
                0x0000000000002c74                nrfx_ppi_channel_alloc
 .text.nrf_gpio_pin_port_decode
                0x0000000000002c80       0x20 modules/hal_nordic/nrfx/libmodules__hal_nordic__nrfx.a(nrfx_pwm.c.obj)
 .text.pwm_stopped_check
                0x0000000000002ca0       0x34 modules/hal_nordic/nrfx/libmodules__hal_nordic__nrfx.a(nrfx_pwm.c.obj)
 .text.pwm_configure
                0x0000000000002cd4       0xe8 modules/hal_nordic/nrfx/libmodules__hal_nordic__nrfx.a(nrfx_pwm.c.obj)
 .text.nrfx_pwm_init
                0x0000000000002dbc       0x4c modules/hal_nordic/nrfx/libmodules__hal_nordic__nrfx.a(nrfx_pwm.c.obj)
                0x0000000000002dbc                nrfx_pwm_init
 .text.nrfx_pwm_simple_playback
                0x0000000000002e08       0x7c modules/hal_nordic/nrfx/libmodules__hal_nordic__nrfx.a(nrfx_pwm.c.obj)
                0x0000000000002e08                nrfx_pwm_simple_playback
 .text.nrfx_pwm_stop
                0x0000000000002e84       0x44 modules/hal_nordic/nrfx/libmodules__hal_nordic__nrfx.a(nrfx_pwm.c.obj)
                0x0000000000002e84                nrfx_pwm_stop
 .text.nrfx_pwm_0_irq_handler
                0x0000000000002ec8       0x78 modules/hal_nordic/nrfx/libmodules__hal_nordic__nrfx.a(nrfx_pwm.c.obj)
                0x0000000000002ec8                nrfx_pwm_0_irq_handler
 .text._DoInit  0x0000000000002f40       0x68 modules/segger/libmodules__segger.a(SEGGER_RTT.c.obj)
 .text.SEGGER_RTT_Init
                0x0000000000002fa8       0x3c modules/segger/libmodules__segger.a(SEGGER_RTT.c.obj)
                0x0000000000002fa8                SEGGER_RTT_Init
 .text.z_fatal_error
                0x0000000000002fe4       0x30 zephyr/kernel/libkernel.a(fatal.c.obj)
                0x0000000000002fe4                z_fatal_error
 .text.z_sys_init_run_level
                0x0000000000003014       0x2c zephyr/kernel/libkernel.a(init.c.obj)
 .text.bg_thread_main
                0x0000000000003040       0xc4 zephyr/kernel/libkernel.a(init.c.obj)
 .text.z_bss_zero
                0x0000000000003104       0x18 zephyr/kernel/libkernel.a(init.c.obj)
                0x0000000000003104                z_bss_zero
 .text.z_init_cpu
                0x000000000000311c       0x70 zephyr/kernel/libkernel.a(init.c.obj)
                0x000000000000311c                z_init_cpu
 .text.z_cstart
                0x000000000000318c       0xd0 zephyr/kernel/libkernel.a(init.c.obj)
                0x000000000000318c                z_cstart
 .text.z_impl_k_sem_give
                0x000000000000325c       0x68 zephyr/kernel/libkernel.a(sem.c.obj)
                0x000000000000325c                z_impl_k_sem_give
 .text.z_impl_k_sem_take
                0x00000000000032c4       0x4c zephyr/kernel/libkernel.a(sem.c.obj)
                0x00000000000032c4                z_impl_k_sem_take
 .text.z_setup_new_thread
                0x0000000000003310       0x98 zephyr/kernel/libkernel.a(thread.c.obj)
                0x0000000000003310                z_setup_new_thread
 .text.z_dummy_thread_init
                0x00000000000033a8       0x18 zephyr/kernel/libkernel.a(thread.c.obj)
                0x00000000000033a8                z_dummy_thread_init
 .text.z_swap_irqlock
                0x00000000000033c0       0x30 zephyr/kernel/libkernel.a(sched.c.obj)
 .text.ready_thread
                0x00000000000033f0       0x84 zephyr/kernel/libkernel.a(sched.c.obj)
 .text.unready_thread
                0x0000000000003474       0x54 zephyr/kernel/libkernel.a(sched.c.obj)
 .text.move_thread_to_end_of_prio_q
                0x00000000000034c8       0x90 zephyr/kernel/libkernel.a(sched.c.obj)
                0x00000000000034c8                move_thread_to_end_of_prio_q
 .text.z_pend_curr
                0x0000000000003558       0x58 zephyr/kernel/libkernel.a(sched.c.obj)
                0x0000000000003558                z_pend_curr
 .text.z_reschedule
                0x00000000000035b0       0x24 zephyr/kernel/libkernel.a(sched.c.obj)
                0x00000000000035b0                z_reschedule
 .text.z_reschedule_irqlock
                0x00000000000035d4       0x28 zephyr/kernel/libkernel.a(sched.c.obj)
                0x00000000000035d4                z_reschedule_irqlock
 .text.k_sched_lock
                0x00000000000035fc       0x28 zephyr/kernel/libkernel.a(sched.c.obj)
                0x00000000000035fc                k_sched_lock
 .text.k_sched_unlock
                0x0000000000003624       0x68 zephyr/kernel/libkernel.a(sched.c.obj)
                0x0000000000003624                k_sched_unlock
 .text.z_sched_init
                0x000000000000368c       0x10 zephyr/kernel/libkernel.a(sched.c.obj)
                0x000000000000368c                z_sched_init
 .text.z_impl_k_yield
                0x000000000000369c       0x88 zephyr/kernel/libkernel.a(sched.c.obj)
                0x000000000000369c                z_impl_k_yield
 .text.z_tick_sleep
                0x0000000000003724       0x80 zephyr/kernel/libkernel.a(sched.c.obj)
 .text.z_impl_k_wakeup
                0x00000000000037a4       0x48 zephyr/kernel/libkernel.a(sched.c.obj)
                0x00000000000037a4                z_impl_k_wakeup
 .text.z_impl_k_sched_current_thread_query
                0x00000000000037ec        0xc zephyr/kernel/libkernel.a(sched.c.obj)
                0x00000000000037ec                z_impl_k_sched_current_thread_query
 .text.z_thread_abort
                0x00000000000037f8      0x138 zephyr/kernel/libkernel.a(sched.c.obj)
                0x00000000000037f8                z_thread_abort
 .text.slice_timeout
                0x0000000000003930       0x20 zephyr/kernel/libkernel.a(timeslicing.c.obj)
 .text.thread_is_sliceable
                0x0000000000003950       0x3c zephyr/kernel/libkernel.a(timeslicing.c.obj)
                0x0000000000003950                thread_is_sliceable
 .text.z_reset_time_slice
                0x000000000000398c       0x50 zephyr/kernel/libkernel.a(timeslicing.c.obj)
                0x000000000000398c                z_reset_time_slice
 .text.z_time_slice
                0x00000000000039dc       0x60 zephyr/kernel/libkernel.a(timeslicing.c.obj)
                0x00000000000039dc                z_time_slice
 .text.z_data_copy
                0x0000000000003a3c       0x38 zephyr/kernel/libkernel.a(xip.c.obj)
                0x0000000000003a3c                z_data_copy
 .text.first    0x0000000000003a74       0x10 zephyr/kernel/libkernel.a(timeout.c.obj)
 .text.elapsed  0x0000000000003a84       0x14 zephyr/kernel/libkernel.a(timeout.c.obj)
 .text.remove_timeout
                0x0000000000003a98       0x38 zephyr/kernel/libkernel.a(timeout.c.obj)
 .text.z_add_timeout
                0x0000000000003ad0       0xec zephyr/kernel/libkernel.a(timeout.c.obj)
                0x0000000000003ad0                z_add_timeout
 .text.sys_clock_announce
                0x0000000000003bbc       0xbc zephyr/kernel/libkernel.a(timeout.c.obj)
                0x0000000000003bbc                sys_clock_announce
 .text.sys_clock_tick_get
                0x0000000000003c78       0x30 zephyr/kernel/libkernel.a(timeout.c.obj)
                0x0000000000003c78                sys_clock_tick_get
 .text.boot_banner
                0x0000000000003ca8        0xc zephyr/kernel/libkernel.a(banner.c.obj)
                0x0000000000003ca8                boot_banner
 .text.__l_vfprintf
                0x0000000000003cb4      0x4b8 /Users/wendi/zephyr_install/zephyr-sdk-0.17.0/arm-zephyr-eabi/bin/../lib/gcc/../../picolibc/arm-zephyr-eabi/lib/thumb/v7e-m/nofp/libc.a(libc_tinystdio_vflprintf.c.o)
                0x0000000000003cb4                __l_vfprintf
 .text._OffsetAbsSyms
                0x000000000000416c        0x2 zephyr/CMakeFiles/offsets.dir/./arch/arm/core/offsets/offsets.c.obj
                0x000000000000416c                _OffsetAbsSyms
 .text.chunk_size
                0x000000000000416e        0xa zephyr/libzephyr.a(heap.c.obj)
 .text.free_list_add
                0x0000000000004178       0x4e zephyr/libzephyr.a(heap.c.obj)
 .text.sys_heap_init
                0x00000000000041c6       0x7a zephyr/libzephyr.a(heap.c.obj)
                0x00000000000041c6                sys_heap_init
 .text.arch_printk_char_out
                0x0000000000004240        0x4 zephyr/libzephyr.a(printk.c.obj)
                0x0000000000004240                arch_printk_char_out
 .text.printk   0x0000000000004244       0x1a zephyr/libzephyr.a(printk.c.obj)
                0x0000000000004244                printk
 .text.process_recheck
                0x000000000000425e       0x38 zephyr/libzephyr.a(onoff.c.obj)
 .text.validate_args
                0x0000000000004296       0x20 zephyr/libzephyr.a(onoff.c.obj)
 .text.notify_one
                0x00000000000042b6       0x2c zephyr/libzephyr.a(onoff.c.obj)
 .text.transition_complete
                0x00000000000042e2       0x1a zephyr/libzephyr.a(onoff.c.obj)
 .text.onoff_manager_init
                0x00000000000042fc       0x26 zephyr/libzephyr.a(onoff.c.obj)
                0x00000000000042fc                onoff_manager_init
 .text.onoff_request
                0x0000000000004322       0xae zephyr/libzephyr.a(onoff.c.obj)
                0x0000000000004322                onoff_request
 .text.sys_notify_validate
                0x00000000000043d0       0x22 zephyr/libzephyr.a(notify.c.obj)
                0x00000000000043d0                sys_notify_validate
 .text.sys_notify_finalize
                0x00000000000043f2       0x1a zephyr/libzephyr.a(notify.c.obj)
                0x00000000000043f2                sys_notify_finalize
 .text._ConfigAbsSyms
                0x000000000000440c        0x2 zephyr/libzephyr.a(configs.c.obj)
                0x000000000000440c                _ConfigAbsSyms
 .text.z_arm_fatal_error
                0x000000000000440e        0xc zephyr/arch/arch/arm/core/libarch__arm__core.a(fatal.c.obj)
                0x000000000000440e                z_arm_fatal_error
 .text.z_do_kernel_oops
                0x000000000000441a        0x8 zephyr/arch/arch/arm/core/libarch__arm__core.a(fatal.c.obj)
                0x000000000000441a                z_do_kernel_oops
 .text.z_arm_nmi
                0x0000000000004422        0xe zephyr/arch/arch/arm/core/libarch__arm__core.a(nmi.c.obj)
                0x0000000000004422                z_arm_nmi
 .text.z_irq_spurious
                0x0000000000004430        0x8 zephyr/arch/arch/arm/core/cortex_m/libarch__arm__core__cortex_m.a(irq_manage.c.obj)
                0x0000000000004430                z_irq_spurious
 .text.arch_irq_unlock_outlined
                0x0000000000004438        0xe zephyr/arch/arch/arm/core/cortex_m/libarch__arm__core__cortex_m.a(thread.c.obj)
                0x0000000000004438                arch_irq_unlock_outlined
 .text.arch_cpu_idle
                0x0000000000004446       0x1a zephyr/arch/arch/arm/core/cortex_m/libarch__arm__core__cortex_m.a(cpu_idle.c.obj)
                0x0000000000004446                arch_cpu_idle
 .text.arch_cpu_atomic_idle
                0x0000000000004460       0x1e zephyr/arch/arch/arm/core/cortex_m/libarch__arm__core__cortex_m.a(cpu_idle.c.obj)
                0x0000000000004460                arch_cpu_atomic_idle
 .text.size_to_mpu_rasr_size
                0x000000000000447e       0x20 zephyr/arch/arch/arm/core/mpu/libarch__arm__core__mpu.a(arm_mpu.c.obj)
 .text.picolibc_put
                0x000000000000449e        0xa zephyr/lib/libc/picolibc/liblib__libc__picolibc.a(stdio.c.obj)
 .text.get_status
                0x00000000000044a8       0x12 zephyr/drivers/clock_control/libdrivers__clock_control.a(clock_control_nrf.c.obj)
 .text.stop     0x00000000000044ba       0x52 zephyr/drivers/clock_control/libdrivers__clock_control.a(clock_control_nrf.c.obj)
 .text.api_stop
                0x000000000000450c        0x6 zephyr/drivers/clock_control/libdrivers__clock_control.a(clock_control_nrf.c.obj)
 .text.async_start
                0x0000000000004512       0x5c zephyr/drivers/clock_control/libdrivers__clock_control.a(clock_control_nrf.c.obj)
 .text.api_start
                0x000000000000456e        0xe zephyr/drivers/clock_control/libdrivers__clock_control.a(clock_control_nrf.c.obj)
 .text.onoff_started_callback
                0x000000000000457c       0x12 zephyr/drivers/clock_control/libdrivers__clock_control.a(clock_control_nrf.c.obj)
 .text.lfclk_start
                0x000000000000458e        0x6 zephyr/drivers/clock_control/libdrivers__clock_control.a(clock_control_nrf.c.obj)
 .text.lfclk_stop
                0x0000000000004594        0x6 zephyr/drivers/clock_control/libdrivers__clock_control.a(clock_control_nrf.c.obj)
 .text.blocking_start_callback
                0x000000000000459a        0x6 zephyr/drivers/clock_control/libdrivers__clock_control.a(clock_control_nrf.c.obj)
 .text.gpio_nrfx_port_get_raw
                0x00000000000045a0        0xe zephyr/drivers/gpio/libdrivers__gpio.a(gpio_nrfx.c.obj)
 .text.gpio_nrfx_port_set_masked_raw
                0x00000000000045ae       0x18 zephyr/drivers/gpio/libdrivers__gpio.a(gpio_nrfx.c.obj)
 .text.gpio_nrfx_port_set_bits_raw
                0x00000000000045c6        0xc zephyr/drivers/gpio/libdrivers__gpio.a(gpio_nrfx.c.obj)
 .text.gpio_nrfx_port_clear_bits_raw
                0x00000000000045d2        0xc zephyr/drivers/gpio/libdrivers__gpio.a(gpio_nrfx.c.obj)
 .text.gpio_nrfx_port_toggle_bits
                0x00000000000045de       0x1a zephyr/drivers/gpio/libdrivers__gpio.a(gpio_nrfx.c.obj)
 .text.gpio_nrfx_manage_callback
                0x00000000000045f8       0x52 zephyr/drivers/gpio/libdrivers__gpio.a(gpio_nrfx.c.obj)
 .text.led_gpio_set_brightness
                0x000000000000464a       0x42 zephyr/drivers/led/libdrivers__led.a(led_gpio.c.obj)
 .text.led_gpio_on
                0x000000000000468c        0x6 zephyr/drivers/led/libdrivers__led.a(led_gpio.c.obj)
 .text.led_gpio_off
                0x0000000000004692        0x6 zephyr/drivers/led/libdrivers__led.a(led_gpio.c.obj)
 .text.led_gpio_init
                0x0000000000004698       0x76 zephyr/drivers/led/libdrivers__led.a(led_gpio.c.obj)
 .text.led_pwm_blink
                0x000000000000470e       0x44 zephyr/drivers/led/libdrivers__led.a(led_pwm.c.obj)
 .text.led_pwm_set_brightness
                0x0000000000004752       0x48 zephyr/drivers/led/libdrivers__led.a(led_pwm.c.obj)
 .text.led_pwm_on
                0x000000000000479a        0x6 zephyr/drivers/led/libdrivers__led.a(led_pwm.c.obj)
 .text.led_pwm_off
                0x00000000000047a0        0x6 zephyr/drivers/led/libdrivers__led.a(led_pwm.c.obj)
 .text.led_pwm_init
                0x00000000000047a6       0x2c zephyr/drivers/led/libdrivers__led.a(led_pwm.c.obj)
 .text.pinctrl_lookup_state
                0x00000000000047d2       0x26 zephyr/drivers/pinctrl/libdrivers__pinctrl.a(common.c.obj)
                0x00000000000047d2                pinctrl_lookup_state
 .text.pwm_handler
                0x00000000000047f8        0x2 zephyr/drivers/pwm/libdrivers__pwm.a(pwm_nrfx.c.obj)
 .text.pwm_nrfx_get_cycles_per_sec
                0x00000000000047fa        0xc zephyr/drivers/pwm/libdrivers__pwm.a(pwm_nrfx.c.obj)
 .text.pwm_nrfx_set_cycles
                0x0000000000004806      0x130 zephyr/drivers/pwm/libdrivers__pwm.a(pwm_nrfx.c.obj)
 .text.uarte_nrfx_err_check
                0x0000000000004936        0xe zephyr/drivers/serial/libdrivers__serial.a(uart_nrfx_uarte.c.obj)
 .text.uarte_nrfx_poll_in
                0x0000000000004944       0x26 zephyr/drivers/serial/libdrivers__serial.a(uart_nrfx_uarte.c.obj)
 .text.is_tx_ready.isra.0
                0x000000000000496a       0x20 zephyr/drivers/serial/libdrivers__serial.a(uart_nrfx_uarte.c.obj)
 .text.uarte_nrfx_isr_int
                0x000000000000498a       0x42 zephyr/drivers/serial/libdrivers__serial.a(uart_nrfx_uarte.c.obj)
 .text.event_clear
                0x00000000000049cc       0x18 zephyr/drivers/timer/libdrivers__timer.a(nrf_rtc_timer.c.obj)
 .text.nrfx_isr
                0x00000000000049e4        0x2 modules/hal_nordic/nrfx/libmodules__hal_nordic__nrfx.a(nrfx_glue.c.obj)
                0x00000000000049e4                nrfx_isr
 .text.nrfx_busy_wait
                0x00000000000049e6        0x4 modules/hal_nordic/nrfx/libmodules__hal_nordic__nrfx.a(nrfx_glue.c.obj)
                0x00000000000049e6                nrfx_busy_wait
 .text.nrfx_gppi_channel_endpoints_setup
                0x00000000000049ea       0x14 modules/hal_nordic/nrfx/libmodules__hal_nordic__nrfx.a(nrfx_gppi_ppi.c.obj)
                0x00000000000049ea                nrfx_gppi_channel_endpoints_setup
 .text.nrfx_gppi_channel_alloc
                0x00000000000049fe        0x4 modules/hal_nordic/nrfx/libmodules__hal_nordic__nrfx.a(nrfx_gppi_ppi.c.obj)
                0x00000000000049fe                nrfx_gppi_channel_alloc
 .text.nrfx_clock_stop
                0x0000000000004a02        0x4 modules/hal_nordic/nrfx/libmodules__hal_nordic__nrfx.a(nrfx_clock.c.obj)
                0x0000000000004a02                nrfx_clock_stop
 .text.nrf_gpio_reconfigure
                0x0000000000004a06       0x92 modules/hal_nordic/nrfx/libmodules__hal_nordic__nrfx.a(nrfx_gpiote.c.obj)
 .text.nrf_gpio_cfg_sense_set
                0x0000000000004a98       0x1e modules/hal_nordic/nrfx/libmodules__hal_nordic__nrfx.a(nrfx_gpiote.c.obj)
 .text.pin_trigger_disable
                0x0000000000004ab6       0x48 modules/hal_nordic/nrfx/libmodules__hal_nordic__nrfx.a(nrfx_gpiote.c.obj)
 .text.nrfx_gpiote_pin_uninit
                0x0000000000004afe        0x4 modules/hal_nordic/nrfx/libmodules__hal_nordic__nrfx.a(nrfx_gpiote.c.obj)
                0x0000000000004afe                nrfx_gpiote_pin_uninit
 .text.nrfx_gpiote_trigger_disable
                0x0000000000004b02        0x4 modules/hal_nordic/nrfx/libmodules__hal_nordic__nrfx.a(nrfx_gpiote.c.obj)
                0x0000000000004b02                nrfx_gpiote_trigger_disable
 .text.start_playback
                0x0000000000004b06       0x48 modules/hal_nordic/nrfx/libmodules__hal_nordic__nrfx.a(nrfx_pwm.c.obj)
 .text.__nrfy_internal_pwm_event_handle.isra.0
                0x0000000000004b4e       0x22 modules/hal_nordic/nrfx/libmodules__hal_nordic__nrfx.a(nrfx_pwm.c.obj)
 .text.__nrfy_internal_pwm_events_process
                0x0000000000004b70       0x54 modules/hal_nordic/nrfx/libmodules__hal_nordic__nrfx.a(nrfx_pwm.c.obj)
 .text.nrfx_pwm_stopped_check
                0x0000000000004bc4        0x4 modules/hal_nordic/nrfx/libmodules__hal_nordic__nrfx.a(nrfx_pwm.c.obj)
                0x0000000000004bc4                nrfx_pwm_stopped_check
 .text.rtt_init
                0x0000000000004bc8        0xa modules/segger/libmodules__segger.a(SEGGER_RTT_zephyr.c.obj)
 .text.z_impl_k_busy_wait
                0x0000000000004bd2        0x8 zephyr/kernel/libkernel.a(busy_wait.c.obj)
                0x0000000000004bd2                z_impl_k_busy_wait
 .text.z_device_state_init
                0x0000000000004bda        0x2 zephyr/kernel/libkernel.a(device.c.obj)
                0x0000000000004bda                z_device_state_init
 .text.z_impl_device_is_ready
                0x0000000000004bdc       0x16 zephyr/kernel/libkernel.a(device.c.obj)
                0x0000000000004bdc                z_impl_device_is_ready
 .text.arch_system_halt
                0x0000000000004bf2       0x10 zephyr/kernel/libkernel.a(fatal.c.obj)
                0x0000000000004bf2                arch_system_halt
 .text.k_sys_fatal_error_handler
                0x0000000000004c02        0x6 zephyr/kernel/libkernel.a(fatal.c.obj)
                0x0000000000004c02                k_sys_fatal_error_handler
 .text.do_device_init
                0x0000000000004c08       0x30 zephyr/kernel/libkernel.a(init.c.obj)
 .text.z_early_memset
                0x0000000000004c38        0x4 zephyr/kernel/libkernel.a(init.c.obj)
                0x0000000000004c38                z_early_memset
 .text.z_early_memcpy
                0x0000000000004c3c        0x4 zephyr/kernel/libkernel.a(init.c.obj)
                0x0000000000004c3c                z_early_memcpy
 .text.z_init_static
                0x0000000000004c40        0x2 zephyr/kernel/libkernel.a(init_static.c.obj)
                0x0000000000004c40                z_init_static
 .text.idle     0x0000000000004c42       0x16 zephyr/kernel/libkernel.a(idle.c.obj)
                0x0000000000004c42                idle
 .text.k_is_in_isr
                0x0000000000004c58        0xc zephyr/kernel/libkernel.a(thread.c.obj)
                0x0000000000004c58                k_is_in_isr
 .text.sys_dlist_remove
                0x0000000000004c64       0x10 zephyr/kernel/libkernel.a(sched.c.obj)
 .text.unpend_thread_no_timeout
                0x0000000000004c74       0x14 zephyr/kernel/libkernel.a(sched.c.obj)
 .text.add_to_waitq_locked
                0x0000000000004c88       0x50 zephyr/kernel/libkernel.a(sched.c.obj)
 .text.z_ready_thread
                0x0000000000004cd8       0x1e zephyr/kernel/libkernel.a(sched.c.obj)
                0x0000000000004cd8                z_ready_thread
 .text.z_sched_wake_thread
                0x0000000000004cf6       0x3a zephyr/kernel/libkernel.a(sched.c.obj)
                0x0000000000004cf6                z_sched_wake_thread
 .text.z_thread_timeout
                0x0000000000004d30        0x8 zephyr/kernel/libkernel.a(sched.c.obj)
                0x0000000000004d30                z_thread_timeout
 .text.z_impl_k_sleep
                0x0000000000004d38       0x32 zephyr/kernel/libkernel.a(sched.c.obj)
                0x0000000000004d38                z_impl_k_sleep
 .text.next_timeout
                0x0000000000004d6a       0x32 zephyr/kernel/libkernel.a(timeout.c.obj)
 .text.z_abort_timeout
                0x0000000000004d9c       0x42 zephyr/kernel/libkernel.a(timeout.c.obj)
                0x0000000000004d9c                z_abort_timeout
 .text.sys_clock_tick_get_32
                0x0000000000004dde        0x8 zephyr/kernel/libkernel.a(timeout.c.obj)
                0x0000000000004dde                sys_clock_tick_get_32
 .text.memcpy   0x0000000000004de6       0x1c /Users/wendi/zephyr_install/zephyr-sdk-0.17.0/arm-zephyr-eabi/bin/../lib/gcc/../../picolibc/arm-zephyr-eabi/lib/thumb/v7e-m/nofp/libc.a(memcpy.c.o)
                0x0000000000004de6                memcpy
                0x0000000000004de6                __aeabi_memcpy
                0x0000000000004de6                __aeabi_memcpy4
                0x0000000000004de6                __aeabi_memcpy8
 .text.memset   0x0000000000004e02       0x10 /Users/wendi/zephyr_install/zephyr-sdk-0.17.0/arm-zephyr-eabi/bin/../lib/gcc/../../picolibc/arm-zephyr-eabi/lib/thumb/v7e-m/nofp/libc.a(memset.c.o)
                0x0000000000004e02                memset
 .text.strnlen  0x0000000000004e12       0x18 /Users/wendi/zephyr_install/zephyr-sdk-0.17.0/arm-zephyr-eabi/bin/../lib/gcc/../../picolibc/arm-zephyr-eabi/lib/thumb/v7e-m/nofp/libc.a(libc_string_strnlen.c.o)
                0x0000000000004e12                strnlen
 .text.__ultoa_invert
                0x0000000000004e2a       0xae /Users/wendi/zephyr_install/zephyr-sdk-0.17.0/arm-zephyr-eabi/bin/../lib/gcc/../../picolibc/arm-zephyr-eabi/lib/thumb/v7e-m/nofp/libc.a(libc_tinystdio_vflprintf.c.o)
 *(SORT_BY_ALIGNMENT(.TEXT.*))
 .TEXT.__aeabi_read_tp
                0x0000000000004ed8        0xc zephyr/arch/arch/arm/core/cortex_m/libarch__arm__core__cortex_m.a(__aeabi_read_tp.S.obj)
                0x0000000000004ed8                __aeabi_read_tp
 *(SORT_BY_ALIGNMENT(.gnu.linkonce.t.*))
 *(SORT_BY_ALIGNMENT(.glue_7t))
 .glue_7t       0x0000000000004ee4        0x0 linker stubs
 *(SORT_BY_ALIGNMENT(.glue_7))
 .glue_7        0x0000000000004ee4        0x0 linker stubs
 *(SORT_BY_ALIGNMENT(.vfp11_veneer))
 .vfp11_veneer  0x0000000000004ee4        0x0 linker stubs
 *(SORT_BY_ALIGNMENT(.v4_bx))
 .v4_bx         0x0000000000004ee4        0x0 linker stubs
                0x0000000000004ee4                . = ALIGN (0x4)
                0x0000000000004ee4                __text_region_end = .

.ARM.exidx      0x0000000000004ee4        0x8
                0x0000000000004ee4                __exidx_start = .
 *(SORT_BY_ALIGNMENT(.ARM.exidx*) SORT_BY_ALIGNMENT(gnu.linkonce.armexidx.*))
 .ARM.exidx     0x0000000000004ee4        0x8 /Users/wendi/zephyr_install/zephyr-sdk-0.17.0/arm-zephyr-eabi/bin/../lib/gcc/arm-zephyr-eabi/12.2.0/thumb/v7e-m/nofp/libgcc.a(_udivmoddi4.o)
                0x0000000000004eec                __exidx_end = .
                0x0000000000004eec                __rodata_region_start = .

initlevel       0x0000000000004eec       0x60
                0x0000000000004eec                __init_start = .
                0x0000000000004eec                __init_EARLY_start = .
 *(SORT_BY_NAME(SORT_BY_ALIGNMENT(.z_init_EARLY?_*)))
 *(SORT_BY_NAME(SORT_BY_ALIGNMENT(.z_init_EARLY??_*)))
                0x0000000000004eec                __init_PRE_KERNEL_1_start = .
 *(SORT_BY_NAME(SORT_BY_ALIGNMENT(.z_init_PRE_KERNEL_1?_*)))
 .z_init_PRE_KERNEL_10_0_
                0x0000000000004eec        0x8 zephyr/soc/soc/nrf52840/libsoc__nordic.a(soc.c.obj)
 *(SORT_BY_NAME(SORT_BY_ALIGNMENT(.z_init_PRE_KERNEL_1??_*)))
 .z_init_PRE_KERNEL_130_00077_
                0x0000000000004ef4        0x8 zephyr/drivers/clock_control/libdrivers__clock_control.a(clock_control_nrf.c.obj)
 .z_init_PRE_KERNEL_130_0_
                0x0000000000004efc        0x8 modules/segger/libmodules__segger.a(SEGGER_RTT_zephyr.c.obj)
 .z_init_PRE_KERNEL_140_00011_
                0x0000000000004f04        0x8 zephyr/drivers/gpio/libdrivers__gpio.a(gpio_nrfx.c.obj)
 .z_init_PRE_KERNEL_140_00107_
                0x0000000000004f0c        0x8 zephyr/drivers/gpio/libdrivers__gpio.a(gpio_nrfx.c.obj)
 .z_init_PRE_KERNEL_150_00115_
                0x0000000000004f14        0x8 zephyr/drivers/serial/libdrivers__serial.a(uart_nrfx_uarte.c.obj)
 .z_init_PRE_KERNEL_160_0_
                0x0000000000004f1c        0x8 zephyr/drivers/console/libdrivers__console.a(uart_console.c.obj)
                0x0000000000004f24                __init_PRE_KERNEL_2_start = .
 *(SORT_BY_NAME(SORT_BY_ALIGNMENT(.z_init_PRE_KERNEL_2?_*)))
 .z_init_PRE_KERNEL_20_0_
                0x0000000000004f24        0x8 zephyr/drivers/timer/libdrivers__timer.a(nrf_rtc_timer.c.obj)
 *(SORT_BY_NAME(SORT_BY_ALIGNMENT(.z_init_PRE_KERNEL_2??_*)))
                0x0000000000004f2c                __init_POST_KERNEL_start = .
 *(SORT_BY_NAME(SORT_BY_ALIGNMENT(.z_init_POST_KERNEL?_*)))
 *(SORT_BY_NAME(SORT_BY_ALIGNMENT(.z_init_POST_KERNEL??_*)))
 .z_init_POST_KERNEL35_0_
                0x0000000000004f2c        0x8 zephyr/lib/libc/common/liblib__libc__common.a(malloc.c.obj)
 .z_init_POST_KERNEL50_00071_
                0x0000000000004f34        0x8 zephyr/drivers/pwm/libdrivers__pwm.a(pwm_nrfx.c.obj)
 .z_init_POST_KERNEL90_00020_
                0x0000000000004f3c        0x8 zephyr/drivers/led/libdrivers__led.a(led_gpio.c.obj)
 .z_init_POST_KERNEL90_00072_
                0x0000000000004f44        0x8 zephyr/drivers/led/libdrivers__led.a(led_pwm.c.obj)
                0x0000000000004f4c                __init_APPLICATION_start = .
 *(SORT_BY_NAME(SORT_BY_ALIGNMENT(.z_init_APPLICATION?_*)))
 *(SORT_BY_NAME(SORT_BY_ALIGNMENT(.z_init_APPLICATION??_*)))
                0x0000000000004f4c                __init_SMP_start = .
 *(SORT_BY_NAME(SORT_BY_ALIGNMENT(.z_init_SMP?_*)))
 *(SORT_BY_NAME(SORT_BY_ALIGNMENT(.z_init_SMP??_*)))
                0x0000000000004f4c                __init_end = .
                0x0000000000004f4c                __deferred_init_list_start = .
 *(SORT_BY_ALIGNMENT(.z_deferred_init*))
                0x0000000000004f4c                __deferred_init_list_end = .

device_area     0x0000000000004f4c       0x8c
                0x0000000000004f4c                _device_list_start = .
 *(SORT_BY_NAME(SORT_BY_ALIGNMENT(._device.static.*_?_*)))
 *(SORT_BY_NAME(SORT_BY_ALIGNMENT(._device.static.*_??_*)))
 ._device.static.1_30_
                0x0000000000004f4c       0x14 zephyr/drivers/clock_control/libdrivers__clock_control.a(clock_control_nrf.c.obj)
                0x0000000000004f4c                __device_dts_ord_77
 ._device.static.1_40_
                0x0000000000004f60       0x28 zephyr/drivers/gpio/libdrivers__gpio.a(gpio_nrfx.c.obj)
                0x0000000000004f60                __device_dts_ord_107
                0x0000000000004f74                __device_dts_ord_11
 ._device.static.1_50_
                0x0000000000004f88       0x14 zephyr/drivers/serial/libdrivers__serial.a(uart_nrfx_uarte.c.obj)
                0x0000000000004f88                __device_dts_ord_115
 ._device.static.3_50_
                0x0000000000004f9c       0x14 zephyr/drivers/pwm/libdrivers__pwm.a(pwm_nrfx.c.obj)
                0x0000000000004f9c                __device_dts_ord_71
 ._device.static.3_90_
                0x0000000000004fb0       0x14 zephyr/drivers/led/libdrivers__led.a(led_gpio.c.obj)
                0x0000000000004fb0                __device_dts_ord_20
 ._device.static.3_90_
                0x0000000000004fc4       0x14 zephyr/drivers/led/libdrivers__led.a(led_pwm.c.obj)
                0x0000000000004fc4                __device_dts_ord_72
 *(SORT_BY_NAME(SORT_BY_ALIGNMENT(._device.static.*_???_*)))
 *(SORT_BY_NAME(SORT_BY_ALIGNMENT(._device.static.*_????_*)))
 *(SORT_BY_NAME(SORT_BY_ALIGNMENT(._device.static.*_?????_*)))
                0x0000000000004fd8                _device_list_end = .

sw_isr_table    0x0000000000004fd8      0x180
                0x0000000000004fd8                . = ALIGN (0x4)
 *(SORT_BY_ALIGNMENT(.gnu.linkonce.sw_isr_table*))
 .gnu.linkonce.sw_isr_table
                0x0000000000004fd8      0x180 zephyr/CMakeFiles/zephyr_final.dir/isr_tables.c.obj
                0x0000000000004fd8                _sw_isr_table

initlevel_error
                0x0000000000004eec        0x0
 *(SORT_BY_NAME(SORT_BY_ALIGNMENT(.z_init_[_A-Z0-9]*)))
                0x0000000000000001                ASSERT ((SIZEOF (initlevel_error) == 0x0), Undefined initialization levels used.)

app_shmem_regions
                0x0000000000005158        0x0
                0x0000000000005158                __app_shmem_regions_start = .
 *(SORT_BY_NAME(SORT_BY_ALIGNMENT(.app_regions.*)))
                0x0000000000005158                __app_shmem_regions_end = .

k_p4wq_initparam_area
                0x0000000000005158        0x0
                0x0000000000005158                _k_p4wq_initparam_list_start = .
 *(SORT_BY_NAME(SORT_BY_ALIGNMENT(._k_p4wq_initparam.static.*)))
                0x0000000000005158                _k_p4wq_initparam_list_end = .

_static_thread_data_area
                0x0000000000005158        0x0
                0x0000000000005158                __static_thread_data_list_start = .
 *(SORT_BY_NAME(SORT_BY_ALIGNMENT(.__static_thread_data.static.*)))
                0x0000000000005158                __static_thread_data_list_end = .

device_deps     0x0000000000005158        0x0
                0x0000000000005158                __device_deps_start = .
 *(SORT_BY_NAME(SORT_BY_ALIGNMENT(.__device_deps_pass2*)))
                0x0000000000005158                __device_deps_end = .

gpio_driver_api_area
                0x0000000000005158       0x24
                0x0000000000005158                _gpio_driver_api_list_start = .
 *(SORT_BY_NAME(SORT_BY_ALIGNMENT(._gpio_driver_api.static.*)))
 ._gpio_driver_api.static.gpio_nrfx_drv_api_funcs_
                0x0000000000005158       0x24 zephyr/drivers/gpio/libdrivers__gpio.a(gpio_nrfx.c.obj)
                0x000000000000517c                _gpio_driver_api_list_end = .

led_driver_api_area
                0x000000000000517c       0x38
                0x000000000000517c                _led_driver_api_list_start = .
 *(SORT_BY_NAME(SORT_BY_ALIGNMENT(._led_driver_api.static.*)))
 ._led_driver_api.static.led_gpio_api_
                0x000000000000517c       0x1c zephyr/drivers/led/libdrivers__led.a(led_gpio.c.obj)
 ._led_driver_api.static.led_pwm_api_
                0x0000000000005198       0x1c zephyr/drivers/led/libdrivers__led.a(led_pwm.c.obj)
                0x00000000000051b4                _led_driver_api_list_end = .

pwm_driver_api_area
                0x00000000000051b4        0x8
                0x00000000000051b4                _pwm_driver_api_list_start = .
 *(SORT_BY_NAME(SORT_BY_ALIGNMENT(._pwm_driver_api.static.*)))
 ._pwm_driver_api.static.pwm_nrfx_drv_api_funcs_
                0x00000000000051b4        0x8 zephyr/drivers/pwm/libdrivers__pwm.a(pwm_nrfx.c.obj)
                0x00000000000051bc                _pwm_driver_api_list_end = .

shared_irq_driver_api_area
                0x00000000000051bc        0x0
                0x00000000000051bc                _shared_irq_driver_api_list_start = .
 *(SORT_BY_NAME(SORT_BY_ALIGNMENT(._shared_irq_driver_api.static.*)))
                0x00000000000051bc                _shared_irq_driver_api_list_end = .

crypto_driver_api_area
                0x00000000000051bc        0x0
                0x00000000000051bc                _crypto_driver_api_list_start = .
 *(SORT_BY_NAME(SORT_BY_ALIGNMENT(._crypto_driver_api.static.*)))
                0x00000000000051bc                _crypto_driver_api_list_end = .

adc_driver_api_area
                0x00000000000051bc        0x0
                0x00000000000051bc                _adc_driver_api_list_start = .
 *(SORT_BY_NAME(SORT_BY_ALIGNMENT(._adc_driver_api.static.*)))
                0x00000000000051bc                _adc_driver_api_list_end = .

auxdisplay_driver_api_area
                0x00000000000051bc        0x0
                0x00000000000051bc                _auxdisplay_driver_api_list_start = .
 *(SORT_BY_NAME(SORT_BY_ALIGNMENT(._auxdisplay_driver_api.static.*)))
                0x00000000000051bc                _auxdisplay_driver_api_list_end = .

bbram_driver_api_area
                0x00000000000051bc        0x0
                0x00000000000051bc                _bbram_driver_api_list_start = .
 *(SORT_BY_NAME(SORT_BY_ALIGNMENT(._bbram_driver_api.static.*)))
                0x00000000000051bc                _bbram_driver_api_list_end = .

bt_hci_driver_api_area
                0x00000000000051bc        0x0
                0x00000000000051bc                _bt_hci_driver_api_list_start = .
 *(SORT_BY_NAME(SORT_BY_ALIGNMENT(._bt_hci_driver_api.static.*)))
                0x00000000000051bc                _bt_hci_driver_api_list_end = .

can_driver_api_area
                0x00000000000051bc        0x0
                0x00000000000051bc                _can_driver_api_list_start = .
 *(SORT_BY_NAME(SORT_BY_ALIGNMENT(._can_driver_api.static.*)))
                0x00000000000051bc                _can_driver_api_list_end = .

cellular_driver_api_area
                0x00000000000051bc        0x0
                0x00000000000051bc                _cellular_driver_api_list_start = .
 *(SORT_BY_NAME(SORT_BY_ALIGNMENT(._cellular_driver_api.static.*)))
                0x00000000000051bc                _cellular_driver_api_list_end = .

charger_driver_api_area
                0x00000000000051bc        0x0
                0x00000000000051bc                _charger_driver_api_list_start = .
 *(SORT_BY_NAME(SORT_BY_ALIGNMENT(._charger_driver_api.static.*)))
                0x00000000000051bc                _charger_driver_api_list_end = .

clock_control_driver_api_area
                0x00000000000051bc       0x1c
                0x00000000000051bc                _clock_control_driver_api_list_start = .
 *(SORT_BY_NAME(SORT_BY_ALIGNMENT(._clock_control_driver_api.static.*)))
 ._clock_control_driver_api.static.clock_control_api_
                0x00000000000051bc       0x1c zephyr/drivers/clock_control/libdrivers__clock_control.a(clock_control_nrf.c.obj)
                0x00000000000051d8                _clock_control_driver_api_list_end = .

comparator_driver_api_area
                0x00000000000051d8        0x0
                0x00000000000051d8                _comparator_driver_api_list_start = .
 *(SORT_BY_NAME(SORT_BY_ALIGNMENT(._comparator_driver_api.static.*)))
                0x00000000000051d8                _comparator_driver_api_list_end = .

coredump_driver_api_area
                0x00000000000051d8        0x0
                0x00000000000051d8                _coredump_driver_api_list_start = .
 *(SORT_BY_NAME(SORT_BY_ALIGNMENT(._coredump_driver_api.static.*)))
                0x00000000000051d8                _coredump_driver_api_list_end = .

counter_driver_api_area
                0x00000000000051d8        0x0
                0x00000000000051d8                _counter_driver_api_list_start = .
 *(SORT_BY_NAME(SORT_BY_ALIGNMENT(._counter_driver_api.static.*)))
                0x00000000000051d8                _counter_driver_api_list_end = .

dac_driver_api_area
                0x00000000000051d8        0x0
                0x00000000000051d8                _dac_driver_api_list_start = .
 *(SORT_BY_NAME(SORT_BY_ALIGNMENT(._dac_driver_api.static.*)))
                0x00000000000051d8                _dac_driver_api_list_end = .

dai_driver_api_area
                0x00000000000051d8        0x0
                0x00000000000051d8                _dai_driver_api_list_start = .
 *(SORT_BY_NAME(SORT_BY_ALIGNMENT(._dai_driver_api.static.*)))
                0x00000000000051d8                _dai_driver_api_list_end = .

display_driver_api_area
                0x00000000000051d8        0x0
                0x00000000000051d8                _display_driver_api_list_start = .
 *(SORT_BY_NAME(SORT_BY_ALIGNMENT(._display_driver_api.static.*)))
                0x00000000000051d8                _display_driver_api_list_end = .

dma_driver_api_area
                0x00000000000051d8        0x0
                0x00000000000051d8                _dma_driver_api_list_start = .
 *(SORT_BY_NAME(SORT_BY_ALIGNMENT(._dma_driver_api.static.*)))
                0x00000000000051d8                _dma_driver_api_list_end = .

edac_driver_api_area
                0x00000000000051d8        0x0
                0x00000000000051d8                _edac_driver_api_list_start = .
 *(SORT_BY_NAME(SORT_BY_ALIGNMENT(._edac_driver_api.static.*)))
                0x00000000000051d8                _edac_driver_api_list_end = .

eeprom_driver_api_area
                0x00000000000051d8        0x0
                0x00000000000051d8                _eeprom_driver_api_list_start = .
 *(SORT_BY_NAME(SORT_BY_ALIGNMENT(._eeprom_driver_api.static.*)))
                0x00000000000051d8                _eeprom_driver_api_list_end = .

emul_bbram_driver_api_area
                0x00000000000051d8        0x0
                0x00000000000051d8                _emul_bbram_driver_api_list_start = .
 *(SORT_BY_NAME(SORT_BY_ALIGNMENT(._emul_bbram_driver_api.static.*)))
                0x00000000000051d8                _emul_bbram_driver_api_list_end = .

fuel_gauge_emul_driver_api_area
                0x00000000000051d8        0x0
                0x00000000000051d8                _fuel_gauge_emul_driver_api_list_start = .
 *(SORT_BY_NAME(SORT_BY_ALIGNMENT(._fuel_gauge_emul_driver_api.static.*)))
                0x00000000000051d8                _fuel_gauge_emul_driver_api_list_end = .

emul_sensor_driver_api_area
                0x00000000000051d8        0x0
                0x00000000000051d8                _emul_sensor_driver_api_list_start = .
 *(SORT_BY_NAME(SORT_BY_ALIGNMENT(._emul_sensor_driver_api.static.*)))
                0x00000000000051d8                _emul_sensor_driver_api_list_end = .

entropy_driver_api_area
                0x00000000000051d8        0x0
                0x00000000000051d8                _entropy_driver_api_list_start = .
 *(SORT_BY_NAME(SORT_BY_ALIGNMENT(._entropy_driver_api.static.*)))
                0x00000000000051d8                _entropy_driver_api_list_end = .

espi_driver_api_area
                0x00000000000051d8        0x0
                0x00000000000051d8                _espi_driver_api_list_start = .
 *(SORT_BY_NAME(SORT_BY_ALIGNMENT(._espi_driver_api.static.*)))
                0x00000000000051d8                _espi_driver_api_list_end = .

espi_saf_driver_api_area
                0x00000000000051d8        0x0
                0x00000000000051d8                _espi_saf_driver_api_list_start = .
 *(SORT_BY_NAME(SORT_BY_ALIGNMENT(._espi_saf_driver_api.static.*)))
                0x00000000000051d8                _espi_saf_driver_api_list_end = .

flash_driver_api_area
                0x00000000000051d8        0x0
                0x00000000000051d8                _flash_driver_api_list_start = .
 *(SORT_BY_NAME(SORT_BY_ALIGNMENT(._flash_driver_api.static.*)))
                0x00000000000051d8                _flash_driver_api_list_end = .

fpga_driver_api_area
                0x00000000000051d8        0x0
                0x00000000000051d8                _fpga_driver_api_list_start = .
 *(SORT_BY_NAME(SORT_BY_ALIGNMENT(._fpga_driver_api.static.*)))
                0x00000000000051d8                _fpga_driver_api_list_end = .

fuel_gauge_driver_api_area
                0x00000000000051d8        0x0
                0x00000000000051d8                _fuel_gauge_driver_api_list_start = .
 *(SORT_BY_NAME(SORT_BY_ALIGNMENT(._fuel_gauge_driver_api.static.*)))
                0x00000000000051d8                _fuel_gauge_driver_api_list_end = .

gnss_driver_api_area
                0x00000000000051d8        0x0
                0x00000000000051d8                _gnss_driver_api_list_start = .
 *(SORT_BY_NAME(SORT_BY_ALIGNMENT(._gnss_driver_api.static.*)))
                0x00000000000051d8                _gnss_driver_api_list_end = .

haptics_driver_api_area
                0x00000000000051d8        0x0
                0x00000000000051d8                _haptics_driver_api_list_start = .
 *(SORT_BY_NAME(SORT_BY_ALIGNMENT(._haptics_driver_api.static.*)))
                0x00000000000051d8                _haptics_driver_api_list_end = .

hwspinlock_driver_api_area
                0x00000000000051d8        0x0
                0x00000000000051d8                _hwspinlock_driver_api_list_start = .
 *(SORT_BY_NAME(SORT_BY_ALIGNMENT(._hwspinlock_driver_api.static.*)))
                0x00000000000051d8                _hwspinlock_driver_api_list_end = .

i2c_driver_api_area
                0x00000000000051d8        0x0
                0x00000000000051d8                _i2c_driver_api_list_start = .
 *(SORT_BY_NAME(SORT_BY_ALIGNMENT(._i2c_driver_api.static.*)))
                0x00000000000051d8                _i2c_driver_api_list_end = .

i2c_target_driver_api_area
                0x00000000000051d8        0x0
                0x00000000000051d8                _i2c_target_driver_api_list_start = .
 *(SORT_BY_NAME(SORT_BY_ALIGNMENT(._i2c_target_driver_api.static.*)))
                0x00000000000051d8                _i2c_target_driver_api_list_end = .

i2s_driver_api_area
                0x00000000000051d8        0x0
                0x00000000000051d8                _i2s_driver_api_list_start = .
 *(SORT_BY_NAME(SORT_BY_ALIGNMENT(._i2s_driver_api.static.*)))
                0x00000000000051d8                _i2s_driver_api_list_end = .

i3c_driver_api_area
                0x00000000000051d8        0x0
                0x00000000000051d8                _i3c_driver_api_list_start = .
 *(SORT_BY_NAME(SORT_BY_ALIGNMENT(._i3c_driver_api.static.*)))
                0x00000000000051d8                _i3c_driver_api_list_end = .

ipm_driver_api_area
                0x00000000000051d8        0x0
                0x00000000000051d8                _ipm_driver_api_list_start = .
 *(SORT_BY_NAME(SORT_BY_ALIGNMENT(._ipm_driver_api.static.*)))
                0x00000000000051d8                _ipm_driver_api_list_end = .

kscan_driver_api_area
                0x00000000000051d8        0x0
                0x00000000000051d8                _kscan_driver_api_list_start = .
 *(SORT_BY_NAME(SORT_BY_ALIGNMENT(._kscan_driver_api.static.*)))
                0x00000000000051d8                _kscan_driver_api_list_end = .

led_strip_driver_api_area
                0x00000000000051d8        0x0
                0x00000000000051d8                _led_strip_driver_api_list_start = .
 *(SORT_BY_NAME(SORT_BY_ALIGNMENT(._led_strip_driver_api.static.*)))
                0x00000000000051d8                _led_strip_driver_api_list_end = .

lora_driver_api_area
                0x00000000000051d8        0x0
                0x00000000000051d8                _lora_driver_api_list_start = .
 *(SORT_BY_NAME(SORT_BY_ALIGNMENT(._lora_driver_api.static.*)))
                0x00000000000051d8                _lora_driver_api_list_end = .

mbox_driver_api_area
                0x00000000000051d8        0x0
                0x00000000000051d8                _mbox_driver_api_list_start = .
 *(SORT_BY_NAME(SORT_BY_ALIGNMENT(._mbox_driver_api.static.*)))
                0x00000000000051d8                _mbox_driver_api_list_end = .

mdio_driver_api_area
                0x00000000000051d8        0x0
                0x00000000000051d8                _mdio_driver_api_list_start = .
 *(SORT_BY_NAME(SORT_BY_ALIGNMENT(._mdio_driver_api.static.*)))
                0x00000000000051d8                _mdio_driver_api_list_end = .

mipi_dbi_driver_api_area
                0x00000000000051d8        0x0
                0x00000000000051d8                _mipi_dbi_driver_api_list_start = .
 *(SORT_BY_NAME(SORT_BY_ALIGNMENT(._mipi_dbi_driver_api.static.*)))
                0x00000000000051d8                _mipi_dbi_driver_api_list_end = .

mipi_dsi_driver_api_area
                0x00000000000051d8        0x0
                0x00000000000051d8                _mipi_dsi_driver_api_list_start = .
 *(SORT_BY_NAME(SORT_BY_ALIGNMENT(._mipi_dsi_driver_api.static.*)))
                0x00000000000051d8                _mipi_dsi_driver_api_list_end = .

mspi_driver_api_area
                0x00000000000051d8        0x0
                0x00000000000051d8                _mspi_driver_api_list_start = .
 *(SORT_BY_NAME(SORT_BY_ALIGNMENT(._mspi_driver_api.static.*)))
                0x00000000000051d8                _mspi_driver_api_list_end = .

peci_driver_api_area
                0x00000000000051d8        0x0
                0x00000000000051d8                _peci_driver_api_list_start = .
 *(SORT_BY_NAME(SORT_BY_ALIGNMENT(._peci_driver_api.static.*)))
                0x00000000000051d8                _peci_driver_api_list_end = .

ps2_driver_api_area
                0x00000000000051d8        0x0
                0x00000000000051d8                _ps2_driver_api_list_start = .
 *(SORT_BY_NAME(SORT_BY_ALIGNMENT(._ps2_driver_api.static.*)))
                0x00000000000051d8                _ps2_driver_api_list_end = .

ptp_clock_driver_api_area
                0x00000000000051d8        0x0
                0x00000000000051d8                _ptp_clock_driver_api_list_start = .
 *(SORT_BY_NAME(SORT_BY_ALIGNMENT(._ptp_clock_driver_api.static.*)))
                0x00000000000051d8                _ptp_clock_driver_api_list_end = .

regulator_parent_driver_api_area
                0x00000000000051d8        0x0
                0x00000000000051d8                _regulator_parent_driver_api_list_start = .
 *(SORT_BY_NAME(SORT_BY_ALIGNMENT(._regulator_parent_driver_api.static.*)))
                0x00000000000051d8                _regulator_parent_driver_api_list_end = .

regulator_driver_api_area
                0x00000000000051d8        0x0
                0x00000000000051d8                _regulator_driver_api_list_start = .
 *(SORT_BY_NAME(SORT_BY_ALIGNMENT(._regulator_driver_api.static.*)))
                0x00000000000051d8                _regulator_driver_api_list_end = .

reset_driver_api_area
                0x00000000000051d8        0x0
                0x00000000000051d8                _reset_driver_api_list_start = .
 *(SORT_BY_NAME(SORT_BY_ALIGNMENT(._reset_driver_api.static.*)))
                0x00000000000051d8                _reset_driver_api_list_end = .

retained_mem_driver_api_area
                0x00000000000051d8        0x0
                0x00000000000051d8                _retained_mem_driver_api_list_start = .
 *(SORT_BY_NAME(SORT_BY_ALIGNMENT(._retained_mem_driver_api.static.*)))
                0x00000000000051d8                _retained_mem_driver_api_list_end = .

rtc_driver_api_area
                0x00000000000051d8        0x0
                0x00000000000051d8                _rtc_driver_api_list_start = .
 *(SORT_BY_NAME(SORT_BY_ALIGNMENT(._rtc_driver_api.static.*)))
                0x00000000000051d8                _rtc_driver_api_list_end = .

sdhc_driver_api_area
                0x00000000000051d8        0x0
                0x00000000000051d8                _sdhc_driver_api_list_start = .
 *(SORT_BY_NAME(SORT_BY_ALIGNMENT(._sdhc_driver_api.static.*)))
                0x00000000000051d8                _sdhc_driver_api_list_end = .

sensor_driver_api_area
                0x00000000000051d8        0x0
                0x00000000000051d8                _sensor_driver_api_list_start = .
 *(SORT_BY_NAME(SORT_BY_ALIGNMENT(._sensor_driver_api.static.*)))
                0x00000000000051d8                _sensor_driver_api_list_end = .

smbus_driver_api_area
                0x00000000000051d8        0x0
                0x00000000000051d8                _smbus_driver_api_list_start = .
 *(SORT_BY_NAME(SORT_BY_ALIGNMENT(._smbus_driver_api.static.*)))
                0x00000000000051d8                _smbus_driver_api_list_end = .

spi_driver_api_area
                0x00000000000051d8        0x0
                0x00000000000051d8                _spi_driver_api_list_start = .
 *(SORT_BY_NAME(SORT_BY_ALIGNMENT(._spi_driver_api.static.*)))
                0x00000000000051d8                _spi_driver_api_list_end = .

stepper_driver_api_area
                0x00000000000051d8        0x0
                0x00000000000051d8                _stepper_driver_api_list_start = .
 *(SORT_BY_NAME(SORT_BY_ALIGNMENT(._stepper_driver_api.static.*)))
                0x00000000000051d8                _stepper_driver_api_list_end = .

syscon_driver_api_area
                0x00000000000051d8        0x0
                0x00000000000051d8                _syscon_driver_api_list_start = .
 *(SORT_BY_NAME(SORT_BY_ALIGNMENT(._syscon_driver_api.static.*)))
                0x00000000000051d8                _syscon_driver_api_list_end = .

tee_driver_api_area
                0x00000000000051d8        0x0
                0x00000000000051d8                _tee_driver_api_list_start = .
 *(SORT_BY_NAME(SORT_BY_ALIGNMENT(._tee_driver_api.static.*)))
                0x00000000000051d8                _tee_driver_api_list_end = .

video_driver_api_area
                0x00000000000051d8        0x0
                0x00000000000051d8                _video_driver_api_list_start = .
 *(SORT_BY_NAME(SORT_BY_ALIGNMENT(._video_driver_api.static.*)))
                0x00000000000051d8                _video_driver_api_list_end = .

w1_driver_api_area
                0x00000000000051d8        0x0
                0x00000000000051d8                _w1_driver_api_list_start = .
 *(SORT_BY_NAME(SORT_BY_ALIGNMENT(._w1_driver_api.static.*)))
                0x00000000000051d8                _w1_driver_api_list_end = .

wdt_driver_api_area
                0x00000000000051d8        0x0
                0x00000000000051d8                _wdt_driver_api_list_start = .
 *(SORT_BY_NAME(SORT_BY_ALIGNMENT(._wdt_driver_api.static.*)))
                0x00000000000051d8                _wdt_driver_api_list_end = .

can_transceiver_driver_api_area
                0x00000000000051d8        0x0
                0x00000000000051d8                _can_transceiver_driver_api_list_start = .
 *(SORT_BY_NAME(SORT_BY_ALIGNMENT(._can_transceiver_driver_api.static.*)))
                0x00000000000051d8                _can_transceiver_driver_api_list_end = .

nrf_clock_control_driver_api_area
                0x00000000000051d8        0x0
                0x00000000000051d8                _nrf_clock_control_driver_api_list_start = .
 *(SORT_BY_NAME(SORT_BY_ALIGNMENT(._nrf_clock_control_driver_api.static.*)))
                0x00000000000051d8                _nrf_clock_control_driver_api_list_end = .

i3c_target_driver_api_area
                0x00000000000051d8        0x0
                0x00000000000051d8                _i3c_target_driver_api_list_start = .
 *(SORT_BY_NAME(SORT_BY_ALIGNMENT(._i3c_target_driver_api.static.*)))
                0x00000000000051d8                _i3c_target_driver_api_list_end = .

its_driver_api_area
                0x00000000000051d8        0x0
                0x00000000000051d8                _its_driver_api_list_start = .
 *(SORT_BY_NAME(SORT_BY_ALIGNMENT(._its_driver_api.static.*)))
                0x00000000000051d8                _its_driver_api_list_end = .

vtd_driver_api_area
                0x00000000000051d8        0x0
                0x00000000000051d8                _vtd_driver_api_list_start = .
 *(SORT_BY_NAME(SORT_BY_ALIGNMENT(._vtd_driver_api.static.*)))
                0x00000000000051d8                _vtd_driver_api_list_end = .

tgpio_driver_api_area
                0x00000000000051d8        0x0
                0x00000000000051d8                _tgpio_driver_api_list_start = .
 *(SORT_BY_NAME(SORT_BY_ALIGNMENT(._tgpio_driver_api.static.*)))
                0x00000000000051d8                _tgpio_driver_api_list_end = .

pcie_ctrl_driver_api_area
                0x00000000000051d8        0x0
                0x00000000000051d8                _pcie_ctrl_driver_api_list_start = .
 *(SORT_BY_NAME(SORT_BY_ALIGNMENT(._pcie_ctrl_driver_api.static.*)))
                0x00000000000051d8                _pcie_ctrl_driver_api_list_end = .

pcie_ep_driver_api_area
                0x00000000000051d8        0x0
                0x00000000000051d8                _pcie_ep_driver_api_list_start = .
 *(SORT_BY_NAME(SORT_BY_ALIGNMENT(._pcie_ep_driver_api.static.*)))
                0x00000000000051d8                _pcie_ep_driver_api_list_end = .

svc_driver_api_area
                0x00000000000051d8        0x0
                0x00000000000051d8                _svc_driver_api_list_start = .
 *(SORT_BY_NAME(SORT_BY_ALIGNMENT(._svc_driver_api.static.*)))
                0x00000000000051d8                _svc_driver_api_list_end = .

uart_driver_api_area
                0x00000000000051d8        0xc
                0x00000000000051d8                _uart_driver_api_list_start = .
 *(SORT_BY_NAME(SORT_BY_ALIGNMENT(._uart_driver_api.static.*)))
 ._uart_driver_api.static.uart_nrfx_uarte_driver_api_
                0x00000000000051d8        0xc zephyr/drivers/serial/libdrivers__serial.a(uart_nrfx_uarte.c.obj)
                0x00000000000051e4                _uart_driver_api_list_end = .

bc12_emul_driver_api_area
                0x00000000000051e4        0x0
                0x00000000000051e4                _bc12_emul_driver_api_list_start = .
 *(SORT_BY_NAME(SORT_BY_ALIGNMENT(._bc12_emul_driver_api.static.*)))
                0x00000000000051e4                _bc12_emul_driver_api_list_end = .

bc12_driver_api_area
                0x00000000000051e4        0x0
                0x00000000000051e4                _bc12_driver_api_list_start = .
 *(SORT_BY_NAME(SORT_BY_ALIGNMENT(._bc12_driver_api.static.*)))
                0x00000000000051e4                _bc12_driver_api_list_end = .

usbc_ppc_driver_api_area
                0x00000000000051e4        0x0
                0x00000000000051e4                _usbc_ppc_driver_api_list_start = .
 *(SORT_BY_NAME(SORT_BY_ALIGNMENT(._usbc_ppc_driver_api.static.*)))
                0x00000000000051e4                _usbc_ppc_driver_api_list_end = .

tcpc_driver_api_area
                0x00000000000051e4        0x0
                0x00000000000051e4                _tcpc_driver_api_list_start = .
 *(SORT_BY_NAME(SORT_BY_ALIGNMENT(._tcpc_driver_api.static.*)))
                0x00000000000051e4                _tcpc_driver_api_list_end = .

usbc_vbus_driver_api_area
                0x00000000000051e4        0x0
                0x00000000000051e4                _usbc_vbus_driver_api_list_start = .
 *(SORT_BY_NAME(SORT_BY_ALIGNMENT(._usbc_vbus_driver_api.static.*)))
                0x00000000000051e4                _usbc_vbus_driver_api_list_end = .

ivshmem_driver_api_area
                0x00000000000051e4        0x0
                0x00000000000051e4                _ivshmem_driver_api_list_start = .
 *(SORT_BY_NAME(SORT_BY_ALIGNMENT(._ivshmem_driver_api.static.*)))
                0x00000000000051e4                _ivshmem_driver_api_list_end = .

ethphy_driver_api_area
                0x00000000000051e4        0x0
                0x00000000000051e4                _ethphy_driver_api_list_start = .
 *(SORT_BY_NAME(SORT_BY_ALIGNMENT(._ethphy_driver_api.static.*)))
                0x00000000000051e4                _ethphy_driver_api_list_end = .

ztest           0x00000000000051e4        0x0
                0x00000000000051e4                _ztest_expected_result_entry_list_start = .
 *(SORT_BY_NAME(SORT_BY_ALIGNMENT(._ztest_expected_result_entry.static.*)))
                0x00000000000051e4                _ztest_expected_result_entry_list_end = .
                0x00000000000051e4                _ztest_suite_node_list_start = .
 *(SORT_BY_NAME(SORT_BY_ALIGNMENT(._ztest_suite_node.static.*)))
                0x00000000000051e4                _ztest_suite_node_list_end = .
                0x00000000000051e4                _ztest_unit_test_list_start = .
 *(SORT_BY_NAME(SORT_BY_ALIGNMENT(._ztest_unit_test.static.*)))
                0x00000000000051e4                _ztest_unit_test_list_end = .
                0x00000000000051e4                _ztest_test_rule_list_start = .
 *(SORT_BY_NAME(SORT_BY_ALIGNMENT(._ztest_test_rule.static.*)))
                0x00000000000051e4                _ztest_test_rule_list_end = .

init_array      0x00000000000051e4        0x0
 *(SORT_BY_NAME(SORT_BY_ALIGNMENT(.ctors*)))
 *(SORT_BY_NAME(SORT_BY_ALIGNMENT(.init_array*)))
                0x0000000000000001                ASSERT ((SIZEOF (init_array) == 0x0), GNU-style constructors required but STATIC_INIT_GNU not enabled)

bt_l2cap_fixed_chan_area
                0x00000000000051e4        0x0
                0x00000000000051e4                _bt_l2cap_fixed_chan_list_start = .
 *(SORT_BY_NAME(SORT_BY_ALIGNMENT(._bt_l2cap_fixed_chan.static.*)))
                0x00000000000051e4                _bt_l2cap_fixed_chan_list_end = .

bt_gatt_service_static_area
                0x00000000000051e4        0x0
                0x00000000000051e4                _bt_gatt_service_static_list_start = .
 *(SORT_BY_NAME(SORT_BY_ALIGNMENT(._bt_gatt_service_static.static.*)))
                0x00000000000051e4                _bt_gatt_service_static_list_end = .

log_strings_area
                0x00000000000051e4        0x0
                0x00000000000051e4                _log_strings_list_start = .
 *(SORT_BY_NAME(SORT_BY_ALIGNMENT(._log_strings.static.*)))
                0x00000000000051e4                _log_strings_list_end = .

log_stmesp_ptr_area
                0x00000000000051e4        0x0
                0x00000000000051e4                _log_stmesp_ptr_list_start = .
 *(SORT_BY_NAME(SORT_BY_ALIGNMENT(._log_stmesp_ptr.static.*)))
                0x00000000000051e4                _log_stmesp_ptr_list_end = .

log_stmesp_str_area
                0x00000000000051e4        0x0
                0x00000000000051e4                _log_stmesp_str_list_start = .
 *(SORT_BY_NAME(SORT_BY_ALIGNMENT(._log_stmesp_str.static.*)))
                0x00000000000051e4                _log_stmesp_str_list_end = .

log_const_area  0x00000000000051e4        0x0
                0x00000000000051e4                _log_const_list_start = .
 *(SORT_BY_NAME(SORT_BY_ALIGNMENT(._log_const.static.*)))
                0x00000000000051e4                _log_const_list_end = .

log_backend_area
                0x00000000000051e4        0x0
                0x00000000000051e4                _log_backend_list_start = .
 *(SORT_BY_NAME(SORT_BY_ALIGNMENT(._log_backend.static.*)))
                0x00000000000051e4                _log_backend_list_end = .

log_link_area   0x00000000000051e4        0x0
                0x00000000000051e4                _log_link_list_start = .
 *(SORT_BY_NAME(SORT_BY_ALIGNMENT(._log_link.static.*)))
                0x00000000000051e4                _log_link_list_end = .

tracing_backend_area
                0x00000000000051e4        0x0
                0x00000000000051e4                _tracing_backend_list_start = .
 *(SORT_BY_NAME(SORT_BY_ALIGNMENT(._tracing_backend.static.*)))
                0x00000000000051e4                _tracing_backend_list_end = .

zephyr_dbg_info
 *(SORT_BY_ALIGNMENT(.dbg_thread_info))

intc_table_area
                0x00000000000051e4        0x0
                0x00000000000051e4                _intc_table_list_start = .
 *(SORT_BY_NAME(SORT_BY_ALIGNMENT(._intc_table.static.*)))
                0x00000000000051e4                _intc_table_list_end = .

symbol_to_keep  0x00000000000051e4        0x0
                0x00000000000051e4                __symbol_to_keep_start = .
 *(SORT_BY_NAME(SORT_BY_ALIGNMENT(.symbol_to_keep*)))
                0x00000000000051e4                __symbol_to_keep_end = .

shell_area      0x00000000000051e4        0x0
                0x00000000000051e4                _shell_list_start = .
 *(SORT_BY_NAME(SORT_BY_ALIGNMENT(._shell.static.*)))
                0x00000000000051e4                _shell_list_end = .

shell_root_cmds_area
                0x00000000000051e4        0x0
                0x00000000000051e4                _shell_root_cmds_list_start = .
 *(SORT_BY_NAME(SORT_BY_ALIGNMENT(._shell_root_cmds.static.*)))
                0x00000000000051e4                _shell_root_cmds_list_end = .

shell_subcmds_area
                0x00000000000051e4        0x0
                0x00000000000051e4                _shell_subcmds_list_start = .
 *(SORT_BY_NAME(SORT_BY_ALIGNMENT(._shell_subcmds.static.*)))
                0x00000000000051e4                _shell_subcmds_list_end = .

shell_dynamic_subcmds_area
                0x00000000000051e4        0x0
                0x00000000000051e4                _shell_dynamic_subcmds_list_start = .
 *(SORT_BY_NAME(SORT_BY_ALIGNMENT(._shell_dynamic_subcmds.static.*)))
                0x00000000000051e4                _shell_dynamic_subcmds_list_end = .

cfb_font_area   0x00000000000051e4        0x0
                0x00000000000051e4                _cfb_font_list_start = .
 *(SORT_BY_NAME(SORT_BY_ALIGNMENT(._cfb_font.static.*)))
                0x00000000000051e4                _cfb_font_list_end = .

tdata           0x00000000000051e4        0x0
 *(SORT_BY_ALIGNMENT(.tdata) SORT_BY_ALIGNMENT(.tdata.*) SORT_BY_ALIGNMENT(.gnu.linkonce.td.*))

tbss            0x00000000000051e4        0x4
 *(SORT_BY_ALIGNMENT(.tbss) SORT_BY_ALIGNMENT(.tbss.*) SORT_BY_ALIGNMENT(.gnu.linkonce.tb.*) SORT_BY_ALIGNMENT(.tcommon))
 .tbss.z_tls_current
                0x00000000000051e4        0x4 zephyr/libzephyr.a(thread_entry.c.obj)
                0x00000000000051e4                z_tls_current
                0x00000000000051e4                PROVIDE (__tdata_start = LOADADDR (tdata))
                0x0000000000000001                PROVIDE (__tdata_align = ALIGNOF (tdata))
                0x0000000000000000                PROVIDE (__tdata_size = (((SIZEOF (tdata) + __tdata_align) - 0x1) & ~ ((__tdata_align - 0x1))))
                [!provide]                        PROVIDE (__tdata_end = (__tdata_start + __tdata_size))
                0x0000000000000004                PROVIDE (__tbss_align = ALIGNOF (tbss))
                [!provide]                        PROVIDE (__tbss_start = ADDR (tbss))
                0x0000000000000004                PROVIDE (__tbss_size = (((SIZEOF (tbss) + __tbss_align) - 0x1) & ~ ((__tbss_align - 0x1))))
                [!provide]                        PROVIDE (__tbss_end = (__tbss_start + __tbss_size))
                [!provide]                        PROVIDE (__tls_start = __tdata_start)
                [!provide]                        PROVIDE (__tls_end = __tbss_end)
                [!provide]                        PROVIDE (__tls_size = (__tbss_end - __tdata_start))

rodata          0x00000000000051f0      0x284
 *(SORT_BY_ALIGNMENT(.rodata))
 *(SORT_BY_ALIGNMENT(.rodata.*))
 .rodata.delay_machine_code.0
                0x00000000000051f0        0x6 zephyr/soc/soc/nrf52840/libsoc__nordic.a(soc.c.obj)
 *fill*         0x00000000000051f6        0x2 
 .rodata.mem_attr_region
                0x00000000000051f8        0x0 zephyr/libzephyr.a(mem_attr.c.obj)
 .rodata.static_regions
                0x00000000000051f8        0xc zephyr/arch/arch/arm/core/mpu/libarch__arm__core__mpu.a(arm_core_mpu.c.obj)
 .rodata.mpu_config
                0x0000000000005204        0x8 zephyr/arch/arch/arm/core/mpu/libarch__arm__core__mpu.a(arm_mpu_regions.c.obj)
                0x0000000000005204                mpu_config
 .rodata.mpu_regions
                0x000000000000520c       0x18 zephyr/arch/arch/arm/core/mpu/libarch__arm__core__mpu.a(arm_mpu_regions.c.obj)
 .rodata.transitions.0
                0x0000000000005224        0xc zephyr/drivers/clock_control/libdrivers__clock_control.a(clock_control_nrf.c.obj)
 .rodata.config
                0x0000000000005230       0x10 zephyr/drivers/clock_control/libdrivers__clock_control.a(clock_control_nrf.c.obj)
 .rodata.gpio_nrfx_p1_cfg
                0x0000000000005240       0x18 zephyr/drivers/gpio/libdrivers__gpio.a(gpio_nrfx.c.obj)
 .rodata.gpio_nrfx_p0_cfg
                0x0000000000005258       0x18 zephyr/drivers/gpio/libdrivers__gpio.a(gpio_nrfx.c.obj)
 .rodata.led_gpio_config_0
                0x0000000000005270        0x8 zephyr/drivers/led/libdrivers__led.a(led_gpio.c.obj)
 .rodata.gpio_dt_spec_0
                0x0000000000005278       0x20 zephyr/drivers/led/libdrivers__led.a(led_gpio.c.obj)
 .rodata.led_pwm_config_0
                0x0000000000005298        0x8 zephyr/drivers/led/libdrivers__led.a(led_pwm.c.obj)
 .rodata.led_pwm_0
                0x00000000000052a0       0x10 zephyr/drivers/led/libdrivers__led.a(led_pwm.c.obj)
 .rodata.pwm_nrfx_0_config
                0x00000000000052b0       0x40 zephyr/drivers/pwm/libdrivers__pwm.a(pwm_nrfx.c.obj)
 .rodata.__pinctrl_dev_config__device_dts_ord_71
                0x00000000000052f0        0xc zephyr/drivers/pwm/libdrivers__pwm.a(pwm_nrfx.c.obj)
 .rodata.__pinctrl_states__device_dts_ord_71
                0x00000000000052fc        0x8 zephyr/drivers/pwm/libdrivers__pwm.a(pwm_nrfx.c.obj)
 .rodata.__pinctrl_state_pins_0__device_dts_ord_71
                0x0000000000005304        0x8 zephyr/drivers/pwm/libdrivers__pwm.a(pwm_nrfx.c.obj)
 .rodata.uarte_0z_config
                0x000000000000530c       0x20 zephyr/drivers/serial/libdrivers__serial.a(uart_nrfx_uarte.c.obj)
 .rodata.__pinctrl_dev_config__device_dts_ord_115
                0x000000000000532c        0xc zephyr/drivers/serial/libdrivers__serial.a(uart_nrfx_uarte.c.obj)
 .rodata.__pinctrl_states__device_dts_ord_115
                0x0000000000005338        0x8 zephyr/drivers/serial/libdrivers__serial.a(uart_nrfx_uarte.c.obj)
 .rodata.__pinctrl_state_pins_0__device_dts_ord_115
                0x0000000000005340       0x10 zephyr/drivers/serial/libdrivers__serial.a(uart_nrfx_uarte.c.obj)
 .rodata.levels.0
                0x0000000000005350       0x18 zephyr/kernel/libkernel.a(init.c.obj)
 .rodata.main.str1.1
                0x0000000000005368        0x6 app/libapp.a(main.c.obj)
 .rodata.test.str1.1
                0x000000000000536e        0xf app/libapp.a(servo.c.obj)
 .rodata.str1.1
                0x000000000000537d        0xf zephyr/arch/arch/arm/core/mpu/libarch__arm__core__mpu.a(arm_mpu_regions.c.obj)
 .rodata.CSWTCH.5
                0x000000000000538c        0x6 zephyr/soc/soc/nrf52840/libsoc__nordic.a(soc.c.obj)
 .rodata.str1.1
                0x0000000000005392        0xf zephyr/drivers/clock_control/libdrivers__clock_control.a(clock_control_nrf.c.obj)
 .rodata.str1.1
                0x00000000000053a1       0x1c zephyr/drivers/gpio/libdrivers__gpio.a(gpio_nrfx.c.obj)
 .rodata.str1.1
                0x00000000000053bd       0x1c zephyr/drivers/led/libdrivers__led.a(led_gpio.c.obj)
                                          0x5 (size before relaxing)
 .rodata.str1.1
                0x00000000000053bd        0x8 zephyr/drivers/led/libdrivers__led.a(led_pwm.c.obj)
 .rodata.drive_modes
                0x00000000000053c5        0x8 zephyr/drivers/pinctrl/libdrivers__pinctrl.a(pinctrl_nrf.c.obj)
 .rodata.str1.1
                0x00000000000053cd        0xd zephyr/drivers/pwm/libdrivers__pwm.a(pwm_nrfx.c.obj)
 .rodata.str1.1
                0x00000000000053da        0xe zephyr/drivers/serial/libdrivers__serial.a(uart_nrfx_uarte.c.obj)
 .rodata.CSWTCH.14
                0x00000000000053e8        0x6 modules/hal_nordic/nrfx/libmodules__hal_nordic__nrfx.a(system_nrf52840.c.obj)
 .rodata.CSWTCH.5