Archive member included to satisfy reference by file (symbol)

app/libapp.a(main.c.obj)      (--whole-archive)
app/libapp.a(bt.c.obj)        (--whole-archive)
app/libapp.a(classification.c.obj)
                              (--whole-archive)
app/libapp.a(display_data.c.obj)
                              (--whole-archive)
app/libapp.a(serial.c.obj)    (--whole-archive)
app/libapp.a(servo.c.obj)     (--whole-archive)
app/libapp.a(ultrasonic.c.obj)
                              (--whole-archive)
zephyr/libzephyr.a(heap.c.obj)
                              (--whole-archive)
zephyr/libzephyr.a(cbprintf_packaged.c.obj)
                              (--whole-archive)
zephyr/libzephyr.a(printk.c.obj)
                              (--whole-archive)
zephyr/libzephyr.a(sem.c.obj)
                              (--whole-archive)
zephyr/libzephyr.a(thread_entry.c.obj)
                              (--whole-archive)
zephyr/libzephyr.a(cbprintf_complete.c.obj)
                              (--whole-archive)
zephyr/libzephyr.a(cbprintf.c.obj)
                              (--whole-archive)
zephyr/libzephyr.a(assert.c.obj)
                              (--whole-archive)
zephyr/libzephyr.a(mpsc_pbuf.c.obj)
                              (--whole-archive)
zephyr/libzephyr.a(dec.c.obj)
                              (--whole-archive)
zephyr/libzephyr.a(hex.c.obj)
                              (--whole-archive)
zephyr/libzephyr.a(rb.c.obj)  (--whole-archive)
zephyr/libzephyr.a(timeutil.c.obj)
                              (--whole-archive)
zephyr/libzephyr.a(bitarray.c.obj)
                              (--whole-archive)
zephyr/libzephyr.a(onoff.c.obj)
                              (--whole-archive)
zephyr/libzephyr.a(notify.c.obj)
                              (--whole-archive)
zephyr/libzephyr.a(ring_buffer.c.obj)
                              (--whole-archive)
zephyr/libzephyr.a(configs.c.obj)
                              (--whole-archive)
zephyr/libzephyr.a(log_core.c.obj)
                              (--whole-archive)
zephyr/libzephyr.a(log_mgmt.c.obj)
                              (--whole-archive)
zephyr/libzephyr.a(log_cache.c.obj)
                              (--whole-archive)
zephyr/libzephyr.a(log_msg.c.obj)
                              (--whole-archive)
zephyr/libzephyr.a(log_output.c.obj)
                              (--whole-archive)
zephyr/libzephyr.a(log_backend_rtt.c.obj)
                              (--whole-archive)
zephyr/libzephyr.a(log_backend_uart.c.obj)
                              (--whole-archive)
zephyr/libzephyr.a(mem_attr.c.obj)
                              (--whole-archive)
zephyr/libzephyr.a(tracing_none.c.obj)
                              (--whole-archive)
zephyr/libzephyr.a(usb_device.c.obj)
                              (--whole-archive)
zephyr/libzephyr.a(usb_descriptor.c.obj)
                              (--whole-archive)
zephyr/libzephyr.a(usb_transfer.c.obj)
                              (--whole-archive)
zephyr/libzephyr.a(cdc_acm.c.obj)
                              (--whole-archive)
zephyr/libzephyr.a(usb_work_q.c.obj)
                              (--whole-archive)
zephyr/arch/common/libarch__common.a(sw_isr_common.c.obj)
                              (--whole-archive)
zephyr/arch/arch/arm/core/libarch__arm__core.a(fatal.c.obj)
                              (--whole-archive)
zephyr/arch/arch/arm/core/libarch__arm__core.a(nmi.c.obj)
                              (--whole-archive)
zephyr/arch/arch/arm/core/libarch__arm__core.a(nmi_on_reset.S.obj)
                              (--whole-archive)
zephyr/arch/arch/arm/core/cortex_m/libarch__arm__core__cortex_m.a(exc_exit.c.obj)
                              (--whole-archive)
zephyr/arch/arch/arm/core/cortex_m/libarch__arm__core__cortex_m.a(fault.c.obj)
                              (--whole-archive)
zephyr/arch/arch/arm/core/cortex_m/libarch__arm__core__cortex_m.a(fault_s.S.obj)
                              (--whole-archive)
zephyr/arch/arch/arm/core/cortex_m/libarch__arm__core__cortex_m.a(fpu.c.obj)
                              (--whole-archive)
zephyr/arch/arch/arm/core/cortex_m/libarch__arm__core__cortex_m.a(reset.S.obj)
                              (--whole-archive)
zephyr/arch/arch/arm/core/cortex_m/libarch__arm__core__cortex_m.a(scb.c.obj)
                              (--whole-archive)
zephyr/arch/arch/arm/core/cortex_m/libarch__arm__core__cortex_m.a(thread_abort.c.obj)
                              (--whole-archive)
zephyr/arch/arch/arm/core/cortex_m/libarch__arm__core__cortex_m.a(vector_table.S.obj)
                              (--whole-archive)
zephyr/arch/arch/arm/core/cortex_m/libarch__arm__core__cortex_m.a(swap_helper.S.obj)
                              (--whole-archive)
zephyr/arch/arch/arm/core/cortex_m/libarch__arm__core__cortex_m.a(irq_manage.c.obj)
                              (--whole-archive)
zephyr/arch/arch/arm/core/cortex_m/libarch__arm__core__cortex_m.a(prep_c.c.obj)
[...]
Memory Configuration

Name             Origin             Length             Attributes
FLASH            0x0000000000000000 0x0000000000100000 xr
RAM              0x0000000020000000 0x0000000000040000 xw
IDT_LIST         0x00000000ffff7fff 0x0000000000008000 xw
*default*        0x0000000000000000 0xffffffffffffffff

Linker script and memory map

LOAD zephyr/CMakeFiles/zephyr_final.dir/misc/empty_file.c.obj
LOAD zephyr/CMakeFiles/zephyr_final.dir/isr_tables.c.obj
LOAD zephyr/CMakeFiles/offsets.dir/./arch/arm/core/offsets/offsets.c.obj
LOAD app/libapp.a
LOAD zephyr/libzephyr.a
LOAD zephyr/arch/common/libarch__common.a
LOAD zephyr/arch/arch/arm/core/libarch__arm__core.a
LOAD zephyr/arch/arch/arm/core/cortex_m/libarch__arm__core__cortex_m.a
LOAD zephyr/arch/arch/arm/core/mpu/libarch__arm__core__mpu.a
LOAD zephyr/lib/libc/newlib/liblib__libc__newlib.a
LOAD zephyr/lib/libc/common/liblib__libc__common.a
LOAD zephyr/lib/net_buf/liblib__net_buf.a
LOAD zephyr/soc/soc/nrf52840/libsoc__nordic.a
LOAD zephyr/subsys/random/libsubsys__random.a
LOAD zephyr/subsys/bluetooth/common/libsubsys__bluetooth__common.a
LOAD zephyr/subsys/bluetooth/host/libsubsys__bluetooth__host.a
LOAD zephyr/subsys/bluetooth/controller/libsubsys__bluetooth__controller.a
LOAD zephyr/subsys/bluetooth/controller/ll_sw/nordic/libsubsys__bluetooth__controller__ll_sw__nordic.a
LOAD zephyr/drivers/usb/device/libdrivers__usb__device.a
LOAD zephyr/drivers/usb/common/nrf_usbd_common/libdrivers__usb__common__nrf_usbd_common.a
LOAD zephyr/drivers/clock_control/libdrivers__clock_control.a
LOAD zephyr/drivers/console/libdrivers__console.a
LOAD zephyr/drivers/entropy/libdrivers__entropy.a
LOAD zephyr/drivers/gpio/libdrivers__gpio.a
LOAD zephyr/drivers/hwinfo/libdrivers__hwinfo.a
LOAD zephyr/drivers/led/libdrivers__led.a
LOAD zephyr/drivers/pinctrl/libdrivers__pinctrl.a
LOAD zephyr/drivers/pwm/libdrivers__pwm.a
LOAD zephyr/drivers/serial/libdrivers__serial.a
LOAD zephyr/drivers/timer/libdrivers__timer.a
LOAD modules/hal_nordic/nrfx/libmodules__hal_nordic__nrfx.a
LOAD modules/segger/libmodules__segger.a
LOAD zephyr/kernel/libkernel.a
LOAD zephyr/arch/common/libisr_tables.a
LOAD /Users/wendi/zephyr_install/zephyr-sdk-0.17.0/arm-zephyr-eabi/arm-zephyr-eabi/lib/thumb/v7e-m/nofp/libm.a
LOAD /Users/wendi/zephyr_install/zephyr-sdk-0.17.0/arm-zephyr-eabi/arm-zephyr-eabi/lib/thumb/v7e-m/nofp/libc.a
LOAD /Users/wendi/zephyr_install/zephyr-sdk-0.17.0/arm-zephyr-eabi/bin/../lib/gcc/arm-zephyr-eabi/12.2.0/thumb/v7e-m/nofp/libgcc.a
LOAD /Users/wendi/zephyr_install/zephyr-sdk-0.17.0/arm-zephyr-eabi/arm-zephyr-eabi/lib/thumb/v7e-m/nofp/libc.a
                0x0000000000000020                _region_min_align = 0x20

.rel.plt        0x0000000000000000        0x0
 *(SORT_BY_ALIGNMENT(.rel.plt))
                [!provide]                        PROVIDE (__rel_iplt_start = .)
 *(SORT_BY_ALIGNMENT(.rel.iplt))
 .rel.iplt      0x0000000000000000        0x0 zephyr/CMakeFiles/zephyr_final.dir/isr_tables.c.obj
                [!provide]                        PROVIDE (__rel_iplt_end = .)

.rela.plt       0x0000000000000000        0x0
 *(SORT_BY_ALIGNMENT(.rela.plt))
                [!provide]                        PROVIDE (__rela_iplt_start = .)
 *(SORT_BY_ALIGNMENT(.rela.iplt))
                [!provide]                        PROVIDE (__rela_iplt_end = .)

.rel.dyn
 *(SORT_BY_ALIGNMENT(.rel.*))

.rela.dyn
 *(SORT_BY_ALIGNMENT(.rela.*))

/DISCARD/
 *(SORT_BY_ALIGNMENT(.plt))

/DISCARD/
 *(SORT_BY_ALIGNMENT(.iplt))
                0x0000000000000000                __rom_region_start = 0x0

rom_start       0x0000000000000000      0x100
                0x0000000000000000                __rom_start_address = .
 FILL mask 0x00
                0x0000000000000000                . = (. + (0x0 - (. - __rom_start_address)))
                0x0000000000000000                . = ALIGN (0x4)
                0x0000000000000000                . = ALIGN (0x80)
                0x0000000000000000                . = ALIGN (0x100)
                0x0000000000000000                _vector_start = .
 *(SORT_BY_ALIGNMENT(.exc_vector_table))
 *(SORT_BY_ALIGNMENT(.exc_vector_table.*))
 .exc_vector_table._vector_table_section
                0x0000000000000000       0x40 zephyr/arch/arch/arm/core/cortex_m/libarch__arm__core__cortex_m.a(vector_table.S.obj)
                0x0000000000000000                _vector_table
 *(SORT_BY_ALIGNMENT(.vectors))
                0x0000000000000100                _vector_end = .
                0x0000000000000040                . = ALIGN (0x4)
 *(SORT_BY_ALIGNMENT(.gnu.linkonce.irq_vector_table*))
 .gnu.linkonce.irq_vector_table
                0x0000000000000040       0xc0 zephyr/CMakeFiles/zephyr_final.dir/isr_tables.c.obj
                0x0000000000000040                _irq_vector_table
                0x0000000000000100                _vector_end = .

text            0x0000000000000100    0x2a368
                0x0000000000000100                __text_region_start = .
 *(SORT_BY_ALIGNMENT(.text))
 .text          0x0000000000000100       0xdc /Users/wendi/zephyr_install/zephyr-sdk-0.17.0/arm-zephyr-eabi/arm-zephyr-eabi/lib/thumb/v7e-m/nofp/libc.a(lib_a-strlen.o)
                0x0000000000000100                strlen
 *fill*         0x00000000000001dc        0x4 
 .text          0x00000000000001e0       0xa0 /Users/wendi/zephyr_install/zephyr-sdk-0.17.0/arm-zephyr-eabi/arm-zephyr-eabi/lib/thumb/v7e-m/nofp/libc.a(lib_a-memchr.o)
                0x00000000000001e0                memchr
 .text          0x0000000000000280      0x134 /Users/wendi/zephyr_install/zephyr-sdk-0.17.0/arm-zephyr-eabi/arm-zephyr-eabi/lib/thumb/v7e-m/nofp/libc.a(lib_a-memcpy.o)
                0x0000000000000280                memcpy
 .text          0x00000000000003b4      0x378 /Users/wendi/zephyr_install/zephyr-sdk-0.17.0/arm-zephyr-eabi/bin/../lib/gcc/arm-zephyr-eabi/12.2.0/thumb/v7e-m/nofp/libgcc.a(_arm_addsubdf3.o)
                0x00000000000003b4                __aeabi_drsub
                0x00000000000003bc                __subdf3
                0x00000000000003bc                __aeabi_dsub
                0x00000000000003c0                __aeabi_dadd
                0x00000000000003c0                __adddf3
                0x0000000000000638                __aeabi_ui2d
                0x0000000000000638                __floatunsidf
                0x0000000000000658                __floatsidf
                0x0000000000000658                __aeabi_i2d
                0x000000000000067c                __extendsfdf2
                0x000000000000067c                __aeabi_f2d
                0x00000000000006c0                __aeabi_ul2d
                0x00000000000006c0                __floatundidf
                0x00000000000006d0                __aeabi_l2d
                0x00000000000006d0                __floatdidf
 .text          0x000000000000072c      0x424 /Users/wendi/zephyr_install/zephyr-sdk-0.17.0/arm-zephyr-eabi/bin/../lib/gcc/arm-zephyr-eabi/12.2.0/thumb/v7e-m/nofp/libgcc.a(_arm_muldivdf3.o)
                0x000000000000072c                __aeabi_dmul
                0x000000000000072c                __muldf3
                0x0000000000000980                __aeabi_ddiv
                0x0000000000000980                __divdf3
 .text          0x0000000000000b50      0x110 /Users/wendi/zephyr_install/zephyr-sdk-0.17.0/arm-zephyr-eabi/bin/../lib/gcc/arm-zephyr-eabi/12.2.0/thumb/v7e-m/nofp/libgcc.a(_arm_cmpdf2.o)
                0x0000000000000b50                __gedf2
                0x0000000000000b50                __gtdf2
                0x0000000000000b58                __ledf2
                0x0000000000000b58                __ltdf2
                0x0000000000000b60                __cmpdf2
                0x0000000000000b60                __eqdf2
                0x0000000000000b60                __nedf2
                0x0000000000000bdc                __aeabi_cdrcmple
                0x0000000000000bec                __aeabi_cdcmple
                0x0000000000000bec                __aeabi_cdcmpeq
                0x0000000000000bfc                __aeabi_dcmpeq
                0x0000000000000c10                __aeabi_dcmplt
                0x0000000000000c24                __aeabi_dcmple
                0x0000000000000c38                __aeabi_dcmpge
                0x0000000000000c4c                __aeabi_dcmpgt
 .text          0x0000000000000c60       0x2c /Users/wendi/zephyr_install/zephyr-sdk-0.17.0/arm-zephyr-eabi/bin/../lib/gcc/arm-zephyr-eabi/12.2.0/thumb/v7e-m/nofp/libgcc.a(_arm_unorddf2.o)
                0x0000000000000c60                __aeabi_dcmpun
                0x0000000000000c60                __unorddf2
 .text          0x0000000000000c8c       0x50 /Users/wendi/zephyr_install/zephyr-sdk-0.17.0/arm-zephyr-eabi/bin/../lib/gcc/arm-zephyr-eabi/12.2.0/thumb/v7e-m/nofp/libgcc.a(_arm_fixdfsi.o)
                0x0000000000000c8c                __fixdfsi
                0x0000000000000c8c                __aeabi_d2iz
 .text          0x0000000000000cdc       0xa0 /Users/wendi/zephyr_install/zephyr-sdk-0.17.0/arm-zephyr-eabi/bin/../lib/gcc/arm-zephyr-eabi/12.2.0/thumb/v7e-m/nofp/libgcc.a(_arm_truncdfsf2.o)
                0x0000000000000cdc                __aeabi_d2f
                0x0000000000000cdc                __truncdfsf2
 .text          0x0000000000000d7c      0x21c /Users/wendi/zephyr_install/zephyr-sdk-0.17.0/arm-zephyr-eabi/bin/../lib/gcc/arm-zephyr-eabi/12.2.0/thumb/v7e-m/nofp/libgcc.a(_arm_addsubsf3.o)
                0x0000000000000d7c                __aeabi_frsub
                0x0000000000000d84                __aeabi_fsub
                0x0000000000000d84                __subsf3
                0x0000000000000d88                __aeabi_fadd
                0x0000000000000d88                __addsf3
                0x0000000000000ee8                __aeabi_ui2f
                0x0000000000000ee8                __floatunsisf
                0x0000000000000ef0                __floatsisf
                0x0000000000000ef0                __aeabi_i2f
                0x0000000000000f0c                __aeabi_ul2f
                0x0000000000000f0c                __floatundisf
                0x0000000000000f1c                __aeabi_l2f
                0x0000000000000f1c                __floatdisf
 .text          0x0000000000000f98      0x2a0 /Users/wendi/zephyr_install/zephyr-sdk-0.17.0/arm-zephyr-eabi/bin/../lib/gcc/arm-zephyr-eabi/12.2.0/thumb/v7e-m/nofp/libgcc.a(_arm_muldivsf3.o)
                0x0000000000000f98                __mulsf3
                0x0000000000000f98                __aeabi_fmul
                0x0000000000001100                __divsf3
                0x0000000000001100                __aeabi_fdiv
 .text          0x0000000000001238       0xec /Users/wendi/zephyr_install/zephyr-sdk-0.17.0/arm-zephyr-eabi/bin/../lib/gcc/arm-zephyr-eabi/12.2.0/thumb/v7e-m/nofp/libgcc.a(_arm_cmpsf2.o)
                0x0000000000001238                __gesf2
                0x0000000000001238                __gtsf2
                0x0000000000001240                __ltsf2
                0x0000000000001240                __lesf2
                0x0000000000001248                __nesf2
                0x0000000000001248                __eqsf2
                0x0000000000001248                __cmpsf2
                0x00000000000012a8                __aeabi_cfrcmple
                0x00000000000012b0                __aeabi_cfcmpeq
                0x00000000000012b0                __aeabi_cfcmple
                0x00000000000012c0                __aeabi_fcmpeq
                0x00000000000012d4                __aeabi_fcmplt
                0x00000000000012e8                __aeabi_fcmple
                0x00000000000012fc                __aeabi_fcmpge
                0x0000000000001310                __aeabi_fcmpgt
 .text          0x0000000000001324       0x4c /Users/wendi/zephyr_install/zephyr-sdk-0.17.0/arm-zephyr-eabi/bin/../lib/gcc/arm-zephyr-eabi/12.2.0/thumb/v7e-m/nofp/libgcc.a(_arm_fixsfsi.o)
                0x0000000000001324                __fixsfsi
                0x0000000000001324                __aeabi_f2iz
 .text          0x0000000000001370       0x40 /Users/wendi/zephyr_install/zephyr-sdk-0.17.0/arm-zephyr-eabi/bin/../lib/gcc/arm-zephyr-eabi/12.2.0/thumb/v7e-m/nofp/libgcc.a(_arm_fixunssfsi.o)
                0x0000000000001370                __aeabi_f2uiz
                0x0000000000001370                __fixunssfsi
 .text          0x00000000000013b0       0x30 /Users/wendi/zephyr_install/zephyr-sdk-0.17.0/arm-zephyr-eabi/bin/../lib/gcc/arm-zephyr-eabi/12.2.0/thumb/v7e-m/nofp/libgcc.a(_aeabi_uldivmod.o)
                0x00000000000013b0                __aeabi_uldivmod
 .text          0x00000000000013e0        0x4 /Users/wendi/zephyr_install/zephyr-sdk-0.17.0/arm-zephyr-eabi/bin/../lib/gcc/arm-zephyr-eabi/12.2.0/thumb/v7e-m/nofp/libgcc.a(_dvmd_tls.o)
                0x00000000000013e0                __aeabi_ldiv0
                0x00000000000013e0                __aeabi_idiv0
 .text          0x00000000000013e4      0x2a0 /Users/wendi/zephyr_install/zephyr-sdk-0.17.0/arm-zephyr-eabi/bin/../lib/gcc/arm-zephyr-eabi/12.2.0/thumb/v7e-m/nofp/libgcc.a(_udivmoddi4.o)
                0x00000000000013e4                __udivmoddi4
 *(SORT_BY_ALIGNMENT(.text.*))
 *fill*         0x0000000000001684        0x4 
 .text.set_position
                0x0000000000001688       0xb4 app/libapp.a(servo.c.obj)
                0x0000000000001688                set_position
 *fill*         0x000000000000173c        0x4 
 .text.sample_fill_level_thread
                0x0000000000001740       0x7c app/libapp.a(ultrasonic.c.obj)
                0x0000000000001740                sample_fill_level_thread
 *fill*         0x00000000000017bc        0x4 
 .text.ull_drift_ticks_get
                0x00000000000017c0       0x90 zephyr/subsys/bluetooth/controller/libsubsys__bluetooth__controller.a(ull.c.obj)
                0x00000000000017c0                ull_drift_ticks_get
 .text.ll_adv_enable
                0x0000000000001850      0x340 zephyr/subsys/bluetooth/controller/libsubsys__bluetooth__controller.a(ull_adv.c.obj)
                0x0000000000001850                ll_adv_enable
 .text.ull_adv_time_update
                0x0000000000001b90       0xbc zephyr/subsys/bluetooth/controller/libsubsys__bluetooth__controller.a(ull_adv.c.obj)
                0x0000000000001b90                ull_adv_time_update
 *fill*         0x0000000000001c4c        0x4 
 .text.ll_scan_params_set
                0x0000000000001c50       0x70 zephyr/subsys/bluetooth/controller/libsubsys__bluetooth__controller.a(ull_scan.c.obj)
                0x0000000000001c50                ll_scan_params_set
 .text.ull_scan_enable
                0x0000000000001cc0      0x140 zephyr/subsys/bluetooth/controller/libsubsys__bluetooth__controller.a(ull_scan.c.obj)
                0x0000000000001cc0                ull_scan_enable
 .text.ull_conn_update_ticker.constprop.0
                0x0000000000001e00      0x134 zephyr/subsys/bluetooth/controller/libsubsys__bluetooth__controller.a(ull_conn.c.obj)
 *fill*         0x0000000000001f34        0x4 
 .text.ull_conn_done
                0x0000000000001f38      0x410 zephyr/subsys/bluetooth/controller/libsubsys__bluetooth__controller.a(ull_conn.c.obj)
                0x0000000000001f38                ull_conn_done
 .text.ull_conn_update_parameters
                0x0000000000002348      0x2e0 zephyr/subsys/bluetooth/controller/libsubsys__bluetooth__controller.a(ull_conn.c.obj)
                0x0000000000002348                ull_conn_update_parameters
 .text.ull_periph_setup
                0x0000000000002628      0x440 zephyr/subsys/bluetooth/controller/libsubsys__bluetooth__controller.a(ull_peripheral.c.obj)
                0x0000000000002628                ull_periph_setup
 .text.prepare_cb
                0x0000000000002a68      0x14c zephyr/subsys/bluetooth/controller/ll_sw/nordic/libsubsys__bluetooth__controller__ll_sw__nordic.a(lll_adv.c.obj)
 *fill*         0x0000000000002bb4        0x4 
 .text.common_prepare_cb
                0x0000000000002bb8      0x1fc zephyr/subsys/bluetooth/controller/ll_sw/nordic/libsubsys__bluetooth__controller__ll_sw__nordic.a(lll_scan.c.obj)
 *fill*         0x0000000000002db4        0x4 
 .text.prepare_cb
                0x0000000000002db8      0x260 zephyr/subsys/bluetooth/controller/ll_sw/nordic/libsubsys__bluetooth__controller__ll_sw__nordic.a(lll_peripheral.c.obj)
 .text.pwm_set  0x0000000000003018       0x9c zephyr/drivers/led/libdrivers__led.a(led_pwm.c.obj)
 *fill*         0x00000000000030b4        0x4 
 .text._dtoa_r  0x00000000000030b8      0xe48 /Users/wendi/zephyr_install/zephyr-sdk-0.17.0/arm-zephyr-eabi/arm-zephyr-eabi/lib/thumb/v7e-m/nofp/libc.a(lib_a-dtoa.o)
                0x00000000000030b8                _dtoa_r
 .text.main     0x0000000000003f00       0x44 app/libapp.a(main.c.obj)
                0x0000000000003f00                main
 .text.bt_advertiser_thread
                0x0000000000003f44      0x12c app/libapp.a(bt.c.obj)
                0x0000000000003f44                bt_advertiser_thread
 .text.bt_advertiser_init
                0x0000000000004070       0x3c app/libapp.a(bt.c.obj)
                0x0000000000004070                bt_advertiser_init
 .text.receive_voc_thread
                0x00000000000040ac       0x40 app/libapp.a(classification.c.obj)
                0x00000000000040ac                receive_voc_thread
 .text.device_found
                0x00000000000040ec       0xdc app/libapp.a(classification.c.obj)
 .text.button_thread
                0x00000000000041c8       0x90 app/libapp.a(classification.c.obj)
                0x00000000000041c8                button_thread
 .text.process_class
                0x0000000000004258       0x40 app/libapp.a(classification.c.obj)
                0x0000000000004258                process_class
 .text.receive_classification_thread
                0x0000000000004298       0xa4 app/libapp.a(classification.c.obj)
                0x0000000000004298                receive_classification_thread
 .text.threads_init
                0x000000000000433c       0x8c app/libapp.a(classification.c.obj)
                0x000000000000433c                threads_init
 .text.interrupt_handler
                0x00000000000043c8       0xc8 app/libapp.a(serial.c.obj)
 .text.z_impl_uart_irq_rx_enable.constprop.0
                0x0000000000004490       0x10 app/libapp.a(serial.c.obj)
 .text.process_data_thread
                0x00000000000044a0      0x110 app/libapp.a(serial.c.obj)
                0x00000000000044a0                process_data_thread
 .text.send_to_jetson
                0x00000000000045b0       0x38 app/libapp.a(serial.c.obj)
                0x00000000000045b0                send_to_jetson
 .text.send_classification_result
                0x00000000000045e8       0x20 app/libapp.a(serial.c.obj)
                0x00000000000045e8                send_classification_result
 .text.send_fill_result
                0x0000000000004608       0x30 app/libapp.a(serial.c.obj)
                0x0000000000004608                send_fill_result
 .text.serial_init
                0x0000000000004638      0x150 app/libapp.a(serial.c.obj)
                0x0000000000004638                serial_init
 .text.receive_position_thread
                0x0000000000004788       0x2c app/libapp.a(servo.c.obj)
                0x0000000000004788                receive_position_thread
 .text.ultrasonic_setup
                0x00000000000047b4       0x5c app/libapp.a(ultrasonic.c.obj)
                0x00000000000047b4                ultrasonic_setup
 .text.trigger_pulse
                0x0000000000004810       0x30 app/libapp.a(ultrasonic.c.obj)
                0x0000000000004810                trigger_pulse
 .text.measure_echo_duration_us
                0x0000000000004840       0x3c app/libapp.a(ultrasonic.c.obj)
                0x0000000000004840                measure_echo_duration_us
 .text.cbvprintf_package
                0x000000000000487c      0x3a4 zephyr/libzephyr.a(cbprintf_packaged.c.obj)
                0x000000000000487c                cbvprintf_package
 .text.cbprintf_package_convert
                0x0000000000004c20      0x3cc zephyr/libzephyr.a(cbprintf_packaged.c.obj)
                0x0000000000004c20                cbprintf_package_convert
 .text.__printk_hook_install
                0x0000000000004fec        0xc zephyr/libzephyr.a(printk.c.obj)
                0x0000000000004fec                __printk_hook_install
 .text.vsnprintk
                0x0000000000004ff8       0x2c zephyr/libzephyr.a(printk.c.obj)
                0x0000000000004ff8                vsnprintk
 .text.extract_decimal
                0x0000000000005024       0x2c zephyr/libzephyr.a(cbprintf_complete.c.obj)
 .text.encode_uint
                0x0000000000005050       0x9c zephyr/libzephyr.a(cbprintf_complete.c.obj)
 .text.z_cbvprintf_impl
                0x00000000000050ec      0xd10 zephyr/libzephyr.a(cbprintf_complete.c.obj)
                0x00000000000050ec                z_cbvprintf_impl
 .text.process_event
                0x0000000000005dfc      0x21c zephyr/libzephyr.a(onoff.c.obj)
 .text.activate_foreach_backend
                0x0000000000006018       0x64 zephyr/libzephyr.a(log_core.c.obj)
 .text.enable_logger
                0x000000000000607c       0x5c zephyr/libzephyr.a(log_core.c.obj)
 .text.log_process_thread_timer_expiry_fn
                0x00000000000060d8        0xc zephyr/libzephyr.a(log_core.c.obj)
 .text.z_log_init
                0x00000000000060e4       0xa4 zephyr/libzephyr.a(log_core.c.obj)
 .text.log_format_func_t_get
                0x0000000000006188        0xc zephyr/libzephyr.a(log_core.c.obj)
                0x0000000000006188                log_format_func_t_get
 .text.log_set_timestamp_func
                0x0000000000006194       0x20 zephyr/libzephyr.a(log_core.c.obj)
                0x0000000000006194                log_set_timestamp_func
 .text.z_log_notify_backend_enabled
                0x00000000000061b4       0x1c zephyr/libzephyr.a(log_core.c.obj)
                0x00000000000061b4                z_log_notify_backend_enabled
 .text.z_log_dropped
                0x00000000000061d0       0x44 zephyr/libzephyr.a(log_core.c.obj)
                0x00000000000061d0                z_log_dropped
 .text.z_log_dropped_read_and_clear
                0x0000000000006214       0x20 zephyr/libzephyr.a(log_core.c.obj)
                0x0000000000006214                z_log_dropped_read_and_clear
 .text.dropped_notify
                0x0000000000006234       0x30 zephyr/libzephyr.a(log_core.c.obj)
                0x0000000000006234                dropped_notify
 .text.z_log_msg_init
                0x0000000000006264       0x20 zephyr/libzephyr.a(log_core.c.obj)
                0x0000000000006264                z_log_msg_init
 .text.log_core_init
                0x0000000000006284       0x34 zephyr/libzephyr.a(log_core.c.obj)
                0x0000000000006284                log_core_init
 .text.z_log_msg_alloc
                0x00000000000062b8       0x10 zephyr/libzephyr.a(log_core.c.obj)
                0x00000000000062b8                z_log_msg_alloc
 .text.z_log_msg_local_claim
                0x00000000000062c8        0xc zephyr/libzephyr.a(log_core.c.obj)
                0x00000000000062c8                z_log_msg_local_claim
 .text.z_log_msg_free
                0x00000000000062d4       0x10 zephyr/libzephyr.a(log_core.c.obj)
                0x00000000000062d4                z_log_msg_free
 .text.z_log_msg_pending
                0x00000000000062e4        0xc zephyr/libzephyr.a(log_core.c.obj)
                0x00000000000062e4                z_log_msg_pending
 .text.z_impl_log_process
                0x00000000000062f0       0xc0 zephyr/libzephyr.a(log_core.c.obj)
                0x00000000000062f0                z_impl_log_process
 .text.z_impl_log_panic
                0x00000000000063b0       0x44 zephyr/libzephyr.a(log_core.c.obj)
                0x00000000000063b0                z_impl_log_panic
 .text.log_process_thread_func
                0x00000000000063f4       0x9c zephyr/libzephyr.a(log_core.c.obj)
 .text.z_log_msg_post_finalize
                0x0000000000006490       0x78 zephyr/libzephyr.a(log_core.c.obj)
 .text.z_log_msg_commit
                0x0000000000006508       0x24 zephyr/libzephyr.a(log_core.c.obj)
                0x0000000000006508                z_log_msg_commit
 .text.log_source_name_get
                0x000000000000652c       0x1c zephyr/libzephyr.a(log_mgmt.c.obj)
                0x000000000000652c                log_source_name_get
 .text.z_impl_z_log_msg_static_create
                0x0000000000006548      0x108 zephyr/libzephyr.a(log_msg.c.obj)
                0x0000000000006548                z_impl_z_log_msg_static_create
 .text.z_log_msg_runtime_vcreate
                0x0000000000006650       0xa0 zephyr/libzephyr.a(log_msg.c.obj)
                0x0000000000006650                z_log_msg_runtime_vcreate
 .text.log_msg_get_source_id
                0x00000000000066f0       0x18 zephyr/libzephyr.a(log_msg.c.obj)
                0x00000000000066f0                log_msg_get_source_id
 .text.print_formatted
                0x0000000000006708       0x24 zephyr/libzephyr.a(log_output.c.obj)
 .text.newline_print
                0x000000000000672c       0x1c zephyr/libzephyr.a(log_output.c.obj)
 .text.log_output_process
                0x0000000000006748      0x2dc zephyr/libzephyr.a(log_output.c.obj)
                0x0000000000006748                log_output_process
 .text.log_output_dropped_process
                0x0000000000006a24       0x58 zephyr/libzephyr.a(log_output.c.obj)
                0x0000000000006a24                log_output_dropped_process
 .text.log_output_timestamp_freq_set
                0x0000000000006a7c       0x2c zephyr/libzephyr.a(log_output.c.obj)
                0x0000000000006a7c                log_output_timestamp_freq_set
 .text.log_backend_rtt_init
                0x0000000000006aa8        0xc zephyr/libzephyr.a(log_backend_rtt.c.obj)
 .text.format_set
                0x0000000000006ab4        0xc zephyr/libzephyr.a(log_backend_rtt.c.obj)
 .text.dropped  0x0000000000006ac0        0xc zephyr/libzephyr.a(log_backend_rtt.c.obj)
 .text.process  0x0000000000006acc       0x24 zephyr/libzephyr.a(log_backend_rtt.c.obj)
 .text.panic    0x0000000000006af0       0x34 zephyr/libzephyr.a(log_backend_rtt.c.obj)
 .text.on_failed_write
                0x0000000000006b24       0x28 zephyr/libzephyr.a(log_backend_rtt.c.obj)
 .text.data_out_block_mode
                0x0000000000006b4c       0x88 zephyr/libzephyr.a(log_backend_rtt.c.obj)
 .text.char_out
                0x0000000000006bd4       0x24 zephyr/libzephyr.a(log_backend_uart.c.obj)
 .text.mem_attr_get_regions
                0x0000000000006bf8        0xc zephyr/libzephyr.a(mem_attr.c.obj)
                0x0000000000006bf8                mem_attr_get_regions
 .text.class_handler
                0x0000000000006c04       0x40 zephyr/libzephyr.a(usb_device.c.obj)
 .text.custom_handler
                0x0000000000006c44       0x60 zephyr/libzephyr.a(usb_device.c.obj)
 .text.vendor_handler
                0x0000000000006ca4       0x3c zephyr/libzephyr.a(usb_device.c.obj)
 .text.usb_reset_alt_setting
                0x0000000000006ce0       0x10 zephyr/libzephyr.a(usb_device.c.obj)
 .text.is_ep_valid.part.0
                0x0000000000006cf0       0x38 zephyr/libzephyr.a(usb_device.c.obj)
 .text.usb_handle_request.constprop.0
                0x0000000000006d28       0x2c zephyr/libzephyr.a(usb_device.c.obj)
 .text.usb_halt_endpoint_req.isra.0
                0x0000000000006d54       0x50 zephyr/libzephyr.a(usb_device.c.obj)
 .text.get_ep_bm_from_addr.part.0
                0x0000000000006da4       0x1c zephyr/libzephyr.a(usb_device.c.obj)
 .text.forward_status_cb
                0x0000000000006dc0       0xb0 zephyr/libzephyr.a(usb_device.c.obj)
 .text.disable_endpoint
                0x0000000000006e70       0x48 zephyr/libzephyr.a(usb_device.c.obj)
 .text.set_endpoint
                0x0000000000006eb8       0xa4 zephyr/libzephyr.a(usb_device.c.obj)
 .text.usb_handle_standard_request
                0x0000000000006f5c      0x2ec zephyr/libzephyr.a(usb_device.c.obj)
 .text.usb_data_to_host
                0x0000000000007248       0x60 zephyr/libzephyr.a(usb_device.c.obj)
 .text.usb_handle_control_transfer
                0x00000000000072a8       0xf4 zephyr/libzephyr.a(usb_device.c.obj)
 .text.usb_set_config
                0x000000000000739c       0x2c zephyr/libzephyr.a(usb_device.c.obj)
                0x000000000000739c                usb_set_config
 .text.usb_enable
                0x00000000000073c8      0x158 zephyr/libzephyr.a(usb_device.c.obj)
                0x00000000000073c8                usb_enable
 .text.usb_update_sn_string_descriptor
                0x0000000000007520       0x88 zephyr/libzephyr.a(usb_descriptor.c.obj)
                0x0000000000007520                usb_update_sn_string_descriptor
 .text.usb_get_device_descriptor
                0x00000000000075a8      0x240 zephyr/libzephyr.a(usb_descriptor.c.obj)
                0x00000000000075a8                usb_get_device_descriptor
 .text.usb_ep_get_transfer
                0x00000000000077e8       0x2c zephyr/libzephyr.a(usb_transfer.c.obj)
 .text.usb_transfer_work
                0x0000000000007814      0x118 zephyr/libzephyr.a(usb_transfer.c.obj)
 .text.usb_transfer_ep_callback
                0x000000000000792c       0x6c zephyr/libzephyr.a(usb_transfer.c.obj)
                0x000000000000792c                usb_transfer_ep_callback
 .text.usb_transfer
                0x0000000000007998      0x114 zephyr/libzephyr.a(usb_transfer.c.obj)
                0x0000000000007998                usb_transfer
 .text.usb_cancel_transfer
                0x0000000000007aac       0x3c zephyr/libzephyr.a(usb_transfer.c.obj)
                0x0000000000007aac                usb_cancel_transfer
 .text.usb_cancel_transfers
                0x0000000000007ae8       0x44 zephyr/libzephyr.a(usb_transfer.c.obj)
                0x0000000000007ae8                usb_cancel_transfers
 .text.usb_transfer_init
                0x0000000000007b2c       0x34 zephyr/libzephyr.a(usb_transfer.c.obj)
                0x0000000000007b2c                usb_transfer_init
 .text.cdc_acm_irq_rx_enable
                0x0000000000007b60       0x20 zephyr/libzephyr.a(cdc_acm.c.obj)
 .text.cdc_acm_irq_tx_enable
                0x0000000000007b80       0x20 zephyr/libzephyr.a(cdc_acm.c.obj)
 .text.cdc_acm_fifo_fill
                0x0000000000007ba0       0x3c zephyr/libzephyr.a(cdc_acm.c.obj)
 .text.cdc_acm_write_cb
                0x0000000000007bdc       0x54 zephyr/libzephyr.a(cdc_acm.c.obj)
 .text.cdc_acm_reset_port
                0x0000000000007c30       0x3c zephyr/libzephyr.a(cdc_acm.c.obj)
 .text.cdc_acm_dev_status_cb.part.0
                0x0000000000007c6c       0x2c zephyr/libzephyr.a(cdc_acm.c.obj)
 .text.cdc_acm_init
                0x0000000000007c98       0x48 zephyr/libzephyr.a(cdc_acm.c.obj)
 .text.cdc_acm_send_notification.isra.0
                0x0000000000007ce0       0x44 zephyr/libzephyr.a(cdc_acm.c.obj)
 .text.cdc_acm_poll_out
                0x0000000000007d24       0x84 zephyr/libzephyr.a(cdc_acm.c.obj)
 .text.tx_work_handler
                0x0000000000007da8       0x78 zephyr/libzephyr.a(cdc_acm.c.obj)
 .text.cdc_acm_int_in.part.0
                0x0000000000007e20       0x14 zephyr/libzephyr.a(cdc_acm.c.obj)
 .text.cdc_acm_int_in
                0x0000000000007e34       0x24 zephyr/libzephyr.a(cdc_acm.c.obj)
 .text.cdc_acm_class_handle_req
                0x0000000000007e58       0x78 zephyr/libzephyr.a(cdc_acm.c.obj)
                0x0000000000007e58                cdc_acm_class_handle_req
 .text.cdc_acm_read_cb
                0x0000000000007ed0       0x8c zephyr/libzephyr.a(cdc_acm.c.obj)
 .text.cdc_acm_dev_status_cb
                0x0000000000007f5c       0xdc zephyr/libzephyr.a(cdc_acm.c.obj)
 .text.z_usb_work_q_init
                0x0000000000008038       0x34 zephyr/libzephyr.a(usb_work_q.c.obj)
 .text.z_arm_fatal_error
                0x000000000000806c       0xb8 zephyr/arch/arch/arm/core/libarch__arm__core.a(fatal.c.obj)
                0x000000000000806c                z_arm_fatal_error
 .text.z_SysNmiOnReset
                0x0000000000008124        0x8 zephyr/arch/arch/arm/core/libarch__arm__core.a(nmi_on_reset.S.obj)
                0x0000000000008124                z_SysNmiOnReset
 .text._HandlerModeExit
                0x000000000000812c       0x20 zephyr/arch/arch/arm/core/cortex_m/libarch__arm__core__cortex_m.a(exc_exit.c.obj)
                0x000000000000812c                z_arm_exc_exit
                0x000000000000812c                z_arm_int_exit
 .text.bus_fault.constprop.0
                0x000000000000814c       0xd0 zephyr/arch/arch/arm/core/cortex_m/libarch__arm__core__cortex_m.a(fault.c.obj)
 .text.usage_fault.constprop.0
                0x000000000000821c       0xa8 zephyr/arch/arch/arm/core/cortex_m/libarch__arm__core__cortex_m.a(fault.c.obj)
 .text.mem_manage_fault
                0x00000000000082c4      0x104 zephyr/arch/arch/arm/core/cortex_m/libarch__arm__core__cortex_m.a(fault.c.obj)
 .text.z_arm_fault
                0x00000000000083c8      0x1d4 zephyr/arch/arch/arm/core/cortex_m/libarch__arm__core__cortex_m.a(fault.c.obj)
                0x00000000000083c8                z_arm_fault
 .text.z_arm_fault_init
                0x000000000000859c       0x18 zephyr/arch/arch/arm/core/cortex_m/libarch__arm__core__cortex_m.a(fault.c.obj)
                0x000000000000859c                z_arm_fault_init
 .text.__fault  0x00000000000085b4       0x14 zephyr/arch/arch/arm/core/cortex_m/libarch__arm__core__cortex_m.a(fault_s.S.obj)
                0x00000000000085b4                z_arm_bus_fault
                0x00000000000085b4                z_arm_usage_fault
                0x00000000000085b4                z_arm_mpu_fault
                0x00000000000085b4                z_arm_exc_spurious
                0x00000000000085b4                z_arm_debug_monitor
                0x00000000000085b4                z_arm_hard_fault
 .text._reset_section
                0x00000000000085c8       0x30 zephyr/arch/arch/arm/core/cortex_m/libarch__arm__core__cortex_m.a(reset.S.obj)
                0x00000000000085c8                z_arm_reset
                0x00000000000085c8                __start
 .text.z_impl_k_thread_abort
                0x00000000000085f8       0x2c zephyr/arch/arch/arm/core/cortex_m/libarch__arm__core__cortex_m.a(thread_abort.c.obj)
                0x00000000000085f8                z_impl_k_thread_abort
 .text.z_arm_pendsv
                0x0000000000008624       0x54 zephyr/arch/arch/arm/core/cortex_m/libarch__arm__core__cortex_m.a(swap_helper.S.obj)
                0x0000000000008624                z_arm_pendsv
 .text.z_arm_svc
                0x0000000000008678       0x24 zephyr/arch/arch/arm/core/cortex_m/libarch__arm__core__cortex_m.a(swap_helper.S.obj)
                0x0000000000008678                z_arm_svc
 .text.arch_irq_enable
                0x000000000000869c       0x1c zephyr/arch/arch/arm/core/cortex_m/libarch__arm__core__cortex_m.a(irq_manage.c.obj)
                0x000000000000869c                arch_irq_enable
 .text.arch_irq_disable
                0x00000000000086b8       0x28 zephyr/arch/arch/arm/core/cortex_m/libarch__arm__core__cortex_m.a(irq_manage.c.obj)
                0x00000000000086b8                arch_irq_disable
 .text.arch_irq_is_enabled
                0x00000000000086e0       0x1c zephyr/arch/arch/arm/core/cortex_m/libarch__arm__core__cortex_m.a(irq_manage.c.obj)
                0x00000000000086e0                arch_irq_is_enabled
 .text.z_arm_irq_priority_set
                0x00000000000086fc       0x30 zephyr/arch/arch/arm/core/cortex_m/libarch__arm__core__cortex_m.a(irq_manage.c.obj)
                0x00000000000086fc                z_arm_irq_priority_set
 .text.z_prep_c
                0x000000000000872c       0x48 zephyr/arch/arch/arm/core/cortex_m/libarch__arm__core__cortex_m.a(prep_c.c.obj)
                0x000000000000872c                z_prep_c
 .text.arch_new_thread
                0x0000000000008774       0x38 zephyr/arch/arch/arm/core/cortex_m/libarch__arm__core__cortex_m.a(thread.c.obj)
                0x0000000000008774                arch_new_thread
 .text.z_check_thread_stack_fail
                0x00000000000087ac       0x2c zephyr/arch/arch/arm/core/cortex_m/libarch__arm__core__cortex_m.a(thread.c.obj)
                0x00000000000087ac                z_check_thread_stack_fail
 .text.arch_switch_to_main_thread
                0x00000000000087d8       0x34 zephyr/arch/arch/arm/core/cortex_m/libarch__arm__core__cortex_m.a(thread.c.obj)
                0x00000000000087d8                arch_switch_to_main_thread
 .text.z_arm_cpu_idle_init
                0x000000000000880c        0xc zephyr/arch/arch/arm/core/cortex_m/libarch__arm__core__cortex_m.a(cpu_idle.c.obj)
                0x000000000000880c                z_arm_cpu_idle_init
 .text.z_arm_interrupt_init
                0x0000000000008818       0x18 zephyr/arch/arch/arm/core/cortex_m/libarch__arm__core__cortex_m.a(irq_init.c.obj)
                0x0000000000008818                z_arm_interrupt_init
 .text._isr_wrapper
                0x0000000000008830       0x24 zephyr/arch/arch/arm/core/cortex_m/libarch__arm__core__cortex_m.a(isr_wrapper.c.obj)
                0x0000000000008830                _isr_wrapper
 .text.z_arm_configure_static_mpu_regions
                0x0000000000008854       0x18 zephyr/arch/arch/arm/core/mpu/libarch__arm__core__mpu.a(arm_core_mpu.c.obj)
                0x0000000000008854                z_arm_configure_static_mpu_regions
 .text.z_arm_configure_dynamic_mpu_regions
                0x000000000000886c       0x20 zephyr/arch/arch/arm/core/mpu/libarch__arm__core__mpu.a(arm_core_mpu.c.obj)
                0x000000000000886c                z_arm_configure_dynamic_mpu_regions
 .text.region_allocate_and_init
                0x000000000000888c       0x54 zephyr/arch/arch/arm/core/mpu/libarch__arm__core__mpu.a(arm_mpu.c.obj)
 .text.mpu_configure_regions
                0x00000000000088e0       0x68 zephyr/arch/arch/arm/core/mpu/libarch__arm__core__mpu.a(arm_mpu.c.obj)
 .text.arm_core_mpu_enable
                0x0000000000008948       0x18 zephyr/arch/arch/arm/core/mpu/libarch__arm__core__mpu.a(arm_mpu.c.obj)
                0x0000000000008948                arm_core_mpu_enable
 .text.arm_core_mpu_disable
                0x0000000000008960       0x14 zephyr/arch/arch/arm/core/mpu/libarch__arm__core__mpu.a(arm_mpu.c.obj)
                0x0000000000008960                arm_core_mpu_disable
 .text.arm_core_mpu_configure_static_mpu_regions
                0x0000000000008974       0x14 zephyr/arch/arch/arm/core/mpu/libarch__arm__core__mpu.a(arm_mpu.c.obj)
                0x0000000000008974                arm_core_mpu_configure_static_mpu_regions
 .text.arm_core_mpu_configure_dynamic_mpu_regions
                0x0000000000008988       0x38 zephyr/arch/arch/arm/core/mpu/libarch__arm__core__mpu.a(arm_mpu.c.obj)
                0x0000000000008988                arm_core_mpu_configure_dynamic_mpu_regions
 .text.z_arm_mpu_init
                0x00000000000089c0      0x17c zephyr/arch/arch/arm/core/mpu/libarch__arm__core__mpu.a(arm_mpu.c.obj)
                0x00000000000089c0                z_arm_mpu_init
 .text.__stdout_hook_install
                0x0000000000008b3c        0xc zephyr/lib/libc/newlib/liblib__libc__newlib.a(libc-hooks.c.obj)
                0x0000000000008b3c                __stdout_hook_install
 .text.z_impl_zephyr_read_stdin
                0x0000000000008b48       0x28 zephyr/lib/libc/newlib/liblib__libc__newlib.a(libc-hooks.c.obj)
                0x0000000000008b48                z_impl_zephyr_read_stdin
 .text.z_impl_zephyr_write_stdout
                0x0000000000008b70       0x30 zephyr/lib/libc/newlib/liblib__libc__newlib.a(libc-hooks.c.obj)
                0x0000000000008b70                z_impl_zephyr_write_stdout
 .text._sbrk    0x0000000000008ba0       0x28 zephyr/lib/libc/newlib/liblib__libc__newlib.a(libc-hooks.c.obj)
                0x0000000000008ba0                _sbrk
                0x0000000000008ba0                sbrk
 .text.abort    0x0000000000008bc8       0x1c zephyr/lib/libc/common/liblib__libc__common.a(abort.c.obj)
                0x0000000000008bc8                abort
 .text.net_buf_destroy
                0x0000000000008be4       0x38 zephyr/lib/net_buf/liblib__net_buf.a(buf.c.obj)
 .text.net_buf_pool_get
                0x0000000000008c1c       0x10 zephyr/lib/net_buf/liblib__net_buf.a(buf.c.obj)
                0x0000000000008c1c                net_buf_pool_get
 .text.net_buf_id
                0x0000000000008c2c       0x20 zephyr/lib/net_buf/liblib__net_buf.a(buf.c.obj)
                0x0000000000008c2c                net_buf_id
 .text.fixed_data_alloc
                0x0000000000008c4c       0x24 zephyr/lib/net_buf/liblib__net_buf.a(buf.c.obj)
 .text.net_buf_alloc_len
                0x0000000000008c70       0xfc zephyr/lib/net_buf/liblib__net_buf.a(buf.c.obj)
                0x0000000000008c70                net_buf_alloc_len
 .text.net_buf_unref
                0x0000000000008d6c       0x38 zephyr/lib/net_buf/liblib__net_buf.a(buf.c.obj)
                0x0000000000008d6c                net_buf_unref
 .text.nordicsemi_nrf52_init
                0x0000000000008da4       0x44 zephyr/soc/soc/nrf52840/libsoc__nordic.a(soc.c.obj)
 .text.arch_busy_wait
                0x0000000000008de8       0x14 zephyr/soc/soc/nrf52840/libsoc__nordic.a(soc.c.obj)
                0x0000000000008de8                arch_busy_wait
 .text.xoshiro128_initialize
                0x0000000000008dfc       0x18 zephyr/subsys/random/libsubsys__random.a(random_xoshiro128.c.obj)
 .text.bt_hex   0x0000000000008e14       0x44 zephyr/subsys/bluetooth/common/libsubsys__bluetooth__common.a(bt_str.c.obj)
                0x0000000000008e14                bt_hex
 .text.bt_addr_le_str
                0x0000000000008e58       0x7c zephyr/subsys/bluetooth/common/libsubsys__bluetooth__common.a(bt_str.c.obj)
                0x0000000000008e58                bt_addr_le_str
 .text.uuid_to_uuid128
                0x0000000000008ed4       0x78 zephyr/subsys/bluetooth/host/libsubsys__bluetooth__host.a(uuid.c.obj)
 .text.hci_rx_pool_destroy
                0x0000000000008f4c       0x20 zephyr/subsys/bluetooth/host/libsubsys__bluetooth__host.a(buf.c.obj)
 .text.bt_buf_get_rx
                0x0000000000008f6c       0x20 zephyr/subsys/bluetooth/host/libsubsys__bluetooth__host.a(buf.c.obj)
                0x0000000000008f6c                bt_buf_get_rx
 .text.bt_buf_get_evt
                0x0000000000008f8c       0x40 zephyr/subsys/bluetooth/host/libsubsys__bluetooth__host.a(buf.c.obj)
                0x0000000000008f8c                bt_buf_get_evt
 .text.hci_data_buf_overflow
                0x0000000000008fcc       0x18 zephyr/subsys/bluetooth/host/libsubsys__bluetooth__host.a(hci_core.c.obj)
 .text.hci_disconn_complete_prio
                0x0000000000008fe4       0x4c zephyr/subsys/bluetooth/host/libsubsys__bluetooth__host.a(hci_core.c.obj)
 .text.hci_disconn_complete
                0x0000000000009030       0x44 zephyr/subsys/bluetooth/host/libsubsys__bluetooth__host.a(hci_core.c.obj)
 .text.le_phy_update_complete
                0x0000000000009074       0x34 zephyr/subsys/bluetooth/host/libsubsys__bluetooth__host.a(hci_core.c.obj)
 .text.hci_hardware_error
                0x00000000000090a8       0x24 zephyr/subsys/bluetooth/host/libsubsys__bluetooth__host.a(hci_core.c.obj)
 .text.rx_queue_put
                0x00000000000090cc       0x3c zephyr/subsys/bluetooth/host/libsubsys__bluetooth__host.a(hci_core.c.obj)
 .text.find_pending_connect.part.0
                0x0000000000009108       0x2c zephyr/subsys/bluetooth/host/libsubsys__bluetooth__host.a(hci_core.c.obj)
 .text.le_conn_param_neg_reply.part.0
                0x0000000000009134       0x14 zephyr/subsys/bluetooth/host/libsubsys__bluetooth__host.a(hci_core.c.obj)
 .text.handle_event.part.0
                0x0000000000009148       0x48 zephyr/subsys/bluetooth/host/libsubsys__bluetooth__host.a(hci_core.c.obj)
 .text.le_remote_feat_complete
                0x0000000000009190       0x54 zephyr/subsys/bluetooth/host/libsubsys__bluetooth__host.a(hci_core.c.obj)
 .text.enh_conn_complete_error_handle
                0x00000000000091e4       0x80 zephyr/subsys/bluetooth/host/libsubsys__bluetooth__host.a(hci_core.c.obj)
 .text.handle_event_common
                0x0000000000009264       0x50 zephyr/subsys/bluetooth/host/libsubsys__bluetooth__host.a(hci_core.c.obj)
 .text.rx_work_handler
                0x00000000000092b4      0x134 zephyr/subsys/bluetooth/host/libsubsys__bluetooth__host.a(hci_core.c.obj)
 .text.hci_le_meta_event
                0x00000000000093e8       0x20 zephyr/subsys/bluetooth/host/libsubsys__bluetooth__host.a(hci_core.c.obj)
 .text.hci_vendor_event
                0x0000000000009408       0x68 zephyr/subsys/bluetooth/host/libsubsys__bluetooth__host.a(hci_core.c.obj)
 .text.hci_cmd_done.part.0
                0x0000000000009470      0x148 zephyr/subsys/bluetooth/host/libsubsys__bluetooth__host.a(hci_core.c.obj)
 .text.hci_num_completed_packets
                0x00000000000095b8       0xf4 zephyr/subsys/bluetooth/host/libsubsys__bluetooth__host.a(hci_core.c.obj)
 .text.le_conn_update_complete
                0x00000000000096ac      0x120 zephyr/subsys/bluetooth/host/libsubsys__bluetooth__host.a(hci_core.c.obj)
 .text.bt_hci_cmd_state_set_init
                0x00000000000097cc       0x24 zephyr/subsys/bluetooth/host/libsubsys__bluetooth__host.a(hci_core.c.obj)
                0x00000000000097cc                bt_hci_cmd_state_set_init
 .text.bt_hci_cmd_create
                0x00000000000097f0       0x78 zephyr/subsys/bluetooth/host/libsubsys__bluetooth__host.a(hci_core.c.obj)
                0x00000000000097f0                bt_hci_cmd_create
 .text.bt_hci_get_ver_str
                0x0000000000009868       0x3c zephyr/subsys/bluetooth/host/libsubsys__bluetooth__host.a(hci_core.c.obj)
                0x0000000000009868                bt_hci_get_ver_str
 .text.bt_send  0x00000000000098a4       0x14 zephyr/subsys/bluetooth/host/libsubsys__bluetooth__host.a(hci_core.c.obj)
                0x00000000000098a4                bt_send
 .text.hci_event_prio
                0x00000000000098b8       0xa0 zephyr/subsys/bluetooth/host/libsubsys__bluetooth__host.a(hci_core.c.obj)
                0x00000000000098b8                hci_event_prio
 .text.bt_hci_recv
                0x0000000000009958       0x5c zephyr/subsys/bluetooth/host/libsubsys__bluetooth__host.a(hci_core.c.obj)
                0x0000000000009958                bt_hci_recv
 .text.bt_finalize_init
                0x00000000000099b4      0x138 zephyr/subsys/bluetooth/host/libsubsys__bluetooth__host.a(hci_core.c.obj)
                0x00000000000099b4                bt_finalize_init
 .text.bt_get_name
                0x0000000000009aec        0x8 zephyr/subsys/bluetooth/host/libsubsys__bluetooth__host.a(hci_core.c.obj)
                0x0000000000009aec                bt_get_name
 .text.bt_tx_irq_raise
                0x0000000000009af4        0xc zephyr/subsys/bluetooth/host/libsubsys__bluetooth__host.a(hci_core.c.obj)
                0x0000000000009af4                bt_tx_irq_raise
 .text.bt_hci_cmd_send
                0x0000000000009b00       0x5c zephyr/subsys/bluetooth/host/libsubsys__bluetooth__host.a(hci_core.c.obj)
                0x0000000000009b00                bt_hci_cmd_send
 .text.le_conn_param_req
                0x0000000000009b5c       0xc0 zephyr/subsys/bluetooth/host/libsubsys__bluetooth__host.a(hci_core.c.obj)
 .text.process_pending_cmd
                0x0000000000009c1c       0xd8 zephyr/subsys/bluetooth/host/libsubsys__bluetooth__host.a(hci_core.c.obj)
 .text.bt_hci_cmd_send_sync
                0x0000000000009cf4      0x1a8 zephyr/subsys/bluetooth/host/libsubsys__bluetooth__host.a(hci_core.c.obj)
                0x0000000000009cf4                bt_hci_cmd_send_sync
 .text.bt_init  0x0000000000009e9c      0x474 zephyr/subsys/bluetooth/host/libsubsys__bluetooth__host.a(hci_core.c.obj)
 .text.init_work
                0x000000000000a310       0x18 zephyr/subsys/bluetooth/host/libsubsys__bluetooth__host.a(hci_core.c.obj)
 .text.bt_enable
                0x000000000000a328       0xd0 zephyr/subsys/bluetooth/host/libsubsys__bluetooth__host.a(hci_core.c.obj)
                0x000000000000a328                bt_enable
 .text.bt_hci_le_rand
                0x000000000000a3f8       0x58 zephyr/subsys/bluetooth/host/libsubsys__bluetooth__host.a(hci_core.c.obj)
                0x000000000000a3f8                bt_hci_le_rand
 .text.bt_hci_le_enh_conn_complete
                0x000000000000a450      0x1ac zephyr/subsys/bluetooth/host/libsubsys__bluetooth__host.a(hci_core.c.obj)
                0x000000000000a450                bt_hci_le_enh_conn_complete
 .text.le_legacy_conn_complete
                0x000000000000a5fc       0x7c zephyr/subsys/bluetooth/host/libsubsys__bluetooth__host.a(hci_core.c.obj)
 .text.hci_cmd_status
                0x000000000000a678       0x34 zephyr/subsys/bluetooth/host/libsubsys__bluetooth__host.a(hci_core.c.obj)
 .text.hci_cmd_complete
                0x000000000000a6ac       0x78 zephyr/subsys/bluetooth/host/libsubsys__bluetooth__host.a(hci_core.c.obj)
 .text.bt_hci_evt_create
                0x000000000000a724       0x50 zephyr/subsys/bluetooth/host/libsubsys__bluetooth__host.a(hci_common.c.obj)
                0x000000000000a724                bt_hci_evt_create
 .text.id_find  0x000000000000a774       0x30 zephyr/subsys/bluetooth/host/libsubsys__bluetooth__host.a(id.c.obj)
 .text.set_random_address
                0x000000000000a7a4       0x74 zephyr/subsys/bluetooth/host/libsubsys__bluetooth__host.a(id.c.obj)
 .text.id_create.constprop.0
                0x000000000000a818       0x74 zephyr/subsys/bluetooth/host/libsubsys__bluetooth__host.a(id.c.obj)
 .text.bt_id_adv_random_addr_check
                0x000000000000a88c       0x20 zephyr/subsys/bluetooth/host/libsubsys__bluetooth__host.a(id.c.obj)
                0x000000000000a88c                bt_id_adv_random_addr_check
 .text.bt_id_create
                0x000000000000a8ac       0x98 zephyr/subsys/bluetooth/host/libsubsys__bluetooth__host.a(id.c.obj)
                0x000000000000a8ac                bt_id_create
 .text.bt_id_read_public_addr
                0x000000000000a944       0x88 zephyr/subsys/bluetooth/host/libsubsys__bluetooth__host.a(id.c.obj)
                0x000000000000a944                bt_id_read_public_addr
 .text.bt_setup_public_id_addr
                0x000000000000a9cc       0x20 zephyr/subsys/bluetooth/host/libsubsys__bluetooth__host.a(id.c.obj)
                0x000000000000a9cc                bt_setup_public_id_addr
 .text.bt_setup_random_id_addr
                0x000000000000a9ec       0xd8 zephyr/subsys/bluetooth/host/libsubsys__bluetooth__host.a(id.c.obj)
                0x000000000000a9ec                bt_setup_random_id_addr
 .text.bt_id_set_scan_own_addr
                0x000000000000aac4       0x48 zephyr/subsys/bluetooth/host/libsubsys__bluetooth__host.a(id.c.obj)
                0x000000000000aac4                bt_id_set_scan_own_addr
 .text.bt_id_set_adv_own_addr
                0x000000000000ab0c      0x114 zephyr/subsys/bluetooth/host/libsubsys__bluetooth__host.a(id.c.obj)
                0x000000000000ab0c                bt_id_set_adv_own_addr
 .text.bt_id_init
                0x000000000000ac20       0x54 zephyr/subsys/bluetooth/host/libsubsys__bluetooth__host.a(id.c.obj)
                0x000000000000ac20                bt_id_init
 .text.hci_set_ad
                0x000000000000ac74       0xd0 zephyr/subsys/bluetooth/host/libsubsys__bluetooth__host.a(adv.c.obj)
 .text.adv_is_directed
                0x000000000000ad44       0x18 zephyr/subsys/bluetooth/host/libsubsys__bluetooth__host.a(adv.c.obj)
 .text.le_adv_start_add_conn
                0x000000000000ad5c       0x60 zephyr/subsys/bluetooth/host/libsubsys__bluetooth__host.a(adv.c.obj)
 .text.valid_adv_param
                0x000000000000adbc       0x84 zephyr/subsys/bluetooth/host/libsubsys__bluetooth__host.a(adv.c.obj)
 .text.bt_le_adv_lookup_legacy
                0x000000000000ae40        0x8 zephyr/subsys/bluetooth/host/libsubsys__bluetooth__host.a(adv.c.obj)
                0x000000000000ae40                bt_le_adv_lookup_legacy
 .text.bt_le_adv_start_legacy
                0x000000000000ae48      0x278 zephyr/subsys/bluetooth/host/libsubsys__bluetooth__host.a(adv.c.obj)
                0x000000000000ae48                bt_le_adv_start_legacy
 .text.bt_le_adv_start
                0x000000000000b0c0       0x64 zephyr/subsys/bluetooth/host/libsubsys__bluetooth__host.a(adv.c.obj)
                0x000000000000b0c0                bt_le_adv_start
 .text.bt_le_adv_stop
                0x000000000000b124       0x98 zephyr/subsys/bluetooth/host/libsubsys__bluetooth__host.a(adv.c.obj)
                0x000000000000b124                bt_le_adv_stop
 .text.adv_timeout
                0x000000000000b1bc       0x24 zephyr/subsys/bluetooth/host/libsubsys__bluetooth__host.a(adv.c.obj)
 .text.bt_le_adv_resume
                0x000000000000b1e0       0xe8 zephyr/subsys/bluetooth/host/libsubsys__bluetooth__host.a(adv.c.obj)
                0x000000000000b1e0                bt_le_adv_resume
 .text.cmd_le_set_scan_enable_legacy
                0x000000000000b2c8       0x4c zephyr/subsys/bluetooth/host/libsubsys__bluetooth__host.a(scan.c.obj)
 .text.scan_check_if_state_allowed
                0x000000000000b314       0x3c zephyr/subsys/bluetooth/host/libsubsys__bluetooth__host.a(scan.c.obj)
 .text.atomic_clear_bit.constprop.0
                0x000000000000b350       0x30 zephyr/subsys/bluetooth/host/libsubsys__bluetooth__host.a(scan.c.obj)
 .text.scan_update
                0x000000000000b380      0x190 zephyr/subsys/bluetooth/host/libsubsys__bluetooth__host.a(scan.c.obj)
 .text.bt_scan_reset
                0x000000000000b510       0x30 zephyr/subsys/bluetooth/host/libsubsys__bluetooth__host.a(scan.c.obj)
                0x000000000000b510                bt_scan_reset
 .text.bt_le_scan_set_enable
                0x000000000000b540       0x18 zephyr/subsys/bluetooth/host/libsubsys__bluetooth__host.a(scan.c.obj)
                0x000000000000b540                bt_le_scan_set_enable
 .text.bt_le_scan_user_add
                0x000000000000b558       0x54 zephyr/subsys/bluetooth/host/libsubsys__bluetooth__host.a(scan.c.obj)
                0x000000000000b558                bt_le_scan_user_add
 .text.bt_hci_le_adv_report
                0x000000000000b5ac      0x19c zephyr/subsys/bluetooth/host/libsubsys__bluetooth__host.a(scan.c.obj)
                0x000000000000b5ac                bt_hci_le_adv_report
 .text.bt_le_scan_start
                0x000000000000b748       0xa0 zephyr/subsys/bluetooth/host/libsubsys__bluetooth__host.a(scan.c.obj)
                0x000000000000b748                bt_le_scan_start
 .text.notify_connected
                0x000000000000b7e8       0x40 zephyr/subsys/bluetooth/host/libsubsys__bluetooth__host.a(conn.c.obj)
 .text.frag_destroy
                0x000000000000b828       0x20 zephyr/subsys/bluetooth/host/libsubsys__bluetooth__host.a(conn.c.obj)
                0x000000000000b828                frag_destroy
 .text.conn_tx_destroy
                0x000000000000b848       0x2c zephyr/subsys/bluetooth/host/libsubsys__bluetooth__host.a(conn.c.obj)
 .text.get_data_frag
                0x000000000000b874       0x38 zephyr/subsys/bluetooth/host/libsubsys__bluetooth__host.a(conn.c.obj)
 .text.recycled_work_handler
                0x000000000000b8ac       0x54 zephyr/subsys/bluetooth/host/libsubsys__bluetooth__host.a(conn.c.obj)
 .text.tx_notify_process
                0x000000000000b900       0x60 zephyr/subsys/bluetooth/host/libsubsys__bluetooth__host.a(conn.c.obj)
 .text.perform_auto_initiated_procedures.part.0
                0x000000000000b960       0x84 zephyr/subsys/bluetooth/host/libsubsys__bluetooth__host.a(conn.c.obj)
 .text.bt_conn_get_pkts
                0x000000000000b9e4       0x18 zephyr/subsys/bluetooth/host/libsubsys__bluetooth__host.a(conn.c.obj)
                0x000000000000b9e4                bt_conn_get_pkts
 .text.bt_conn_tx_notify
                0x000000000000b9fc       0x3c zephyr/subsys/bluetooth/host/libsubsys__bluetooth__host.a(conn.c.obj)
                0x000000000000b9fc                bt_conn_tx_notify
 .text.bt_conn_new
                0x000000000000ba38       0x64 zephyr/subsys/bluetooth/host/libsubsys__bluetooth__host.a(conn.c.obj)
                0x000000000000ba38                bt_conn_new
 .text.bt_conn_recv
                0x000000000000ba9c      0x114 zephyr/subsys/bluetooth/host/libsubsys__bluetooth__host.a(conn.c.obj)
                0x000000000000ba9c                bt_conn_recv
 .text.bt_conn_data_ready
                0x000000000000bbb0       0x54 zephyr/subsys/bluetooth/host/libsubsys__bluetooth__host.a(conn.c.obj)
                0x000000000000bbb0                bt_conn_data_ready
 .text.get_conn_ready
                0x000000000000bc04      0x100 zephyr/subsys/bluetooth/host/libsubsys__bluetooth__host.a(conn.c.obj)
                0x000000000000bc04                get_conn_ready
 .text.bt_conn_unref
                0x000000000000bd04       0x54 zephyr/subsys/bluetooth/host/libsubsys__bluetooth__host.a(conn.c.obj)
                0x000000000000bd04                bt_conn_unref
 .text.bt_conn_set_state
                0x000000000000bd58      0x1c0 zephyr/subsys/bluetooth/host/libsubsys__bluetooth__host.a(conn.c.obj)
                0x000000000000bd58                bt_conn_set_state
 .text.bt_conn_lookup_handle
                0x000000000000bf18       0x40 zephyr/subsys/bluetooth/host/libsubsys__bluetooth__host.a(conn.c.obj)
                0x000000000000bf18                bt_conn_lookup_handle
 .text.bt_conn_foreach
                0x000000000000bf58       0x30 zephyr/subsys/bluetooth/host/libsubsys__bluetooth__host.a(conn.c.obj)
                0x000000000000bf58                bt_conn_foreach
 .text.auto_initiated_procedures
                0x000000000000bf88       0x10 zephyr/subsys/bluetooth/host/libsubsys__bluetooth__host.a(conn.c.obj)
 .text.bt_conn_index
                0x000000000000bf98       0x18 zephyr/subsys/bluetooth/host/libsubsys__bluetooth__host.a(conn.c.obj)
                0x000000000000bf98                bt_conn_index
 .text.bt_conn_create_pdu_timeout
                0x000000000000bfb0       0x70 zephyr/subsys/bluetooth/host/libsubsys__bluetooth__host.a(conn.c.obj)
                0x000000000000bfb0                bt_conn_create_pdu_timeout
 .text.bt_conn_connected
                0x000000000000c020       0x20 zephyr/subsys/bluetooth/host/libsubsys__bluetooth__host.a(conn.c.obj)
                0x000000000000c020                bt_conn_connected
 .text.bt_conn_tx_processor
                0x000000000000c040      0x244 zephyr/subsys/bluetooth/host/libsubsys__bluetooth__host.a(conn.c.obj)
                0x000000000000c040                bt_conn_tx_processor
 .text.notify_le_param_updated
                0x000000000000c284       0x94 zephyr/subsys/bluetooth/host/libsubsys__bluetooth__host.a(conn.c.obj)
                0x000000000000c284                notify_le_param_updated
 .text.le_param_req
                0x000000000000c318       0x78 zephyr/subsys/bluetooth/host/libsubsys__bluetooth__host.a(conn.c.obj)
                0x000000000000c318                le_param_req
 .text.bt_conn_add_le
                0x000000000000c390       0x54 zephyr/subsys/bluetooth/host/libsubsys__bluetooth__host.a(conn.c.obj)
                0x000000000000c390                bt_conn_add_le
 .text.bt_conn_lookup_addr_le
                0x000000000000c3e4       0x34 zephyr/subsys/bluetooth/host/libsubsys__bluetooth__host.a(conn.c.obj)
                0x000000000000c3e4                bt_conn_lookup_addr_le
 .text.bt_conn_exists_le
                0x000000000000c418       0x70 zephyr/subsys/bluetooth/host/libsubsys__bluetooth__host.a(conn.c.obj)
                0x000000000000c418                bt_conn_exists_le
 .text.bt_conn_lookup_state_le
                0x000000000000c488       0x44 zephyr/subsys/bluetooth/host/libsubsys__bluetooth__host.a(conn.c.obj)
                0x000000000000c488                bt_conn_lookup_state_le
 .text.send_conn_le_param_update
                0x000000000000c4cc       0x68 zephyr/subsys/bluetooth/host/libsubsys__bluetooth__host.a(conn.c.obj)
 .text.deferred_work
                0x000000000000c534      0x11c zephyr/subsys/bluetooth/host/libsubsys__bluetooth__host.a(conn.c.obj)
 .text.bt_conn_init
                0x000000000000c650       0x44 zephyr/subsys/bluetooth/host/libsubsys__bluetooth__host.a(conn.c.obj)
                0x000000000000c650                bt_conn_init
 .text.l2cap_create_le_sig_pdu.part.0
                0x000000000000c694       0x1c zephyr/subsys/bluetooth/host/libsubsys__bluetooth__host.a(l2cap.c.obj)
 .text.l2cap_accept.part.0
                0x000000000000c6b0       0x30 zephyr/subsys/bluetooth/host/libsubsys__bluetooth__host.a(l2cap.c.obj)
 .text.l2cap_accept
                0x000000000000c6e0       0x1c zephyr/subsys/bluetooth/host/libsubsys__bluetooth__host.a(l2cap.c.obj)
 .text.bt_l2cap_connected
                0x000000000000c6fc       0xa8 zephyr/subsys/bluetooth/host/libsubsys__bluetooth__host.a(l2cap.c.obj)
                0x000000000000c6fc                bt_l2cap_connected
 .text.bt_l2cap_create_pdu_timeout
                0x000000000000c7a4       0x38 zephyr/subsys/bluetooth/host/libsubsys__bluetooth__host.a(l2cap.c.obj)
                0x000000000000c7a4                bt_l2cap_create_pdu_timeout
 .text.bt_l2cap_send_pdu
                0x000000000000c7dc       0x50 zephyr/subsys/bluetooth/host/libsubsys__bluetooth__host.a(l2cap.c.obj)
                0x000000000000c7dc                bt_l2cap_send_pdu
 .text.l2cap_data_pull
                0x000000000000c82c       0xfc zephyr/subsys/bluetooth/host/libsubsys__bluetooth__host.a(l2cap.c.obj)
                0x000000000000c82c                l2cap_data_pull
 .text.l2cap_recv.part.0
                0x000000000000c928       0x9c zephyr/subsys/bluetooth/host/libsubsys__bluetooth__host.a(l2cap.c.obj)
 .text.l2cap_recv
                0x000000000000c9c4       0x24 zephyr/subsys/bluetooth/host/libsubsys__bluetooth__host.a(l2cap.c.obj)
 .text.bt_l2cap_recv
                0x000000000000c9e8       0x58 zephyr/subsys/bluetooth/host/libsubsys__bluetooth__host.a(l2cap.c.obj)
                0x000000000000c9e8                bt_l2cap_recv
 .text.bt_l2cap_update_conn_param
                0x000000000000ca40       0x50 zephyr/subsys/bluetooth/host/libsubsys__bluetooth__host.a(l2cap.c.obj)
                0x000000000000ca40                bt_l2cap_update_conn_param
 .text.att_op_get_type
                0x000000000000ca90       0x74 zephyr/subsys/bluetooth/host/libsubsys__bluetooth__host.a(att.c.obj)
 .text.bt_att_released
                0x000000000000cb04        0xc zephyr/subsys/bluetooth/host/libsubsys__bluetooth__host.a(att.c.obj)
 .text.bt_att_connected
                0x000000000000cb10       0x40 zephyr/subsys/bluetooth/host/libsubsys__bluetooth__host.a(att.c.obj)
 .text.bt_addr_le_to_str.constprop.0.isra.0
                0x000000000000cb50       0x78 zephyr/subsys/bluetooth/host/libsubsys__bluetooth__host.a(att.c.obj)
 .text.read_group_cb
                0x000000000000cbc8       0xb8 zephyr/subsys/bluetooth/host/libsubsys__bluetooth__host.a(att.c.obj)
 .text.bt_att_accept
                0x000000000000cc80      0x120 zephyr/subsys/bluetooth/host/libsubsys__bluetooth__host.a(att.c.obj)
 .text.read_type_cb
                0x000000000000cda0       0xac zephyr/subsys/bluetooth/host/libsubsys__bluetooth__host.a(att.c.obj)
 .text.find_type_cb
                0x000000000000ce4c      0x164 zephyr/subsys/bluetooth/host/libsubsys__bluetooth__host.a(att.c.obj)
 .text.bt_att_chan_create_pdu
                0x000000000000cfb0       0xa0 zephyr/subsys/bluetooth/host/libsubsys__bluetooth__host.a(att.c.obj)
 .text.chan_send
                0x000000000000d050       0xe0 zephyr/subsys/bluetooth/host/libsubsys__bluetooth__host.a(att.c.obj)
 .text.att_tx_destroy
                0x000000000000d130      0x110 zephyr/subsys/bluetooth/host/libsubsys__bluetooth__host.a(att.c.obj)
 .text.bt_att_recv
                0x000000000000d240       0xc8 zephyr/subsys/bluetooth/host/libsubsys__bluetooth__host.a(att.c.obj)
 .text.att_write_rsp.constprop.0
                0x000000000000d308       0xc0 zephyr/subsys/bluetooth/host/libsubsys__bluetooth__host.a(att.c.obj)
 .text.att_get  0x000000000000d3c8       0x4c zephyr/subsys/bluetooth/host/libsubsys__bluetooth__host.a(att.c.obj)
 .text.bt_att_create_pdu
                0x000000000000d414       0x64 zephyr/subsys/bluetooth/host/libsubsys__bluetooth__host.a(att.c.obj)
                0x000000000000d414                bt_att_create_pdu
 .text.bt_att_create_rsp_pdu
                0x000000000000d478       0x60 zephyr/subsys/bluetooth/host/libsubsys__bluetooth__host.a(att.c.obj)
                0x000000000000d478                bt_att_create_rsp_pdu
 .text.att_read_group_req
                0x000000000000d4d8       0xf0 zephyr/subsys/bluetooth/host/libsubsys__bluetooth__host.a(att.c.obj)
 .text.att_read_mult_vl_req
                0x000000000000d5c8       0x9c zephyr/subsys/bluetooth/host/libsubsys__bluetooth__host.a(att.c.obj)
 .text.att_read_mult_req
                0x000000000000d664       0x9c zephyr/subsys/bluetooth/host/libsubsys__bluetooth__host.a(att.c.obj)
 .text.att_read_rsp
                0x000000000000d700       0x90 zephyr/subsys/bluetooth/host/libsubsys__bluetooth__host.a(att.c.obj)
 .text.att_read_type_req
                0x000000000000d790      0x114 zephyr/subsys/bluetooth/host/libsubsys__bluetooth__host.a(att.c.obj)
 .text.att_find_type_req
                0x000000000000d8a4       0xc0 zephyr/subsys/bluetooth/host/libsubsys__bluetooth__host.a(att.c.obj)
 .text.att_find_info_req
                0x000000000000d964       0x6c zephyr/subsys/bluetooth/host/libsubsys__bluetooth__host.a(att.c.obj)
 .text.bt_att_req_alloc
                0x000000000000d9d0       0x48 zephyr/subsys/bluetooth/host/libsubsys__bluetooth__host.a(att.c.obj)
                0x000000000000d9d0                bt_att_req_alloc
 .text.bt_att_req_free
                0x000000000000da18       0x20 zephyr/subsys/bluetooth/host/libsubsys__bluetooth__host.a(att.c.obj)
                0x000000000000da18                bt_att_req_free
 .text.att_handle_rsp
                0x000000000000da38       0x84 zephyr/subsys/bluetooth/host/libsubsys__bluetooth__host.a(att.c.obj)
 .text.bt_att_disconnected
                0x000000000000dabc       0xc8 zephyr/subsys/bluetooth/host/libsubsys__bluetooth__host.a(att.c.obj)
 .text.att_disconnect
                0x000000000000db84       0x40 zephyr/subsys/bluetooth/host/libsubsys__bluetooth__host.a(att.c.obj)
 .text.att_timeout
                0x000000000000dbc4       0x58 zephyr/subsys/bluetooth/host/libsubsys__bluetooth__host.a(att.c.obj)
 .text.bt_att_set_tx_meta_data
                0x000000000000dc1c       0x24 zephyr/subsys/bluetooth/host/libsubsys__bluetooth__host.a(att.c.obj)
                0x000000000000dc1c                bt_att_set_tx_meta_data
 .text.find_sc_cfg
                0x000000000000dc40       0x24 zephyr/subsys/bluetooth/host/libsubsys__bluetooth__host.a(gatt.c.obj)
 .text.sc_save  0x000000000000dc64       0x68 zephyr/subsys/bluetooth/host/libsubsys__bluetooth__host.a(gatt.c.obj)
 .text.sc_indicate_rsp
                0x000000000000dccc       0x38 zephyr/subsys/bluetooth/host/libsubsys__bluetooth__host.a(gatt.c.obj)
 .text.bt_gatt_attr_read.part.0
                0x000000000000dd04       0x1c zephyr/subsys/bluetooth/host/libsubsys__bluetooth__host.a(gatt.c.obj)
 .text.read_ppcp
                0x000000000000dd20       0x28 zephyr/subsys/bluetooth/host/libsubsys__bluetooth__host.a(gatt.c.obj)
 .text.disconnected_cb
                0x000000000000dd48       0xb4 zephyr/subsys/bluetooth/host/libsubsys__bluetooth__host.a(gatt.c.obj)
 .text.find_ccc_cfg
                0x000000000000ddfc       0x2c zephyr/subsys/bluetooth/host/libsubsys__bluetooth__host.a(gatt.c.obj)
 .text.bt_gatt_attr_write_ccc
                0x000000000000de28       0xd0 zephyr/subsys/bluetooth/host/libsubsys__bluetooth__host.a(gatt.c.obj)
                0x000000000000de28                bt_gatt_attr_write_ccc
 .text.bt_gatt_init
                0x000000000000def8       0x80 zephyr/subsys/bluetooth/host/libsubsys__bluetooth__host.a(gatt.c.obj)
                0x000000000000def8                bt_gatt_init
 .text.bt_gatt_attr_get_handle
                0x000000000000df78       0x60 zephyr/subsys/bluetooth/host/libsubsys__bluetooth__host.a(gatt.c.obj)
                0x000000000000df78                bt_gatt_attr_get_handle
 .text.bt_gatt_foreach_attr_type
                0x000000000000dfd8       0xb4 zephyr/subsys/bluetooth/host/libsubsys__bluetooth__host.a(gatt.c.obj)
                0x000000000000dfd8                bt_gatt_foreach_attr_type
 .text.bt_gatt_attr_next
                0x000000000000e08c       0x24 zephyr/subsys/bluetooth/host/libsubsys__bluetooth__host.a(gatt.c.obj)
                0x000000000000e08c                bt_gatt_attr_next
 .text.bt_gatt_is_subscribed
                0x000000000000e0b0      0x17c zephyr/subsys/bluetooth/host/libsubsys__bluetooth__host.a(gatt.c.obj)
                0x000000000000e0b0                bt_gatt_is_subscribed
 .text.gatt_indicate
                0x000000000000e22c       0xcc zephyr/subsys/bluetooth/host/libsubsys__bluetooth__host.a(gatt.c.obj)
 .text.bt_gatt_indicate
                0x000000000000e2f8       0xf4 zephyr/subsys/bluetooth/host/libsubsys__bluetooth__host.a(gatt.c.obj)
                0x000000000000e2f8                bt_gatt_indicate
 .text.sc_process
                0x000000000000e3ec       0x78 zephyr/subsys/bluetooth/host/libsubsys__bluetooth__host.a(gatt.c.obj)
 .text.update_ccc
                0x000000000000e464       0xf4 zephyr/subsys/bluetooth/host/libsubsys__bluetooth__host.a(gatt.c.obj)
 .text.gatt_notify
                0x000000000000e558       0x98 zephyr/subsys/bluetooth/host/libsubsys__bluetooth__host.a(gatt.c.obj)
 .text.notify_cb
                0x000000000000e5f0      0x114 zephyr/subsys/bluetooth/host/libsubsys__bluetooth__host.a(gatt.c.obj)
 .text.bt_gatt_connected
                0x000000000000e704       0x20 zephyr/subsys/bluetooth/host/libsubsys__bluetooth__host.a(gatt.c.obj)
                0x000000000000e704                bt_gatt_connected
 .text.bt_gatt_att_max_mtu_changed
                0x000000000000e724       0x28 zephyr/subsys/bluetooth/host/libsubsys__bluetooth__host.a(gatt.c.obj)
                0x000000000000e724                bt_gatt_att_max_mtu_changed
 .text.bt_gatt_disconnected
                0x000000000000e74c       0x14 zephyr/subsys/bluetooth/host/libsubsys__bluetooth__host.a(gatt.c.obj)
                0x000000000000e74c                bt_gatt_disconnected
 .text.bt_smp_accept.part.0
                0x000000000000e760       0x30 zephyr/subsys/bluetooth/host/libsubsys__bluetooth__host.a(smp_null.c.obj)
 .text.bt_smp_accept
                0x000000000000e790       0x1c zephyr/subsys/bluetooth/host/libsubsys__bluetooth__host.a(smp_null.c.obj)
 .text.mem_init
                0x000000000000e7ac       0x48 zephyr/subsys/bluetooth/controller/libsubsys__bluetooth__controller.a(mem.c.obj)
                0x000000000000e7ac                mem_init
 .text.mem_acquire
                0x000000000000e7f4       0x2c zephyr/subsys/bluetooth/controller/libsubsys__bluetooth__controller.a(mem.c.obj)
                0x000000000000e7f4                mem_acquire
 .text.mem_release
                0x000000000000e820       0x28 zephyr/subsys/bluetooth/controller/libsubsys__bluetooth__controller.a(mem.c.obj)
                0x000000000000e820                mem_release
 .text.mem_get  0x000000000000e848        0x8 zephyr/subsys/bluetooth/controller/libsubsys__bluetooth__controller.a(mem.c.obj)
                0x000000000000e848                mem_get
 .text.mem_index_get
                0x000000000000e850        0xc zephyr/subsys/bluetooth/controller/libsubsys__bluetooth__controller.a(mem.c.obj)
                0x000000000000e850                mem_index_get
 .text.mem_rcopy
                0x000000000000e85c       0x1c zephyr/subsys/bluetooth/controller/libsubsys__bluetooth__controller.a(mem.c.obj)
                0x000000000000e85c                mem_rcopy
 .text.mem_nz   0x000000000000e878       0x18 zephyr/subsys/bluetooth/controller/libsubsys__bluetooth__controller.a(mem.c.obj)
                0x000000000000e878                mem_nz
 .text.memq_init
                0x000000000000e890        0x8 zephyr/subsys/bluetooth/controller/libsubsys__bluetooth__controller.a(memq.c.obj)
                0x000000000000e890                memq_init
 .text.memq_deinit
                0x000000000000e898       0x14 zephyr/subsys/bluetooth/controller/libsubsys__bluetooth__controller.a(memq.c.obj)
                0x000000000000e898                memq_deinit
 .text.memq_enqueue
                0x000000000000e8ac       0x14 zephyr/subsys/bluetooth/controller/libsubsys__bluetooth__controller.a(memq.c.obj)
                0x000000000000e8ac                memq_enqueue
 .text.memq_peek
                0x000000000000e8c0       0x10 zephyr/subsys/bluetooth/controller/libsubsys__bluetooth__controller.a(memq.c.obj)
                0x000000000000e8c0                memq_peek
 .text.memq_dequeue
                0x000000000000e8d0       0x20 zephyr/subsys/bluetooth/controller/libsubsys__bluetooth__controller.a(memq.c.obj)
                0x000000000000e8d0                memq_dequeue
 .text.mayfly_init
                0x000000000000e8f0       0x40 zephyr/subsys/bluetooth/controller/libsubsys__bluetooth__controller.a(mayfly.c.obj)
                0x000000000000e8f0                mayfly_init
 .text.mayfly_enable
                0x000000000000e930       0x68 zephyr/subsys/bluetooth/controller/libsubsys__bluetooth__controller.a(mayfly.c.obj)
                0x000000000000e930                mayfly_enable
 .text.mayfly_enqueue
                0x000000000000e998       0xbc zephyr/subsys/bluetooth/controller/libsubsys__bluetooth__controller.a(mayfly.c.obj)
                0x000000000000e998                mayfly_enqueue
 .text.mayfly_run
                0x000000000000ea54      0x174 zephyr/subsys/bluetooth/controller/libsubsys__bluetooth__controller.a(mayfly.c.obj)
                0x000000000000ea54                mayfly_run
 .text.util_ones_count_get
                0x000000000000ebc8       0x28 zephyr/subsys/bluetooth/controller/libsubsys__bluetooth__controller.a(util.c.obj)
                0x000000000000ebc8                util_ones_count_get
 .text.ticker_dequeue
                0x000000000000ebf0       0x74 zephyr/subsys/bluetooth/controller/libsubsys__bluetooth__controller.a(ticker.c.obj)
 .text.ticks_to_expire_prep
                0x000000000000ec64       0x48 zephyr/subsys/bluetooth/controller/libsubsys__bluetooth__controller.a(ticker.c.obj)
 .text.start_us.constprop.0
                0x000000000000ecac       0xac zephyr/subsys/bluetooth/controller/libsubsys__bluetooth__controller.a(ticker.c.obj)
 .text.ticker_job_list_insert
                0x000000000000ed58      0x214 zephyr/subsys/bluetooth/controller/libsubsys__bluetooth__controller.a(ticker.c.obj)
 .text.ticker_worker
                0x000000000000ef6c      0x388 zephyr/subsys/bluetooth/controller/libsubsys__bluetooth__controller.a(ticker.c.obj)
                0x000000000000ef6c                ticker_worker
 .text.ticker_job
                0x000000000000f2f4      0xb64 zephyr/subsys/bluetooth/controller/libsubsys__bluetooth__controller.a(ticker.c.obj)
                0x000000000000f2f4                ticker_job
 .text.ticker_init
                0x000000000000fe58       0x64 zephyr/subsys/bluetooth/controller/libsubsys__bluetooth__controller.a(ticker.c.obj)
                0x000000000000fe58                ticker_init
 .text.ticker_trigger
                0x000000000000febc       0x30 zephyr/subsys/bluetooth/controller/libsubsys__bluetooth__controller.a(ticker.c.obj)
                0x000000000000febc                ticker_trigger
 .text.ticker_start
                0x000000000000feec       0x38 zephyr/subsys/bluetooth/controller/libsubsys__bluetooth__controller.a(ticker.c.obj)
                0x000000000000feec                ticker_start
 .text.ticker_start_ext
                0x000000000000ff24       0x10 zephyr/subsys/bluetooth/controller/libsubsys__bluetooth__controller.a(ticker.c.obj)
                0x000000000000ff24                ticker_start_ext
 .text.ticker_update_ext
                0x000000000000ff34       0xb0 zephyr/subsys/bluetooth/controller/libsubsys__bluetooth__controller.a(ticker.c.obj)
                0x000000000000ff34                ticker_update_ext
 .text.ticker_update
                0x000000000000ffe4       0x30 zephyr/subsys/bluetooth/controller/libsubsys__bluetooth__controller.a(ticker.c.obj)
                0x000000000000ffe4                ticker_update
 .text.ticker_stop
                0x0000000000010014       0x84 zephyr/subsys/bluetooth/controller/libsubsys__bluetooth__controller.a(ticker.c.obj)
                0x0000000000010014                ticker_stop
 .text.ticker_stop_abs
                0x0000000000010098       0x88 zephyr/subsys/bluetooth/controller/libsubsys__bluetooth__controller.a(ticker.c.obj)
                0x0000000000010098                ticker_stop_abs
 .text.ticker_ticks_now_get
                0x0000000000010120        0x4 zephyr/subsys/bluetooth/controller/libsubsys__bluetooth__controller.a(ticker.c.obj)
                0x0000000000010120                ticker_ticks_now_get
 .text.ticker_ticks_diff_get
                0x0000000000010124        0x8 zephyr/subsys/bluetooth/controller/libsubsys__bluetooth__controller.a(ticker.c.obj)
                0x0000000000010124                ticker_ticks_diff_get
 .text.ll_feat_get
                0x000000000001012c        0xc zephyr/subsys/bluetooth/controller/libsubsys__bluetooth__controller.a(ll_feat.c.obj)
                0x000000000001012c                ll_feat_get
 .text.ll_tx_pwr_lvl_get
                0x0000000000010138       0x20 zephyr/subsys/bluetooth/controller/libsubsys__bluetooth__controller.a(ll_tx_pwr.c.obj)
                0x0000000000010138                ll_tx_pwr_lvl_get
 .text.ll_tx_pwr_get
                0x0000000000010158        0x8 zephyr/subsys/bluetooth/controller/libsubsys__bluetooth__controller.a(ll_tx_pwr.c.obj)
                0x0000000000010158                ll_tx_pwr_get
 .text.ll_addr_set
                0x0000000000010160       0x44 zephyr/subsys/bluetooth/controller/libsubsys__bluetooth__controller.a(ll_addr.c.obj)
                0x0000000000010160                ll_addr_set
 .text.ll_addr_get
                0x00000000000101a4       0x20 zephyr/subsys/bluetooth/controller/libsubsys__bluetooth__controller.a(ll_addr.c.obj)
                0x00000000000101a4                ll_addr_get
 .text.ll_addr_read
                0x00000000000101c4       0x28 zephyr/subsys/bluetooth/controller/libsubsys__bluetooth__controller.a(ll_addr.c.obj)
                0x00000000000101c4                ll_addr_read
 .text.perform_lll_reset
                0x00000000000101ec       0xd0 zephyr/subsys/bluetooth/controller/libsubsys__bluetooth__controller.a(ull.c.obj)
 .text.ull_ticker_status_give
                0x00000000000102bc        0xc zephyr/subsys/bluetooth/controller/libsubsys__bluetooth__controller.a(ull.c.obj)
                0x00000000000102bc                ull_ticker_status_give
 .text.disabled_cb
                0x00000000000102c8        0x4 zephyr/subsys/bluetooth/controller/libsubsys__bluetooth__controller.a(ull.c.obj)
 .text.tx_cmplt_get
                0x00000000000102cc       0xb4 zephyr/subsys/bluetooth/controller/libsubsys__bluetooth__controller.a(ull.c.obj)
 .text.rx_replenish
                0x0000000000010380       0xf8 zephyr/subsys/bluetooth/controller/libsubsys__bluetooth__controller.a(ull.c.obj)
 .text.init_reset
                0x0000000000010478      0x138 zephyr/subsys/bluetooth/controller/libsubsys__bluetooth__controller.a(ull.c.obj)
 .text.rx_demux
                0x00000000000105b0      0x2bc zephyr/subsys/bluetooth/controller/libsubsys__bluetooth__controller.a(ull.c.obj)
 .text.ll_init  0x000000000001086c       0xec zephyr/subsys/bluetooth/controller/libsubsys__bluetooth__controller.a(ull.c.obj)
                0x000000000001086c                ll_init
 .text.ll_reset
                0x0000000000010958      0x16c zephyr/subsys/bluetooth/controller/libsubsys__bluetooth__controller.a(ull.c.obj)
                0x0000000000010958                ll_reset
 .text.ll_deinit
                0x0000000000010ac4       0x10 zephyr/subsys/bluetooth/controller/libsubsys__bluetooth__controller.a(ull.c.obj)
                0x0000000000010ac4                ll_deinit
 .text.ll_rx_get
                0x0000000000010ad4      0x104 zephyr/subsys/bluetooth/controller/libsubsys__bluetooth__controller.a(ull.c.obj)
                0x0000000000010ad4                ll_rx_get
 .text.ll_rx_dequeue
                0x0000000000010bd8      0x184 zephyr/subsys/bluetooth/controller/libsubsys__bluetooth__controller.a(ull.c.obj)
                0x0000000000010bd8                ll_rx_dequeue
 .text.ll_rx_mem_release
                0x0000000000010d5c      0x18c zephyr/subsys/bluetooth/controller/libsubsys__bluetooth__controller.a(ull.c.obj)
                0x0000000000010d5c                ll_rx_mem_release
 .text.ll_rx_link_alloc
                0x0000000000010ee8        0xc zephyr/subsys/bluetooth/controller/libsubsys__bluetooth__controller.a(ull.c.obj)
                0x0000000000010ee8                ll_rx_link_alloc
 .text.ll_rx_link_release
                0x0000000000010ef4        0xc zephyr/subsys/bluetooth/controller/libsubsys__bluetooth__controller.a(ull.c.obj)
                0x0000000000010ef4                ll_rx_link_release
 .text.ll_rx_alloc
                0x0000000000010f00        0xc zephyr/subsys/bluetooth/controller/libsubsys__bluetooth__controller.a(ull.c.obj)
                0x0000000000010f00                ll_rx_alloc
 .text.ll_rx_release
                0x0000000000010f0c        0xc zephyr/subsys/bluetooth/controller/libsubsys__bluetooth__controller.a(ull.c.obj)
                0x0000000000010f0c                ll_rx_release
 .text.ll_rx_put
                0x0000000000010f18       0x18 zephyr/subsys/bluetooth/controller/libsubsys__bluetooth__controller.a(ull.c.obj)
                0x0000000000010f18                ll_rx_put
 .text.ll_rx_put_sched
                0x0000000000010f30       0x28 zephyr/subsys/bluetooth/controller/libsubsys__bluetooth__controller.a(ull.c.obj)
                0x0000000000010f30                ll_rx_put_sched
 .text.ll_pdu_rx_alloc_peek
                0x0000000000010f58       0x34 zephyr/subsys/bluetooth/controller/libsubsys__bluetooth__controller.a(ull.c.obj)
                0x0000000000010f58                ll_pdu_rx_alloc_peek
 .text.ll_pdu_rx_alloc
                0x0000000000010f8c       0x24 zephyr/subsys/bluetooth/controller/libsubsys__bluetooth__controller.a(ull.c.obj)
                0x0000000000010f8c                ll_pdu_rx_alloc
 .text.ll_tx_ack_put
                0x0000000000010fb0       0x60 zephyr/subsys/bluetooth/controller/libsubsys__bluetooth__controller.a(ull.c.obj)
                0x0000000000010fb0                ll_tx_ack_put
 .text.ull_ticker_status_take
                0x0000000000011010       0x24 zephyr/subsys/bluetooth/controller/libsubsys__bluetooth__controller.a(ull.c.obj)
                0x0000000000011010                ull_ticker_status_take
 .text.ull_disable_mark
                0x0000000000011034       0x18 zephyr/subsys/bluetooth/controller/libsubsys__bluetooth__controller.a(ull.c.obj)
                0x0000000000011034                ull_disable_mark
 .text.ull_disable_unmark
                0x000000000001104c       0x18 zephyr/subsys/bluetooth/controller/libsubsys__bluetooth__controller.a(ull.c.obj)
                0x000000000001104c                ull_disable_unmark
 .text.ull_disable_mark_get
                0x0000000000011064        0xc zephyr/subsys/bluetooth/controller/libsubsys__bluetooth__controller.a(ull.c.obj)
                0x0000000000011064                ull_disable_mark_get
 .text.ull_update_mark
                0x0000000000011070       0x18 zephyr/subsys/bluetooth/controller/libsubsys__bluetooth__controller.a(ull.c.obj)
                0x0000000000011070                ull_update_mark
 .text.ull_update_unmark
                0x0000000000011088       0x18 zephyr/subsys/bluetooth/controller/libsubsys__bluetooth__controller.a(ull.c.obj)
                0x0000000000011088                ull_update_unmark
 .text.ull_update_mark_get
                0x00000000000110a0        0xc zephyr/subsys/bluetooth/controller/libsubsys__bluetooth__controller.a(ull.c.obj)
                0x00000000000110a0                ull_update_mark_get
 .text.ull_disable
                0x00000000000110ac       0x7c zephyr/subsys/bluetooth/controller/libsubsys__bluetooth__controller.a(ull.c.obj)
                0x00000000000110ac                ull_disable
 .text.ull_ticker_stop_with_mark
                0x0000000000011128       0xa4 zephyr/subsys/bluetooth/controller/libsubsys__bluetooth__controller.a(ull.c.obj)
                0x0000000000011128                ull_ticker_stop_with_mark
 .text.ull_pdu_rx_alloc_peek
                0x00000000000111cc       0x34 zephyr/subsys/bluetooth/controller/libsubsys__bluetooth__controller.a(ull.c.obj)
                0x00000000000111cc                ull_pdu_rx_alloc_peek
 .text.ull_pdu_rx_alloc
                0x0000000000011200       0x24 zephyr/subsys/bluetooth/controller/libsubsys__bluetooth__controller.a(ull.c.obj)
                0x0000000000011200                ull_pdu_rx_alloc
 .text.ull_rx_put
                0x0000000000011224       0x20 zephyr/subsys/bluetooth/controller/libsubsys__bluetooth__controller.a(ull.c.obj)
                0x0000000000011224                ull_rx_put
 .text.ull_rx_sched
                0x0000000000011244       0x10 zephyr/subsys/bluetooth/controller/libsubsys__bluetooth__controller.a(ull.c.obj)
                0x0000000000011244                ull_rx_sched
 .text.ull_rx_put_sched
                0x0000000000011254       0x30 zephyr/subsys/bluetooth/controller/libsubsys__bluetooth__controller.a(ull.c.obj)
                0x0000000000011254                ull_rx_put_sched
 .text.ull_prepare_enqueue
                0x0000000000011284       0x74 zephyr/subsys/bluetooth/controller/libsubsys__bluetooth__controller.a(ull.c.obj)
                0x0000000000011284                ull_prepare_enqueue
 .text.ull_prepare_dequeue_get
                0x00000000000112f8       0x1c zephyr/subsys/bluetooth/controller/libsubsys__bluetooth__controller.a(ull.c.obj)
                0x00000000000112f8                ull_prepare_dequeue_get
 .text.ull_prepare_dequeue_iter
                0x0000000000011314       0x34 zephyr/subsys/bluetooth/controller/libsubsys__bluetooth__controller.a(ull.c.obj)
                0x0000000000011314                ull_prepare_dequeue_iter
 .text.ull_prepare_dequeue
                0x0000000000011348      0x130 zephyr/subsys/bluetooth/controller/libsubsys__bluetooth__controller.a(ull.c.obj)
                0x0000000000011348                ull_prepare_dequeue
 .text.ull_event_done_extra_get
                0x0000000000011478       0x1c zephyr/subsys/bluetooth/controller/libsubsys__bluetooth__controller.a(ull.c.obj)
                0x0000000000011478                ull_event_done_extra_get
 .text.ull_event_done
                0x0000000000011494       0x5c zephyr/subsys/bluetooth/controller/libsubsys__bluetooth__controller.a(ull.c.obj)
                0x0000000000011494                ull_event_done
 .text.lll_prepare
                0x00000000000114f0       0x14 zephyr/subsys/bluetooth/controller/libsubsys__bluetooth__controller.a(lll_common.c.obj)
                0x00000000000114f0                lll_prepare
 .text.lll_resume
                0x0000000000011504       0x50 zephyr/subsys/bluetooth/controller/libsubsys__bluetooth__controller.a(lll_common.c.obj)
                0x0000000000011504                lll_resume
 .text.hci_driver_close
                0x0000000000011554       0x50 zephyr/subsys/bluetooth/controller/libsubsys__bluetooth__controller.a(hci_driver.c.obj)
 .text.recv_thread
                0x00000000000115a4      0x130 zephyr/subsys/bluetooth/controller/libsubsys__bluetooth__controller.a(hci_driver.c.obj)
 .text.hci_driver_open
                0x00000000000116d4       0xcc zephyr/subsys/bluetooth/controller/libsubsys__bluetooth__controller.a(hci_driver.c.obj)
 .text.bt_recv_prio.isra.0
                0x00000000000117a0       0x18 zephyr/subsys/bluetooth/controller/libsubsys__bluetooth__controller.a(hci_driver.c.obj)
 .text.prio_recv_thread
                0x00000000000117b8       0xd0 zephyr/subsys/bluetooth/controller/libsubsys__bluetooth__controller.a(hci_driver.c.obj)
 .text.hci_driver_send
                0x0000000000011888       0xa0 zephyr/subsys/bluetooth/controller/libsubsys__bluetooth__controller.a(hci_driver.c.obj)
 .text.hci_recv_fifo_reset
                0x0000000000011928       0x20 zephyr/subsys/bluetooth/controller/libsubsys__bluetooth__controller.a(hci_driver.c.obj)
                0x0000000000011928                hci_recv_fifo_reset
 .text.dup_found.constprop.0
                0x0000000000011948       0xb0 zephyr/subsys/bluetooth/controller/libsubsys__bluetooth__controller.a(hci.c.obj)
 .text.le_remote_feat_complete
                0x00000000000119f8       0x78 zephyr/subsys/bluetooth/controller/libsubsys__bluetooth__controller.a(hci.c.obj)
 .text.hci_vendor_cmd_handle_common
                0x0000000000011a70      0x1a0 zephyr/subsys/bluetooth/controller/libsubsys__bluetooth__controller.a(hci.c.obj)
                0x0000000000011a70                hci_vendor_cmd_handle_common
 .text.hci_cmd_handle
                0x0000000000011c10      0x788 zephyr/subsys/bluetooth/controller/libsubsys__bluetooth__controller.a(hci.c.obj)
                0x0000000000011c10                hci_cmd_handle
 .text.hci_acl_handle
                0x0000000000012398      0x10c zephyr/subsys/bluetooth/controller/libsubsys__bluetooth__controller.a(hci.c.obj)
                0x0000000000012398                hci_acl_handle
 .text.hci_disconn_complete_encode
                0x00000000000124a4       0x40 zephyr/subsys/bluetooth/controller/libsubsys__bluetooth__controller.a(hci.c.obj)
                0x00000000000124a4                hci_disconn_complete_encode
 .text.hci_disconn_complete_process
                0x00000000000124e4       0x10 zephyr/subsys/bluetooth/controller/libsubsys__bluetooth__controller.a(hci.c.obj)
                0x00000000000124e4                hci_disconn_complete_process
 .text.hci_acl_encode
                0x00000000000124f4       0x78 zephyr/subsys/bluetooth/controller/libsubsys__bluetooth__controller.a(hci.c.obj)
                0x00000000000124f4                hci_acl_encode
 .text.hci_evt_encode
                0x000000000001256c      0x6d4 zephyr/subsys/bluetooth/controller/libsubsys__bluetooth__controller.a(hci.c.obj)
                0x000000000001256c                hci_evt_encode
 .text.hci_num_cmplt_encode
                0x0000000000012c40       0x30 zephyr/subsys/bluetooth/controller/libsubsys__bluetooth__controller.a(hci.c.obj)
                0x0000000000012c40                hci_num_cmplt_encode
 .text.hci_get_class
                0x0000000000012c70       0x2c zephyr/subsys/bluetooth/controller/libsubsys__bluetooth__controller.a(hci.c.obj)
                0x0000000000012c70                hci_get_class
 .text.hci_init
                0x0000000000012c9c       0x4c zephyr/subsys/bluetooth/controller/libsubsys__bluetooth__controller.a(hci.c.obj)
                0x0000000000012c9c                hci_init
 .text.ticker_stop_cb
                0x0000000000012ce8       0x8c zephyr/subsys/bluetooth/controller/libsubsys__bluetooth__controller.a(ull_adv.c.obj)
 .text.disabled_cb
                0x0000000000012d74       0x94 zephyr/subsys/bluetooth/controller/libsubsys__bluetooth__controller.a(ull_adv.c.obj)
 .text.ticker_stop_op_cb
                0x0000000000012e08       0x48 zephyr/subsys/bluetooth/controller/libsubsys__bluetooth__controller.a(ull_adv.c.obj)
 .text.adv_disable
                0x0000000000012e50       0x8c zephyr/subsys/bluetooth/controller/libsubsys__bluetooth__controller.a(ull_adv.c.obj)
 .text.ticker_update_op_cb
                0x0000000000012edc       0x64 zephyr/subsys/bluetooth/controller/libsubsys__bluetooth__controller.a(ull_adv.c.obj)
 .text.init_set.constprop.0
                0x0000000000012f40       0x44 zephyr/subsys/bluetooth/controller/libsubsys__bluetooth__controller.a(ull_adv.c.obj)
 .text.conn_release.constprop.0
                0x0000000000012f84       0x88 zephyr/subsys/bluetooth/controller/libsubsys__bluetooth__controller.a(ull_adv.c.obj)
 .text.disable.constprop.0
                0x000000000001300c      0x15c zephyr/subsys/bluetooth/controller/libsubsys__bluetooth__controller.a(ull_adv.c.obj)
 .text.adv_time_get.constprop.0.isra.0
                0x0000000000013168       0x7c zephyr/subsys/bluetooth/controller/libsubsys__bluetooth__controller.a(ull_adv.c.obj)
 .text.ticker_cb
                0x00000000000131e4      0x14c zephyr/subsys/bluetooth/controller/libsubsys__bluetooth__controller.a(ull_adv.c.obj)
 .text.ll_adv_params_set
                0x0000000000013330      0x1d8 zephyr/subsys/bluetooth/controller/libsubsys__bluetooth__controller.a(ull_adv.c.obj)
                0x0000000000013330                ll_adv_params_set
 .text.ull_adv_init
                0x0000000000013508       0x20 zephyr/subsys/bluetooth/controller/libsubsys__bluetooth__controller.a(ull_adv.c.obj)
                0x0000000000013508                ull_adv_init