Archive member included to satisfy reference by file (symbol)

app/libapp.a(main.c.obj)      (--whole-archive)
app/libapp.a(button.c.obj)    (--whole-archive)
app/libapp.a(led.c.obj)       (--whole-archive)
app/libapp.a(rtc.c.obj)       (--whole-archive)
app/libapp.a(thingy.c.obj)    (--whole-archive)
app/libapp.a(SEGGER_RTT_printf.c.obj)
                              (--whole-archive)
zephyr/libzephyr.a(heap.c.obj)
                              (--whole-archive)
zephyr/libzephyr.a(cbprintf_packaged.c.obj)
                              (--whole-archive)
zephyr/libzephyr.a(printk.c.obj)
                              (--whole-archive)
zephyr/libzephyr.a(sem.c.obj)
                              (--whole-archive)
zephyr/libzephyr.a(thread_entry.c.obj)
                              (--whole-archive)
zephyr/libzephyr.a(cbprintf_nano.c.obj)
                              (--whole-archive)
zephyr/libzephyr.a(assert.c.obj)
                              (--whole-archive)
zephyr/libzephyr.a(dec.c.obj)
                              (--whole-archive)
zephyr/libzephyr.a(hex.c.obj)
                              (--whole-archive)
zephyr/libzephyr.a(rb.c.obj)  (--whole-archive)
zephyr/libzephyr.a(timeutil.c.obj)
                              (--whole-archive)
zephyr/libzephyr.a(bitarray.c.obj)
                              (--whole-archive)
zephyr/libzephyr.a(onoff.c.obj)
                              (--whole-archive)
zephyr/libzephyr.a(notify.c.obj)
                              (--whole-archive)
zephyr/libzephyr.a(json.c.obj)
                              (--whole-archive)
zephyr/libzephyr.a(ring_buffer.c.obj)
                              (--whole-archive)
zephyr/libzephyr.a(configs.c.obj)
                              (--whole-archive)
zephyr/libzephyr.a(mem_attr.c.obj)
                              (--whole-archive)
zephyr/libzephyr.a(tracing_none.c.obj)
                              (--whole-archive)
zephyr/libzephyr.a(shell_rtt.c.obj)
                              (--whole-archive)
zephyr/libzephyr.a(shell.c.obj)
                              (--whole-archive)
zephyr/libzephyr.a(shell_fprintf.c.obj)
                              (--whole-archive)
zephyr/libzephyr.a(shell_utils.c.obj)
                              (--whole-archive)
zephyr/libzephyr.a(shell_ops.c.obj)
                              (--whole-archive)
zephyr/libzephyr.a(hts221_reg.c.obj)
                              (--whole-archive)
zephyr/arch/common/libarch__common.a(sw_isr_common.c.obj)
                              (--whole-archive)
zephyr/arch/arch/arm/core/libarch__arm__core.a(fatal.c.obj)
                              (--whole-archive)
zephyr/arch/arch/arm/core/libarch__arm__core.a(nmi.c.obj)
                              (--whole-archive)
zephyr/arch/arch/arm/core/libarch__arm__core.a(nmi_on_reset.S.obj)
                              (--whole-archive)
zephyr/arch/arch/arm/core/libarch__arm__core.a(tls.c.obj)
                              (--whole-archive)
zephyr/arch/arch/arm/core/cortex_m/libarch__arm__core__cortex_m.a(exc_exit.c.obj)
                              (--whole-archive)
zephyr/arch/arch/arm/core/cortex_m/libarch__arm__core__cortex_m.a(fault.c.obj)
                              (--whole-archive)
zephyr/arch/arch/arm/core/cortex_m/libarch__arm__core__cortex_m.a(fault_s.S.obj)
                              (--whole-archive)
zephyr/arch/arch/arm/core/cortex_m/libarch__arm__core__cortex_m.a(fpu.c.obj)
                              (--whole-archive)
zephyr/arch/arch/arm/core/cortex_m/libarch__arm__core__cortex_m.a(reset.S.obj)
                              (--whole-archive)
zephyr/arch/arch/arm/core/cortex_m/libarch__arm__core__cortex_m.a(scb.c.obj)
                              (--whole-archive)
zephyr/arch/arch/arm/core/cortex_m/libarch__arm__core__cortex_m.a(thread_abort.c.obj)
                              (--whole-archive)
zephyr/arch/arch/arm/core/cortex_m/libarch__arm__core__cortex_m.a(vector_table.S.obj)
                              (--whole-archive)
zephyr/arch/arch/arm/core/cortex_m/libarch__arm__core__cortex_m.a(swap_helper.S.obj)
                              (--whole-archive)
zephyr/arch/arch/arm/core/cortex_m/libarch__arm__core__cortex_m.a(irq_manage.c.obj)
                              (--whole-archive)
zephyr/arch/arch/arm/core/cortex_m/libarch__arm__core__cortex_m.a(prep_c.c.obj)
                              (--whole-archive)
zephyr/arch/arch/arm/core/cortex_m/libarch__arm__core__cortex_m.a(thread.c.obj)
                              (--whole-archive)
zephyr/arch/arch/arm/core/cortex_m/libarch__arm__core__cortex_m.a(cpu_idle.c.obj)
                              (--whole-archive)
zephyr/arch/arch/arm/core/cortex_m/libarch__arm__core__cortex_m.a(irq_init.c.obj)
                              (--whole-archive)
zephyr/arch/arch/arm/core/cortex_m/libarch__arm__core__cortex_m.a(isr_wrapper.c.obj)
                              (--whole-archive)
[...]
Memory Configuration

Name             Origin             Length             Attributes
FLASH            0x0000000000000000 0x0000000000080000 xr
RAM              0x0000000020000000 0x0000000000010000 xw
IDT_LIST         0x00000000ffff7fff 0x0000000000008000 xw
*default*        0x0000000000000000 0xffffffffffffffff

Linker script and memory map

                0x0000000000007688                vfprintf = __m_vfprintf
                0x000000000000791c                vfscanf = __m_vfscanf
LOAD zephyr/CMakeFiles/zephyr_final.dir/misc/empty_file.c.obj
LOAD zephyr/CMakeFiles/zephyr_final.dir/isr_tables.c.obj
LOAD zephyr/CMakeFiles/offsets.dir/./arch/arm/core/offsets/offsets.c.obj
LOAD app/libapp.a
LOAD zephyr/libzephyr.a
LOAD zephyr/arch/common/libarch__common.a
LOAD zephyr/arch/arch/arm/core/libarch__arm__core.a
LOAD zephyr/arch/arch/arm/core/cortex_m/libarch__arm__core__cortex_m.a
LOAD zephyr/arch/arch/arm/core/mpu/libarch__arm__core__mpu.a
LOAD zephyr/lib/libc/picolibc/liblib__libc__picolibc.a
LOAD zephyr/lib/libc/common/liblib__libc__common.a
LOAD zephyr/soc/soc/nrf52832/libsoc__nordic.a
LOAD zephyr/boards/nordic/thingy52/libboards__nordic__thingy52.a
LOAD zephyr/drivers/adc/libdrivers__adc.a
LOAD zephyr/drivers/clock_control/libdrivers__clock_control.a
LOAD zephyr/drivers/console/libdrivers__console.a
LOAD zephyr/drivers/counter/libdrivers__counter.a
LOAD zephyr/drivers/gpio/libdrivers__gpio.a
LOAD zephyr/drivers/i2c/libdrivers__i2c.a
LOAD zephyr/drivers/led/libdrivers__led.a
LOAD zephyr/drivers/pinctrl/libdrivers__pinctrl.a
LOAD zephyr/drivers/regulator/libdrivers__regulator.a
LOAD zephyr/drivers/rtc/libdrivers__rtc.a
LOAD zephyr/drivers/sensor/ams/ccs811/libdrivers__sensor__ams__ccs811.a
LOAD zephyr/drivers/sensor/nordic/temp/libdrivers__sensor__nordic__temp.a
LOAD zephyr/drivers/sensor/st/stmemsc/libdrivers__sensor__st__stmemsc.a
LOAD zephyr/drivers/sensor/st/hts221/libdrivers__sensor__st__hts221.a
LOAD zephyr/drivers/sensor/st/lis2dh/libdrivers__sensor__st__lis2dh.a
LOAD zephyr/drivers/sensor/st/lps22hb/libdrivers__sensor__st__lps22hb.a
LOAD zephyr/drivers/sensor/voltage_divider/libdrivers__sensor__voltage_divider.a
LOAD zephyr/drivers/serial/libdrivers__serial.a
LOAD zephyr/drivers/timer/libdrivers__timer.a
LOAD modules/hal_nordic/nrfx/libmodules__hal_nordic__nrfx.a
LOAD modules/segger/libmodules__segger.a
LOAD zephyr/kernel/libkernel.a
LOAD zephyr/arch/common/libisr_tables.a
LOAD /Users/wendi/zephyr_install/zephyr-sdk-0.17.0/arm-zephyr-eabi/bin/../lib/gcc/../../picolibc/arm-zephyr-eabi/lib/thumb/v7e-m/nofp/libc.a
LOAD /Users/wendi/zephyr_install/zephyr-sdk-0.17.0/arm-zephyr-eabi/bin/../lib/gcc/arm-zephyr-eabi/12.2.0/thumb/v7e-m/nofp/libgcc.a
                0x0000000000000020                _region_min_align = 0x20

.rel.plt        0x0000000000000000        0x0
 *(SORT_BY_ALIGNMENT(.rel.plt))
                [!provide]                        PROVIDE (__rel_iplt_start = .)
 *(SORT_BY_ALIGNMENT(.rel.iplt))
 .rel.iplt      0x0000000000000000        0x0 zephyr/CMakeFiles/zephyr_final.dir/isr_tables.c.obj
                [!provide]                        PROVIDE (__rel_iplt_end = .)

.rela.plt       0x0000000000000000        0x0
 *(SORT_BY_ALIGNMENT(.rela.plt))
                [!provide]                        PROVIDE (__rela_iplt_start = .)
 *(SORT_BY_ALIGNMENT(.rela.iplt))
                [!provide]                        PROVIDE (__rela_iplt_end = .)

.rel.dyn
 *(SORT_BY_ALIGNMENT(.rel.*))

.rela.dyn
 *(SORT_BY_ALIGNMENT(.rela.*))

/DISCARD/
 *(SORT_BY_ALIGNMENT(.plt))

/DISCARD/
 *(SORT_BY_ALIGNMENT(.iplt))
                0x0000000000000000                __rom_region_start = 0x0

rom_start       0x0000000000000000       0xdc
                0x0000000000000000                __rom_start_address = .
 FILL mask 0x00
                0x0000000000000000                . = (. + (0x0 - (. - __rom_start_address)))
                0x0000000000000000                . = ALIGN (0x4)
                0x0000000000000000                . = ALIGN (0x80)
                0x0000000000000000                . = ALIGN (0x100)
                0x0000000000000000                _vector_start = .
 *(SORT_BY_ALIGNMENT(.exc_vector_table))
 *(SORT_BY_ALIGNMENT(.exc_vector_table.*))
 .exc_vector_table._vector_table_section
                0x0000000000000000       0x40 zephyr/arch/arch/arm/core/cortex_m/libarch__arm__core__cortex_m.a(vector_table.S.obj)
                0x0000000000000000                _vector_table
 *(SORT_BY_ALIGNMENT(.vectors))
                0x00000000000000dc                _vector_end = .
                0x0000000000000040                . = ALIGN (0x4)
 *(SORT_BY_ALIGNMENT(.gnu.linkonce.irq_vector_table*))
 .gnu.linkonce.irq_vector_table
                0x0000000000000040       0x9c zephyr/CMakeFiles/zephyr_final.dir/isr_tables.c.obj
                0x0000000000000040                _irq_vector_table
                0x00000000000000dc                _vector_end = .

text            0x00000000000000e0     0xafec
                0x00000000000000e0                __text_region_start = .
 *(SORT_BY_ALIGNMENT(.text))
 .text          0x00000000000000e0       0xa0 /Users/wendi/zephyr_install/zephyr-sdk-0.17.0/arm-zephyr-eabi/bin/../lib/gcc/arm-zephyr-eabi/12.2.0/thumb/v7e-m/nofp/libgcc.a(_aeabi_ldivmod.o)
                0x00000000000000e0                __aeabi_ldivmod
 .text          0x0000000000000180       0x30 /Users/wendi/zephyr_install/zephyr-sdk-0.17.0/arm-zephyr-eabi/bin/../lib/gcc/arm-zephyr-eabi/12.2.0/thumb/v7e-m/nofp/libgcc.a(_aeabi_uldivmod.o)
                0x0000000000000180                __aeabi_uldivmod
 .text          0x00000000000001b0        0x4 /Users/wendi/zephyr_install/zephyr-sdk-0.17.0/arm-zephyr-eabi/bin/../lib/gcc/arm-zephyr-eabi/12.2.0/thumb/v7e-m/nofp/libgcc.a(_dvmd_tls.o)
                0x00000000000001b0                __aeabi_ldiv0
                0x00000000000001b0                __aeabi_idiv0
 .text          0x00000000000001b4       0x14 /Users/wendi/zephyr_install/zephyr-sdk-0.17.0/arm-zephyr-eabi/bin/../lib/gcc/../../picolibc/arm-zephyr-eabi/lib/thumb/v7e-m/nofp/libc.a(strcmp.S.o)
                0x00000000000001b4                strcmp
 .text          0x00000000000001c8       0x10 /Users/wendi/zephyr_install/zephyr-sdk-0.17.0/arm-zephyr-eabi/bin/../lib/gcc/../../picolibc/arm-zephyr-eabi/lib/thumb/v7e-m/nofp/libc.a(strcpy.S.o)
                0x00000000000001c8                strcpy
 .text          0x00000000000001d8       0x10 /Users/wendi/zephyr_install/zephyr-sdk-0.17.0/arm-zephyr-eabi/bin/../lib/gcc/../../picolibc/arm-zephyr-eabi/lib/thumb/v7e-m/nofp/libc.a(strlen.S.o)
                0x00000000000001d8                strlen
 .text          0x00000000000001e8      0x2a0 /Users/wendi/zephyr_install/zephyr-sdk-0.17.0/arm-zephyr-eabi/bin/../lib/gcc/arm-zephyr-eabi/12.2.0/thumb/v7e-m/nofp/libgcc.a(_udivmoddi4.o)
                0x00000000000001e8                __udivmoddi4
 *(SORT_BY_ALIGNMENT(.text.*))
 .text.lis2dh_attr_set
                0x0000000000000488      0x108 zephyr/drivers/sensor/st/lis2dh/libdrivers__sensor__st__lis2dh.a(lis2dh.c.obj)
 .text.cmd_sensor
                0x0000000000000590       0x50 app/libapp.a(main.c.obj)
                0x0000000000000590                cmd_sensor
 .text.main     0x00000000000005e0       0x50 app/libapp.a(main.c.obj)
                0x00000000000005e0                main
 .text.sample_all_sensor
                0x0000000000000630      0x184 app/libapp.a(button.c.obj)
                0x0000000000000630                sample_all_sensor
 .text.sample_sensor
                0x00000000000007b4       0xd4 app/libapp.a(button.c.obj)
                0x00000000000007b4                sample_sensor
 .text.button_pressed
                0x0000000000000888       0x74 app/libapp.a(button.c.obj)
                0x0000000000000888                button_pressed
 .text.thread_kill
                0x00000000000008fc       0x3c app/libapp.a(button.c.obj)
                0x00000000000008fc                thread_kill
 .text.cmd_sample
                0x0000000000000938      0x16c app/libapp.a(button.c.obj)
                0x0000000000000938                cmd_sample
 .text.button_init
                0x0000000000000aa4       0x58 app/libapp.a(button.c.obj)
                0x0000000000000aa4                button_init
 .text.set_colour
                0x0000000000000afc       0x2c app/libapp.a(led.c.obj)
                0x0000000000000afc                set_colour
 .text.gas_colour_thread
                0x0000000000000b28       0x68 app/libapp.a(led.c.obj)
                0x0000000000000b28                gas_colour_thread
 .text.led_init
                0x0000000000000b90       0x24 app/libapp.a(led.c.obj)
                0x0000000000000b90                led_init
 .text.counter_get_frequency.constprop.0
                0x0000000000000bb4       0x14 app/libapp.a(rtc.c.obj)
 .text.counter_get_value.constprop.0.isra.0
                0x0000000000000bc8       0x10 app/libapp.a(rtc.c.obj)
 .text.add_s_date_time
                0x0000000000000bd8       0xcc app/libapp.a(rtc.c.obj)
                0x0000000000000bd8                add_s_date_time
 .text.rtc_init
                0x0000000000000ca4       0x54 app/libapp.a(rtc.c.obj)
                0x0000000000000ca4                rtc_init
 .text.set_date_time
                0x0000000000000cf8       0x34 app/libapp.a(rtc.c.obj)
                0x0000000000000cf8                set_date_time
 .text.get_date_time
                0x0000000000000d2c       0x6c app/libapp.a(rtc.c.obj)
                0x0000000000000d2c                get_date_time
 .text.cmd_rtc  0x0000000000000d98       0x90 app/libapp.a(rtc.c.obj)
                0x0000000000000d98                cmd_rtc
 .text.pressure_read_thread
                0x0000000000000e28       0x58 app/libapp.a(thingy.c.obj)
                0x0000000000000e28                pressure_read_thread
 .text.temp_hum_read_thread
                0x0000000000000e80       0x8c app/libapp.a(thingy.c.obj)
                0x0000000000000e80                temp_hum_read_thread
 .text.gas_read_thread
                0x0000000000000f0c       0x8c app/libapp.a(thingy.c.obj)
                0x0000000000000f0c                gas_read_thread
 .text.get_sensor_data
                0x0000000000000f98       0x80 app/libapp.a(thingy.c.obj)
                0x0000000000000f98                get_sensor_data
 .text.char_out
                0x0000000000001018        0xc zephyr/libzephyr.a(printk.c.obj)
 .text.__printk_hook_install
                0x0000000000001024        0xc zephyr/libzephyr.a(printk.c.obj)
                0x0000000000001024                __printk_hook_install
 .text.vprintk  0x0000000000001030       0x30 zephyr/libzephyr.a(printk.c.obj)
                0x0000000000001030                vprintk
 .text.z_thread_entry
                0x0000000000001060       0x34 zephyr/libzephyr.a(thread_entry.c.obj)
                0x0000000000001060                z_thread_entry
 .text.process_event
                0x0000000000001094      0x21c zephyr/libzephyr.a(onoff.c.obj)
 .text.str_encode
                0x00000000000012b0       0x5c zephyr/libzephyr.a(json.c.obj)
 .text.json_obj_encode
                0x000000000000130c       0x90 zephyr/libzephyr.a(json.c.obj)
                0x000000000000130c                json_obj_encode
 .text.encode   0x000000000000139c      0x14c zephyr/libzephyr.a(json.c.obj)
 .text.arr_encode
                0x00000000000014e8       0x8c zephyr/libzephyr.a(json.c.obj)
 .text.json_obj_encode_buf
                0x0000000000001574       0x20 zephyr/libzephyr.a(json.c.obj)
                0x0000000000001574                json_obj_encode_buf
 .text.mem_attr_get_regions
                0x0000000000001594        0xc zephyr/libzephyr.a(mem_attr.c.obj)
                0x0000000000001594                mem_attr_get_regions
 .text.enable_shell_rtt
                0x00000000000015a0       0x24 zephyr/libzephyr.a(shell_rtt.c.obj)
 .text.init     0x00000000000015c4       0x60 zephyr/libzephyr.a(shell_rtt.c.obj)
 .text.on_failed_write
                0x0000000000001624       0x14 zephyr/libzephyr.a(shell_rtt.c.obj)
 .text.write    0x0000000000001638       0x50 zephyr/libzephyr.a(shell_rtt.c.obj)
 .text.kill_handler
                0x0000000000001688       0x48 zephyr/libzephyr.a(shell.c.obj)
 .text.z_shell_raw_fprintf.constprop.0
                0x00000000000016d0       0x1c zephyr/libzephyr.a(shell.c.obj)
 .text.state_set.constprop.0
                0x00000000000016ec       0x58 zephyr/libzephyr.a(shell.c.obj)
 .text.execute  0x0000000000001744      0x1d4 zephyr/libzephyr.a(shell.c.obj)
 .text.shell_process
                0x0000000000001918      0x250 zephyr/libzephyr.a(shell.c.obj)
                0x0000000000001918                shell_process
 .text.shell_init
                0x0000000000001b68       0xf8 zephyr/libzephyr.a(shell.c.obj)
                0x0000000000001b68                shell_init
 .text.shell_start
                0x0000000000001c60       0x50 zephyr/libzephyr.a(shell.c.obj)
                0x0000000000001c60                shell_start
 .text.shell_thread
                0x0000000000001cb0       0xcc zephyr/libzephyr.a(shell.c.obj)
                0x0000000000001cb0                shell_thread
 .text.cmd_help
                0x0000000000001d7c       0x34 zephyr/libzephyr.a(shell.c.obj)
 .text.z_shell_fprintf_fmt
                0x0000000000001db0       0x28 zephyr/libzephyr.a(shell_fprintf.c.obj)
                0x0000000000001db0                z_shell_fprintf_fmt
 .text.z_shell_cmd_get
                0x0000000000001dd8       0x74 zephyr/libzephyr.a(shell_utils.c.obj)
                0x0000000000001dd8                z_shell_cmd_get
 .text.z_clear_eos
                0x0000000000001e4c       0x18 zephyr/libzephyr.a(shell_ops.c.obj)
 .text.z_cursor_next_line_move.isra.0
                0x0000000000001e64        0xc zephyr/libzephyr.a(shell_ops.c.obj)
 .text.z_shell_op_cursor_vert_move
                0x0000000000001e70       0x2c zephyr/libzephyr.a(shell_ops.c.obj)
                0x0000000000001e70                z_shell_op_cursor_vert_move
 .text.z_shell_op_cursor_horiz_move
                0x0000000000001e9c       0x2c zephyr/libzephyr.a(shell_ops.c.obj)
                0x0000000000001e9c                z_shell_op_cursor_horiz_move
 .text.z_shell_print_cmd
                0x0000000000001ec8       0x78 zephyr/libzephyr.a(shell_ops.c.obj)
                0x0000000000001ec8                z_shell_print_cmd
 .text.reprint_from_cursor
                0x0000000000001f40       0xe8 zephyr/libzephyr.a(shell_ops.c.obj)
 .text.z_shell_op_char_insert
                0x0000000000002028       0x70 zephyr/libzephyr.a(shell_ops.c.obj)
                0x0000000000002028                z_shell_op_char_insert
 .text.z_shell_print_prompt_and_cmd
                0x0000000000002098       0x30 zephyr/libzephyr.a(shell_ops.c.obj)
                0x0000000000002098                z_shell_print_prompt_and_cmd
 .text.z_SysNmiOnReset
                0x00000000000020c8        0x8 zephyr/arch/arch/arm/core/libarch__arm__core.a(nmi_on_reset.S.obj)
                0x00000000000020c8                z_SysNmiOnReset
 .text.arch_tls_stack_setup
                0x00000000000020d0       0x40 zephyr/arch/arch/arm/core/libarch__arm__core.a(tls.c.obj)
                0x00000000000020d0                arch_tls_stack_setup
 .text._HandlerModeExit
                0x0000000000002110       0x20 zephyr/arch/arch/arm/core/cortex_m/libarch__arm__core__cortex_m.a(exc_exit.c.obj)
                0x0000000000002110                z_arm_exc_exit
                0x0000000000002110                z_arm_int_exit
 .text.mem_manage_fault
                0x0000000000002130       0xa0 zephyr/arch/arch/arm/core/cortex_m/libarch__arm__core__cortex_m.a(fault.c.obj)
 .text.usage_fault.constprop.0
                0x00000000000021d0       0x54 zephyr/arch/arch/arm/core/cortex_m/libarch__arm__core__cortex_m.a(fault.c.obj)
 .text.bus_fault.constprop.0
                0x0000000000002224       0x6c zephyr/arch/arch/arm/core/cortex_m/libarch__arm__core__cortex_m.a(fault.c.obj)
 .text.z_arm_fault
                0x0000000000002290      0x128 zephyr/arch/arch/arm/core/cortex_m/libarch__arm__core__cortex_m.a(fault.c.obj)
                0x0000000000002290                z_arm_fault
 .text.z_arm_fault_init
                0x00000000000023b8       0x18 zephyr/arch/arch/arm/core/cortex_m/libarch__arm__core__cortex_m.a(fault.c.obj)
                0x00000000000023b8                z_arm_fault_init
 .text.__fault  0x00000000000023d0       0x14 zephyr/arch/arch/arm/core/cortex_m/libarch__arm__core__cortex_m.a(fault_s.S.obj)
                0x00000000000023d0                z_arm_bus_fault
                0x00000000000023d0                z_arm_usage_fault
                0x00000000000023d0                z_arm_mpu_fault
                0x00000000000023d0                z_arm_exc_spurious
                0x00000000000023d0                z_arm_debug_monitor
                0x00000000000023d0                z_arm_hard_fault
 .text._reset_section
                0x00000000000023e4       0x3c zephyr/arch/arch/arm/core/cortex_m/libarch__arm__core__cortex_m.a(reset.S.obj)
                0x00000000000023e4                z_arm_reset
                0x00000000000023e4                __start
 .text.z_impl_k_thread_abort
                0x0000000000002420       0x2c zephyr/arch/arch/arm/core/cortex_m/libarch__arm__core__cortex_m.a(thread_abort.c.obj)
                0x0000000000002420                z_impl_k_thread_abort
 .text.z_arm_pendsv
                0x000000000000244c       0x78 zephyr/arch/arch/arm/core/cortex_m/libarch__arm__core__cortex_m.a(swap_helper.S.obj)
                0x000000000000244c                z_arm_pendsv
 .text.z_arm_svc
                0x00000000000024c4       0x24 zephyr/arch/arch/arm/core/cortex_m/libarch__arm__core__cortex_m.a(swap_helper.S.obj)
                0x00000000000024c4                z_arm_svc
 .text.arch_irq_enable
                0x00000000000024e8       0x1c zephyr/arch/arch/arm/core/cortex_m/libarch__arm__core__cortex_m.a(irq_manage.c.obj)
                0x00000000000024e8                arch_irq_enable
 .text.arch_irq_is_enabled
                0x0000000000002504       0x1c zephyr/arch/arch/arm/core/cortex_m/libarch__arm__core__cortex_m.a(irq_manage.c.obj)
                0x0000000000002504                arch_irq_is_enabled
 .text.z_arm_irq_priority_set
                0x0000000000002520       0x30 zephyr/arch/arch/arm/core/cortex_m/libarch__arm__core__cortex_m.a(irq_manage.c.obj)
                0x0000000000002520                z_arm_irq_priority_set
 .text.z_prep_c
                0x0000000000002550       0x48 zephyr/arch/arch/arm/core/cortex_m/libarch__arm__core__cortex_m.a(prep_c.c.obj)
                0x0000000000002550                z_prep_c
 .text.arch_new_thread
                0x0000000000002598       0x38 zephyr/arch/arch/arm/core/cortex_m/libarch__arm__core__cortex_m.a(thread.c.obj)
                0x0000000000002598                arch_new_thread
 .text.z_check_thread_stack_fail
                0x00000000000025d0       0x30 zephyr/arch/arch/arm/core/cortex_m/libarch__arm__core__cortex_m.a(thread.c.obj)
                0x00000000000025d0                z_check_thread_stack_fail
 .text.arch_switch_to_main_thread
                0x0000000000002600       0x48 zephyr/arch/arch/arm/core/cortex_m/libarch__arm__core__cortex_m.a(thread.c.obj)
                0x0000000000002600                arch_switch_to_main_thread
 .text.z_arm_cpu_idle_init
                0x0000000000002648        0xc zephyr/arch/arch/arm/core/cortex_m/libarch__arm__core__cortex_m.a(cpu_idle.c.obj)
                0x0000000000002648                z_arm_cpu_idle_init
 .text.z_arm_interrupt_init
                0x0000000000002654       0x18 zephyr/arch/arch/arm/core/cortex_m/libarch__arm__core__cortex_m.a(irq_init.c.obj)
                0x0000000000002654                z_arm_interrupt_init
 .text._isr_wrapper
                0x000000000000266c       0x24 zephyr/arch/arch/arm/core/cortex_m/libarch__arm__core__cortex_m.a(isr_wrapper.c.obj)
                0x000000000000266c                _isr_wrapper
 .text.z_arm_configure_static_mpu_regions
                0x0000000000002690       0x18 zephyr/arch/arch/arm/core/mpu/libarch__arm__core__mpu.a(arm_core_mpu.c.obj)
                0x0000000000002690                z_arm_configure_static_mpu_regions
 .text.z_arm_configure_dynamic_mpu_regions
                0x00000000000026a8       0x24 zephyr/arch/arch/arm/core/mpu/libarch__arm__core__mpu.a(arm_core_mpu.c.obj)
                0x00000000000026a8                z_arm_configure_dynamic_mpu_regions
 .text.region_init
                0x00000000000026cc       0x28 zephyr/arch/arch/arm/core/mpu/libarch__arm__core__mpu.a(arm_mpu.c.obj)
 .text.mpu_configure_regions
                0x00000000000026f4       0x6c zephyr/arch/arch/arm/core/mpu/libarch__arm__core__mpu.a(arm_mpu.c.obj)
 .text.arm_core_mpu_enable
                0x0000000000002760       0x18 zephyr/arch/arch/arm/core/mpu/libarch__arm__core__mpu.a(arm_mpu.c.obj)
                0x0000000000002760                arm_core_mpu_enable
 .text.arm_core_mpu_disable
                0x0000000000002778       0x14 zephyr/arch/arch/arm/core/mpu/libarch__arm__core__mpu.a(arm_mpu.c.obj)
                0x0000000000002778                arm_core_mpu_disable
 .text.arm_core_mpu_configure_static_mpu_regions
                0x000000000000278c       0x14 zephyr/arch/arch/arm/core/mpu/libarch__arm__core__mpu.a(arm_mpu.c.obj)
                0x000000000000278c                arm_core_mpu_configure_static_mpu_regions
 .text.arm_core_mpu_configure_dynamic_mpu_regions
                0x00000000000027a0       0x38 zephyr/arch/arch/arm/core/mpu/libarch__arm__core__mpu.a(arm_mpu.c.obj)
                0x00000000000027a0                arm_core_mpu_configure_dynamic_mpu_regions
 .text.z_arm_mpu_init
                0x00000000000027d8      0x168 zephyr/arch/arch/arm/core/mpu/libarch__arm__core__mpu.a(arm_mpu.c.obj)
                0x00000000000027d8                z_arm_mpu_init
 .text.cbvprintf
                0x0000000000002940       0x38 zephyr/lib/libc/picolibc/liblib__libc__picolibc.a(cbprintf.c.obj)
                0x0000000000002940                cbvprintf
 .text.z_impl_zephyr_fputc
                0x0000000000002978       0x10 zephyr/lib/libc/picolibc/liblib__libc__picolibc.a(stdio.c.obj)
                0x0000000000002978                z_impl_zephyr_fputc
 .text.__stdout_hook_install
                0x0000000000002988       0x18 zephyr/lib/libc/picolibc/liblib__libc__picolibc.a(stdio.c.obj)
                0x0000000000002988                __stdout_hook_install
 .text.malloc_prepare
                0x00000000000029a0       0x24 zephyr/lib/libc/common/liblib__libc__common.a(malloc.c.obj)
 .text.nordicsemi_nrf52_init
                0x00000000000029c4       0x10 zephyr/soc/soc/nrf52832/libsoc__nordic.a(soc.c.obj)
 .text.arch_busy_wait
                0x00000000000029d4       0x14 zephyr/soc/soc/nrf52832/libsoc__nordic.a(soc.c.obj)
                0x00000000000029d4                arch_busy_wait
 .text.pwr_ctrl_init
                0x00000000000029e8       0x40 zephyr/boards/nordic/thingy52/libboards__nordic__thingy52.a(board.c.obj)
 .text.adc_gain_invert
                0x0000000000002a28       0x2c zephyr/drivers/adc/libdrivers__adc.a(adc_common.c.obj)
                0x0000000000002a28                adc_gain_invert
 .text.adc_context_start_sampling
                0x0000000000002a54       0x1c zephyr/drivers/adc/libdrivers__adc.a(adc_nrfx_saadc.c.obj)
 .text.adc_nrfx_channel_setup
                0x0000000000002a70      0x134 zephyr/drivers/adc/libdrivers__adc.a(adc_nrfx_saadc.c.obj)
 .text.adc_nrfx_read
                0x0000000000002ba4      0x194 zephyr/drivers/adc/libdrivers__adc.a(adc_nrfx_saadc.c.obj)
 .text.init_saadc
                0x0000000000002d38       0x4c zephyr/drivers/adc/libdrivers__adc.a(adc_nrfx_saadc.c.obj)
 .text.saadc_irq_handler
                0x0000000000002d84      0x108 zephyr/drivers/adc/libdrivers__adc.a(adc_nrfx_saadc.c.obj)
 .text.onoff_stop
                0x0000000000002e8c       0x30 zephyr/drivers/clock_control/libdrivers__clock_control.a(clock_control_nrf.c.obj)
 .text.onoff_start
                0x0000000000002ebc       0x44 zephyr/drivers/clock_control/libdrivers__clock_control.a(clock_control_nrf.c.obj)
 .text.clk_init
                0x0000000000002f00       0x58 zephyr/drivers/clock_control/libdrivers__clock_control.a(clock_control_nrf.c.obj)
 .text.api_blocking_start
                0x0000000000002f58       0x3c zephyr/drivers/clock_control/libdrivers__clock_control.a(clock_control_nrf.c.obj)
 .text.lfclk_start
                0x0000000000002f94       0x24 zephyr/drivers/clock_control/libdrivers__clock_control.a(clock_control_nrf.c.obj)
 .text.generic_hfclk_stop
                0x0000000000002fb8       0x34 zephyr/drivers/clock_control/libdrivers__clock_control.a(clock_control_nrf.c.obj)
 .text.clkstarted_handle.constprop.0
                0x0000000000002fec       0x4c zephyr/drivers/clock_control/libdrivers__clock_control.a(clock_control_nrf.c.obj)
 .text.generic_hfclk_start
                0x0000000000003038       0x78 zephyr/drivers/clock_control/libdrivers__clock_control.a(clock_control_nrf.c.obj)
 .text.clock_event_handler
                0x00000000000030b0       0x1c zephyr/drivers/clock_control/libdrivers__clock_control.a(clock_control_nrf.c.obj)
 .text.z_nrf_clock_control_get_onoff
                0x00000000000030cc       0x10 zephyr/drivers/clock_control/libdrivers__clock_control.a(clock_control_nrf.c.obj)
                0x00000000000030cc                z_nrf_clock_control_get_onoff
 .text.z_nrf_clock_control_lf_on
                0x00000000000030dc       0xfc zephyr/drivers/clock_control/libdrivers__clock_control.a(clock_control_nrf.c.obj)
                0x00000000000030dc                z_nrf_clock_control_lf_on
 .text.rtt_console_init
                0x00000000000031d8       0x18 zephyr/drivers/console/libdrivers__console.a(rtt_console.c.obj)
 .text.rtt_console_out
                0x00000000000031f0       0x48 zephyr/drivers/console/libdrivers__console.a(rtt_console.c.obj)
 .text.set_cc_int_pending
                0x0000000000003238       0x48 zephyr/drivers/counter/libdrivers__counter.a(counter_nrfx_rtc.c.obj)
 .text.gpio_nrfx_init
                0x0000000000003280       0x48 zephyr/drivers/gpio/libdrivers__gpio.a(gpio_nrfx.c.obj)
 .text.nrfx_gpio_handler
                0x00000000000032c8       0x3c zephyr/drivers/gpio/libdrivers__gpio.a(gpio_nrfx.c.obj)
 .text.gpio_nrfx_pin_configure
                0x0000000000003304      0x17c zephyr/drivers/gpio/libdrivers__gpio.a(gpio_nrfx.c.obj)
 .text.gpio_nrfx_pin_interrupt_configure
                0x0000000000003480       0xf4 zephyr/drivers/gpio/libdrivers__gpio.a(gpio_nrfx.c.obj)
 .text.event_handler
                0x0000000000003574       0x38 zephyr/drivers/i2c/libdrivers__i2c.a(i2c_nrfx_twim.c.obj)
 .text.i2c_nrfx_twim_transfer
                0x00000000000035ac      0x148 zephyr/drivers/i2c/libdrivers__i2c.a(i2c_nrfx_twim.c.obj)
 .text.i2c_nrfx_twim_recover_bus
                0x00000000000036f4       0x40 zephyr/drivers/i2c/libdrivers__i2c.a(i2c_nrfx_twim_common.c.obj)
                0x00000000000036f4                i2c_nrfx_twim_recover_bus
 .text.i2c_nrfx_twim_msg_transfer
                0x0000000000003734       0x6c zephyr/drivers/i2c/libdrivers__i2c.a(i2c_nrfx_twim_common.c.obj)
                0x0000000000003734                i2c_nrfx_twim_msg_transfer
 .text.i2c_nrfx_twim_common_init
                0x00000000000037a0       0x40 zephyr/drivers/i2c/libdrivers__i2c.a(i2c_nrfx_twim_common.c.obj)
                0x00000000000037a0                i2c_nrfx_twim_common_init
 .text.pinctrl_configure_pins
                0x00000000000037e0      0x118 zephyr/drivers/pinctrl/libdrivers__pinctrl.a(pinctrl_nrf.c.obj)
                0x00000000000037e0                pinctrl_configure_pins
 .text.regulator_delay
                0x00000000000038f8       0x2c zephyr/drivers/regulator/libdrivers__regulator.a(regulator_common.c.obj)
 .text.ccs811_channel_get
                0x0000000000003924       0x50 zephyr/drivers/sensor/ams/ccs811/libdrivers__sensor__ams__ccs811.a(ccs811.c.obj)
 .text.ccs811_init
                0x0000000000003974      0x188 zephyr/drivers/sensor/ams/ccs811/libdrivers__sensor__ams__ccs811.a(ccs811.c.obj)
 .text.hfclk_on_callback
                0x0000000000003afc        0xc zephyr/drivers/sensor/nordic/temp/libdrivers__sensor__nordic__temp.a(temp_nrf5.c.obj)
 .text.temp_nrf5_channel_get
                0x0000000000003b08       0x2c zephyr/drivers/sensor/nordic/temp/libdrivers__sensor__nordic__temp.a(temp_nrf5.c.obj)
 .text.temp_nrf5_isr
                0x0000000000003b34       0x18 zephyr/drivers/sensor/nordic/temp/libdrivers__sensor__nordic__temp.a(temp_nrf5.c.obj)
 .text.temp_nrf5_sample_fetch
                0x0000000000003b4c       0x78 zephyr/drivers/sensor/nordic/temp/libdrivers__sensor__nordic__temp.a(temp_nrf5.c.obj)
 .text.temp_nrf5_init
                0x0000000000003bc4       0x40 zephyr/drivers/sensor/nordic/temp/libdrivers__sensor__nordic__temp.a(temp_nrf5.c.obj)
 .text.hts221_channel_get
                0x0000000000003c04       0x90 zephyr/drivers/sensor/st/hts221/libdrivers__sensor__st__hts221.a(hts221.c.obj)
 .text.lis2dh_channel_get
                0x0000000000003c94       0x54 zephyr/drivers/sensor/st/lis2dh/libdrivers__sensor__st__lis2dh.a(lis2dh.c.obj)
 .text.lis2dh_init
                0x0000000000003ce8       0xbc zephyr/drivers/sensor/st/lis2dh/libdrivers__sensor__st__lis2dh.a(lis2dh.c.obj)
                0x0000000000003ce8                lis2dh_init
 .text.lis2dh_i2c_init
                0x0000000000003da4       0x20 zephyr/drivers/sensor/st/lis2dh/libdrivers__sensor__st__lis2dh.a(lis2dh_i2c.c.obj)
                0x0000000000003da4                lis2dh_i2c_init
 .text.lps22hb_channel_get
                0x0000000000003dc4       0x54 zephyr/drivers/sensor/st/lps22hb/libdrivers__sensor__st__lps22hb.a(lps22hb.c.obj)
 .text.get      0x0000000000003e18       0x8c zephyr/drivers/sensor/voltage_divider/libdrivers__sensor__voltage_divider.a(voltage.c.obj)
 .text.voltage_init
                0x0000000000003ea4      0x164 zephyr/drivers/sensor/voltage_divider/libdrivers__sensor__voltage_divider.a(voltage.c.obj)
 .text.uarte_nrfx_poll_out
                0x0000000000004008       0xb4 zephyr/drivers/serial/libdrivers__serial.a(uart_nrfx_uarte.c.obj)
 .text.uarte_0_init
                0x00000000000040bc      0x104 zephyr/drivers/serial/libdrivers__serial.a(uart_nrfx_uarte.c.obj)
 .text.compare_int_lock
                0x00000000000041c0       0x48 zephyr/drivers/timer/libdrivers__timer.a(nrf_rtc_timer.c.obj)
 .text.sys_clock_timeout_handler
                0x0000000000004208       0x48 zephyr/drivers/timer/libdrivers__timer.a(nrf_rtc_timer.c.obj)
 .text.compare_int_unlock
                0x0000000000004250       0x5c zephyr/drivers/timer/libdrivers__timer.a(nrf_rtc_timer.c.obj)
 .text.z_nrf_rtc_timer_read
                0x00000000000042ac       0x44 zephyr/drivers/timer/libdrivers__timer.a(nrf_rtc_timer.c.obj)
                0x00000000000042ac                z_nrf_rtc_timer_read
 .text.compare_set
                0x00000000000042f0      0x130 zephyr/drivers/timer/libdrivers__timer.a(nrf_rtc_timer.c.obj)
 .text.sys_clock_driver_init
                0x0000000000004420       0x90 zephyr/drivers/timer/libdrivers__timer.a(nrf_rtc_timer.c.obj)
 .text.rtc_nrf_isr
                0x00000000000044b0       0xd4 zephyr/drivers/timer/libdrivers__timer.a(nrf_rtc_timer.c.obj)
                0x00000000000044b0                rtc_nrf_isr
 .text.sys_clock_set_timeout
                0x0000000000004584       0x5c zephyr/drivers/timer/libdrivers__timer.a(nrf_rtc_timer.c.obj)
                0x0000000000004584                sys_clock_set_timeout
 .text.sys_clock_elapsed
                0x00000000000045e0       0x14 zephyr/drivers/timer/libdrivers__timer.a(nrf_rtc_timer.c.obj)
                0x00000000000045e0                sys_clock_elapsed
 .text.nrf52_errata_16
                0x00000000000045f4       0x28 modules/hal_nordic/nrfx/libmodules__hal_nordic__nrfx.a(system_nrf52.c.obj)
 .text.SystemInit
                0x000000000000461c      0x218 modules/hal_nordic/nrfx/libmodules__hal_nordic__nrfx.a(system_nrf52.c.obj)
                0x000000000000461c                SystemInit
 .text.nrfx_flag32_alloc
                0x0000000000004834       0x48 modules/hal_nordic/nrfx/libmodules__hal_nordic__nrfx.a(nrfx_flag32_allocator.c.obj)
                0x0000000000004834                nrfx_flag32_alloc
 .text.nrfx_flag32_free
                0x000000000000487c       0x40 modules/hal_nordic/nrfx/libmodules__hal_nordic__nrfx.a(nrfx_flag32_allocator.c.obj)
                0x000000000000487c                nrfx_flag32_free
 .text.nrfx_gppi_channels_enable
                0x00000000000048bc        0xc modules/hal_nordic/nrfx/libmodules__hal_nordic__nrfx.a(nrfx_gppi_ppi.c.obj)
                0x00000000000048bc                nrfx_gppi_channels_enable
 .text.clock_stop
                0x00000000000048c8       0xc4 modules/hal_nordic/nrfx/libmodules__hal_nordic__nrfx.a(nrfx_clock.c.obj)
 .text.nrfx_clock_init
                0x000000000000498c       0x20 modules/hal_nordic/nrfx/libmodules__hal_nordic__nrfx.a(nrfx_clock.c.obj)
                0x000000000000498c                nrfx_clock_init
 .text.nrfx_clock_enable
                0x00000000000049ac       0x24 modules/hal_nordic/nrfx/libmodules__hal_nordic__nrfx.a(nrfx_clock.c.obj)
                0x00000000000049ac                nrfx_clock_enable
 .text.nrfx_clock_start
                0x00000000000049d0       0xec modules/hal_nordic/nrfx/libmodules__hal_nordic__nrfx.a(nrfx_clock.c.obj)
                0x00000000000049d0                nrfx_clock_start
 .text.nrfx_power_clock_irq_handler
                0x0000000000004abc       0x68 modules/hal_nordic/nrfx/libmodules__hal_nordic__nrfx.a(nrfx_clock.c.obj)
                0x0000000000004abc                nrfx_power_clock_irq_handler
 .text.call_handler.constprop.0
                0x0000000000004b24       0x3c modules/hal_nordic/nrfx/libmodules__hal_nordic__nrfx.a(nrfx_gpiote.c.obj)
 .text.release_handler.isra.0
                0x0000000000004b60       0x54 modules/hal_nordic/nrfx/libmodules__hal_nordic__nrfx.a(nrfx_gpiote.c.obj)
 .text.__nrfy_internal_gpiote_events_process.constprop.0
                0x0000000000004bb4       0x5c modules/hal_nordic/nrfx/libmodules__hal_nordic__nrfx.a(nrfx_gpiote.c.obj)
 .text.pin_trigger_disable
                0x0000000000004c10       0x40 modules/hal_nordic/nrfx/libmodules__hal_nordic__nrfx.a(nrfx_gpiote.c.obj)
 .text.pin_uninit
                0x0000000000004c50       0x74 modules/hal_nordic/nrfx/libmodules__hal_nordic__nrfx.a(nrfx_gpiote.c.obj)
 .text.nrfx_gpiote_input_configure
                0x0000000000004cc4      0x160 modules/hal_nordic/nrfx/libmodules__hal_nordic__nrfx.a(nrfx_gpiote.c.obj)
                0x0000000000004cc4                nrfx_gpiote_input_configure
 .text.nrfx_gpiote_output_configure
                0x0000000000004e24       0xec modules/hal_nordic/nrfx/libmodules__hal_nordic__nrfx.a(nrfx_gpiote.c.obj)
                0x0000000000004e24                nrfx_gpiote_output_configure
 .text.nrfx_gpiote_global_callback_set
                0x0000000000004f10        0xc modules/hal_nordic/nrfx/libmodules__hal_nordic__nrfx.a(nrfx_gpiote.c.obj)
                0x0000000000004f10                nrfx_gpiote_global_callback_set
 .text.nrfx_gpiote_channel_get
                0x0000000000004f1c       0x24 modules/hal_nordic/nrfx/libmodules__hal_nordic__nrfx.a(nrfx_gpiote.c.obj)
                0x0000000000004f1c                nrfx_gpiote_channel_get
 .text.nrfx_gpiote_init
                0x0000000000004f40       0x68 modules/hal_nordic/nrfx/libmodules__hal_nordic__nrfx.a(nrfx_gpiote.c.obj)
                0x0000000000004f40                nrfx_gpiote_init
 .text.nrfx_gpiote_init_check
                0x0000000000004fa8       0x14 modules/hal_nordic/nrfx/libmodules__hal_nordic__nrfx.a(nrfx_gpiote.c.obj)
                0x0000000000004fa8                nrfx_gpiote_init_check
 .text.nrfx_gpiote_channel_free
                0x0000000000004fbc        0xc modules/hal_nordic/nrfx/libmodules__hal_nordic__nrfx.a(nrfx_gpiote.c.obj)
                0x0000000000004fbc                nrfx_gpiote_channel_free
 .text.nrfx_gpiote_channel_alloc
                0x0000000000004fc8        0xc modules/hal_nordic/nrfx/libmodules__hal_nordic__nrfx.a(nrfx_gpiote.c.obj)
                0x0000000000004fc8                nrfx_gpiote_channel_alloc
 .text.nrfx_gpiote_trigger_enable
                0x0000000000004fd4       0x94 modules/hal_nordic/nrfx/libmodules__hal_nordic__nrfx.a(nrfx_gpiote.c.obj)
                0x0000000000004fd4                nrfx_gpiote_trigger_enable
 .text.nrfx_gpiote_0_irq_handler
                0x0000000000005068      0x160 modules/hal_nordic/nrfx/libmodules__hal_nordic__nrfx.a(nrfx_gpiote.c.obj)
                0x0000000000005068                nrfx_gpiote_0_irq_handler
 .text.nrfx_ppi_channel_alloc
                0x00000000000051c8        0xc modules/hal_nordic/nrfx/libmodules__hal_nordic__nrfx.a(nrfx_ppi.c.obj)
                0x00000000000051c8                nrfx_ppi_channel_alloc
 .text.twim_configure
                0x00000000000051d4       0x3c modules/hal_nordic/nrfx/libmodules__hal_nordic__nrfx.a(nrfx_twim.c.obj)
 .text.pins_configure
                0x0000000000005210       0x60 modules/hal_nordic/nrfx/libmodules__hal_nordic__nrfx.a(nrfx_twim.c.obj)
 .text.irq_handler
                0x0000000000005270      0x1dc modules/hal_nordic/nrfx/libmodules__hal_nordic__nrfx.a(nrfx_twim.c.obj)
 .text.nrfx_twim_init
                0x000000000000544c       0x78 modules/hal_nordic/nrfx/libmodules__hal_nordic__nrfx.a(nrfx_twim.c.obj)
                0x000000000000544c                nrfx_twim_init
 .text.nrfx_twim_enable
                0x00000000000054c4       0x20 modules/hal_nordic/nrfx/libmodules__hal_nordic__nrfx.a(nrfx_twim.c.obj)
                0x00000000000054c4                nrfx_twim_enable
 .text.nrfx_twim_disable
                0x00000000000054e4       0x84 modules/hal_nordic/nrfx/libmodules__hal_nordic__nrfx.a(nrfx_twim.c.obj)
                0x00000000000054e4                nrfx_twim_disable
 .text.nrfx_twim_xfer
                0x0000000000005568      0x388 modules/hal_nordic/nrfx/libmodules__hal_nordic__nrfx.a(nrfx_twim.c.obj)
                0x0000000000005568                nrfx_twim_xfer
 .text.nrfx_twim_0_irq_handler
                0x00000000000058f0       0x10 modules/hal_nordic/nrfx/libmodules__hal_nordic__nrfx.a(nrfx_twim.c.obj)
                0x00000000000058f0                nrfx_twim_0_irq_handler
 .text.nrfx_twim_1_irq_handler
                0x0000000000005900       0x10 modules/hal_nordic/nrfx/libmodules__hal_nordic__nrfx.a(nrfx_twim.c.obj)
                0x0000000000005900                nrfx_twim_1_irq_handler
 .text.nrfx_twi_twim_bus_recover
                0x0000000000005910       0xdc modules/hal_nordic/nrfx/libmodules__hal_nordic__nrfx.a(nrfx_twi_twim.c.obj)
                0x0000000000005910                nrfx_twi_twim_bus_recover
 .text._DoInit  0x00000000000059ec       0x60 modules/segger/libmodules__segger.a(SEGGER_RTT.c.obj)
 .text.SEGGER_RTT_ReadNoLock
                0x0000000000005a4c       0x8c modules/segger/libmodules__segger.a(SEGGER_RTT.c.obj)
                0x0000000000005a4c                SEGGER_RTT_ReadNoLock
 .text.SEGGER_RTT_WriteSkipNoLock
                0x0000000000005ad8       0x88 modules/segger/libmodules__segger.a(SEGGER_RTT.c.obj)
                0x0000000000005ad8                SEGGER_RTT_WriteSkipNoLock
 .text.SEGGER_RTT_WriteNoLock
                0x0000000000005b60       0x58 modules/segger/libmodules__segger.a(SEGGER_RTT.c.obj)
                0x0000000000005b60                SEGGER_RTT_WriteNoLock
 .text.SEGGER_RTT_Write
                0x0000000000005bb8       0x34 modules/segger/libmodules__segger.a(SEGGER_RTT.c.obj)
                0x0000000000005bb8                SEGGER_RTT_Write
 .text.SEGGER_RTT_HasData
                0x0000000000005bec       0x14 modules/segger/libmodules__segger.a(SEGGER_RTT.c.obj)
                0x0000000000005bec                SEGGER_RTT_HasData
 .text.SEGGER_RTT_ConfigUpBuffer
                0x0000000000005c00       0x5c modules/segger/libmodules__segger.a(SEGGER_RTT.c.obj)
                0x0000000000005c00                SEGGER_RTT_ConfigUpBuffer
 .text.SEGGER_RTT_ConfigDownBuffer
                0x0000000000005c5c       0x58 modules/segger/libmodules__segger.a(SEGGER_RTT.c.obj)
                0x0000000000005c5c                SEGGER_RTT_ConfigDownBuffer
 .text.SEGGER_RTT_Init
                0x0000000000005cb4       0x2c modules/segger/libmodules__segger.a(SEGGER_RTT.c.obj)
                0x0000000000005cb4                SEGGER_RTT_Init
 .text.z_fatal_error
                0x0000000000005ce0       0x30 zephyr/kernel/libkernel.a(fatal.c.obj)
                0x0000000000005ce0                z_fatal_error
 .text.z_sys_init_run_level
                0x0000000000005d10       0x2c zephyr/kernel/libkernel.a(init.c.obj)
 .text.bg_thread_main
                0x0000000000005d3c       0xc4 zephyr/kernel/libkernel.a(init.c.obj)
 .text.z_bss_zero
                0x0000000000005e00       0x18 zephyr/kernel/libkernel.a(init.c.obj)
                0x0000000000005e00                z_bss_zero
 .text.z_init_cpu
                0x0000000000005e18       0x8c zephyr/kernel/libkernel.a(init.c.obj)
                0x0000000000005e18                z_init_cpu
 .text.z_cstart
                0x0000000000005ea4       0xd0 zephyr/kernel/libkernel.a(init.c.obj)
                0x0000000000005ea4                z_cstart
 .text.z_impl_k_mutex_lock
                0x0000000000005f74       0xf0 zephyr/kernel/libkernel.a(mutex.c.obj)
                0x0000000000005f74                z_impl_k_mutex_lock
 .text.z_impl_k_mutex_unlock
                0x0000000000006064       0xa0 zephyr/kernel/libkernel.a(mutex.c.obj)
                0x0000000000006064                z_impl_k_mutex_unlock
 .text.z_impl_k_sem_give
                0x0000000000006104       0x74 zephyr/kernel/libkernel.a(sem.c.obj)
                0x0000000000006104                z_impl_k_sem_give
 .text.z_impl_k_sem_take
                0x0000000000006178       0x4c zephyr/kernel/libkernel.a(sem.c.obj)
                0x0000000000006178                z_impl_k_sem_take
 .text.z_impl_k_thread_name_set
                0x00000000000061c4       0x20 zephyr/kernel/libkernel.a(thread.c.obj)
                0x00000000000061c4                z_impl_k_thread_name_set
 .text.z_setup_new_thread
                0x00000000000061e4      0x114 zephyr/kernel/libkernel.a(thread.c.obj)
                0x00000000000061e4                z_setup_new_thread
 .text.z_impl_k_thread_create
                0x00000000000062f8       0x58 zephyr/kernel/libkernel.a(thread.c.obj)
                0x00000000000062f8                z_impl_k_thread_create
 .text.z_thread_mark_switched_in
                0x0000000000006350        0xc zephyr/kernel/libkernel.a(thread.c.obj)
                0x0000000000006350                z_thread_mark_switched_in
 .text.z_dummy_thread_init
                0x000000000000635c       0x20 zephyr/kernel/libkernel.a(thread.c.obj)
                0x000000000000635c                z_dummy_thread_init
 .text.z_swap_irqlock
                0x000000000000637c       0x34 zephyr/kernel/libkernel.a(sched.c.obj)
 .text.ready_thread
                0x00000000000063b0       0x84 zephyr/kernel/libkernel.a(sched.c.obj)
 .text.unready_thread
                0x0000000000006434       0x54 zephyr/kernel/libkernel.a(sched.c.obj)
 .text.move_thread_to_end_of_prio_q
                0x0000000000006488       0x90 zephyr/kernel/libkernel.a(sched.c.obj)
                0x0000000000006488                move_thread_to_end_of_prio_q
 .text.z_impl_k_thread_suspend
                0x0000000000006518       0xf0 zephyr/kernel/libkernel.a(sched.c.obj)
                0x0000000000006518                z_impl_k_thread_suspend
 .text.z_pend_curr
                0x0000000000006608       0x58 zephyr/kernel/libkernel.a(sched.c.obj)
                0x0000000000006608                z_pend_curr
 .text.z_thread_prio_set
                0x0000000000006660       0xa0 zephyr/kernel/libkernel.a(sched.c.obj)
                0x0000000000006660                z_thread_prio_set
 .text.z_reschedule
                0x0000000000006700       0x24 zephyr/kernel/libkernel.a(sched.c.obj)
                0x0000000000006700                z_reschedule
 .text.z_impl_k_thread_resume
                0x0000000000006724       0x3c zephyr/kernel/libkernel.a(sched.c.obj)
                0x0000000000006724                z_impl_k_thread_resume
 .text.z_reschedule_irqlock
                0x0000000000006760       0x28 zephyr/kernel/libkernel.a(sched.c.obj)
                0x0000000000006760                z_reschedule_irqlock
 .text.k_sched_lock
                0x0000000000006788       0x28 zephyr/kernel/libkernel.a(sched.c.obj)
                0x0000000000006788                k_sched_lock
 .text.k_sched_unlock
                0x00000000000067b0       0x68 zephyr/kernel/libkernel.a(sched.c.obj)
                0x00000000000067b0                k_sched_unlock
 .text.z_sched_init
                0x0000000000006818       0x10 zephyr/kernel/libkernel.a(sched.c.obj)
                0x0000000000006818                z_sched_init
 .text.z_impl_k_yield
                0x0000000000006828       0x88 zephyr/kernel/libkernel.a(sched.c.obj)
                0x0000000000006828                z_impl_k_yield
 .text.z_tick_sleep
                0x00000000000068b0       0x80 zephyr/kernel/libkernel.a(sched.c.obj)
 .text.z_impl_k_wakeup
                0x0000000000006930       0x48 zephyr/kernel/libkernel.a(sched.c.obj)
                0x0000000000006930                z_impl_k_wakeup
 .text.z_impl_k_sched_current_thread_query
                0x0000000000006978        0xc zephyr/kernel/libkernel.a(sched.c.obj)
                0x0000000000006978                z_impl_k_sched_current_thread_query
 .text.z_thread_abort
                0x0000000000006984      0x140 zephyr/kernel/libkernel.a(sched.c.obj)
                0x0000000000006984                z_thread_abort
 .text.z_sched_wait
                0x0000000000006ac4       0x24 zephyr/kernel/libkernel.a(sched.c.obj)
                0x0000000000006ac4                z_sched_wait
 .text.slice_timeout
                0x0000000000006ae8       0x20 zephyr/kernel/libkernel.a(timeslicing.c.obj)
 .text.thread_is_sliceable
                0x0000000000006b08       0x3c zephyr/kernel/libkernel.a(timeslicing.c.obj)
                0x0000000000006b08                thread_is_sliceable
 .text.z_reset_time_slice
                0x0000000000006b44       0x50 zephyr/kernel/libkernel.a(timeslicing.c.obj)
                0x0000000000006b44                z_reset_time_slice
 .text.z_time_slice
                0x0000000000006b94       0x60 zephyr/kernel/libkernel.a(timeslicing.c.obj)
                0x0000000000006b94                z_time_slice
 .text.z_thread_monitor_exit
                0x0000000000006bf4       0x44 zephyr/kernel/libkernel.a(thread_monitor.c.obj)
                0x0000000000006bf4                z_thread_monitor_exit
 .text.z_data_copy
                0x0000000000006c38       0x38 zephyr/kernel/libkernel.a(xip.c.obj)
                0x0000000000006c38                z_data_copy
 .text.first    0x0000000000006c70       0x10 zephyr/kernel/libkernel.a(timeout.c.obj)
 .text.elapsed  0x0000000000006c80       0x14 zephyr/kernel/libkernel.a(timeout.c.obj)
 .text.remove_timeout
                0x0000000000006c94       0x38 zephyr/kernel/libkernel.a(timeout.c.obj)
 .text.z_add_timeout
                0x0000000000006ccc       0xec zephyr/kernel/libkernel.a(timeout.c.obj)
                0x0000000000006ccc                z_add_timeout
 .text.sys_clock_announce
                0x0000000000006db8       0xbc zephyr/kernel/libkernel.a(timeout.c.obj)
                0x0000000000006db8                sys_clock_announce
 .text.sys_clock_tick_get
                0x0000000000006e74       0x30 zephyr/kernel/libkernel.a(timeout.c.obj)
                0x0000000000006e74                sys_clock_tick_get
 .text.z_timer_expiration_handler
                0x0000000000006ea4       0xe0 zephyr/kernel/libkernel.a(timer.c.obj)
                0x0000000000006ea4                z_timer_expiration_handler
 .text.z_impl_k_timer_start
                0x0000000000006f84       0x74 zephyr/kernel/libkernel.a(timer.c.obj)
                0x0000000000006f84                z_impl_k_timer_start
 .text.clear_event_registrations
                0x0000000000006ff8       0x60 zephyr/kernel/libkernel.a(poll.c.obj)
 .text.z_impl_k_poll
                0x0000000000007058       0xb0 zephyr/kernel/libkernel.a(poll.c.obj)
                0x0000000000007058                z_impl_k_poll
 .text.z_impl_k_poll_signal_raise
                0x0000000000007108       0x50 zephyr/kernel/libkernel.a(poll.c.obj)
                0x0000000000007108                z_impl_k_poll_signal_raise
 .text.z_sched_usage_start
                0x0000000000007158       0x18 zephyr/kernel/libkernel.a(usage.c.obj)
                0x0000000000007158                z_sched_usage_start
 .text.z_sched_usage_stop
                0x0000000000007170       0x54 zephyr/kernel/libkernel.a(usage.c.obj)
                0x0000000000007170                z_sched_usage_stop
 .text.k_aligned_alloc
                0x00000000000071c4       0x10 zephyr/kernel/libkernel.a(mempool.c.obj)
                0x00000000000071c4                k_aligned_alloc
 .text.k_thread_system_pool_assign
                0x00000000000071d4        0xc zephyr/kernel/libkernel.a(mempool.c.obj)
                0x00000000000071d4                k_thread_system_pool_assign
 .text.statics_init
                0x00000000000071e0       0x24 zephyr/kernel/libkernel.a(kheap.c.obj)
 .text.k_sys_work_q_init
                0x0000000000007204       0x34 zephyr/kernel/libkernel.a(system_work_q.c.obj)
 .text.work_queue_main
                0x0000000000007238      0x14c zephyr/kernel/libkernel.a(work.c.obj)
 .text.submit_to_queue_locked
                0x0000000000007384       0xb4 zephyr/kernel/libkernel.a(work.c.obj)
 .text.k_work_queue_start
                0x0000000000007438       0x7c zephyr/kernel/libkernel.a(work.c.obj)
                0x0000000000007438                k_work_queue_start
 .text.snprintf
                0x00000000000074b4       0x58 /Users/wendi/zephyr_install/zephyr-sdk-0.17.0/arm-zephyr-eabi/bin/../lib/gcc/../../picolibc/arm-zephyr-eabi/lib/thumb/v7e-m/nofp/libc.a(libc_tinystdio_snprintf.c.o)
                0x00000000000074b4                snprintf
 .text.sprintf  0x000000000000750c       0x50 /Users/wendi/zephyr_install/zephyr-sdk-0.17.0/arm-zephyr-eabi/bin/../lib/gcc/../../picolibc/arm-zephyr-eabi/lib/thumb/v7e-m/nofp/libc.a(libc_tinystdio_sprintf.c.o)
                0x000000000000750c                sprintf
 .text.sscanf   0x000000000000755c       0x40 /Users/wendi/zephyr_install/zephyr-sdk-0.17.0/arm-zephyr-eabi/bin/../lib/gcc/../../picolibc/arm-zephyr-eabi/lib/thumb/v7e-m/nofp/libc.a(libc_tinystdio_sscanf.c.o)
                0x000000000000755c                sscanf
 .text.strtol   0x000000000000759c       0xec /Users/wendi/zephyr_install/zephyr-sdk-0.17.0/arm-zephyr-eabi/bin/../lib/gcc/../../picolibc/arm-zephyr-eabi/lib/thumb/v7e-m/nofp/libc.a(libc_tinystdio_strtol.c.o)
                0x000000000000759c                strtol
 .text.__m_vfprintf
                0x0000000000007688      0x294 /Users/wendi/zephyr_install/zephyr-sdk-0.17.0/arm-zephyr-eabi/bin/../lib/gcc/../../picolibc/arm-zephyr-eabi/lib/thumb/v7e-m/nofp/libc.a(libc_tinystdio_vfmprintf.c.o)
                0x0000000000007688                __m_vfprintf
 .text.__m_vfscanf
                0x000000000000791c      0x2b4 /Users/wendi/zephyr_install/zephyr-sdk-0.17.0/arm-zephyr-eabi/bin/../lib/gcc/../../picolibc/arm-zephyr-eabi/lib/thumb/v7e-m/nofp/libc.a(libc_tinystdio_vfmscanf.c.o)
                0x000000000000791c                __m_vfscanf
 .text._OffsetAbsSyms
                0x0000000000007bd0        0x2 zephyr/CMakeFiles/offsets.dir/./arch/arm/core/offsets/offsets.c.obj
                0x0000000000007bd0                _OffsetAbsSyms
 .text.gpio_pin_set_dt.isra.0
                0x0000000000007bd2       0x28 app/libapp.a(led.c.obj)
 .text.gpio_pin_configure_dt.constprop.0.isra.0
                0x0000000000007bfa       0x34 app/libapp.a(led.c.obj)
 .text.is_leap_year
                0x0000000000007c2e       0x2c app/libapp.a(rtc.c.obj)
                0x0000000000007c2e                is_leap_year
 .text.sensor_channel_get.isra.0
                0x0000000000007c5a        0x6 app/libapp.a(thingy.c.obj)
 .text.sensor_sample_fetch.isra.0
                0x0000000000007c60        0x8 app/libapp.a(thingy.c.obj)
 .text.k_msleep.isra.0
                0x0000000000007c68       0x20 app/libapp.a(thingy.c.obj)
 .text.get_latest
                0x0000000000007c88       0x40 app/libapp.a(thingy.c.obj)
                0x0000000000007c88                get_latest
 .text.chunk_size
                0x0000000000007cc8        0xa zephyr/libzephyr.a(heap.c.obj)
 .text.free_list_add
                0x0000000000007cd2       0x4e zephyr/libzephyr.a(heap.c.obj)
 .text.free_list_remove_bidx
                0x0000000000007d20       0x3a zephyr/libzephyr.a(heap.c.obj)
 .text.free_list_remove
                0x0000000000007d5a       0x1a zephyr/libzephyr.a(heap.c.obj)
 .text.alloc_chunk
                0x0000000000007d74       0x6e zephyr/libzephyr.a(heap.c.obj)
 .text.merge_chunks
                0x0000000000007de2       0x2c zephyr/libzephyr.a(heap.c.obj)
 .text.split_chunks
                0x0000000000007e0e       0x34 zephyr/libzephyr.a(heap.c.obj)
 .text.free_chunk
                0x0000000000007e42       0x62 zephyr/libzephyr.a(heap.c.obj)
 .text.sys_heap_free
                0x0000000000007ea4       0x1e zephyr/libzephyr.a(heap.c.obj)
                0x0000000000007ea4                sys_heap_free
 .text.sys_heap_alloc
                0x0000000000007ec2       0x52 zephyr/libzephyr.a(heap.c.obj)
                0x0000000000007ec2                sys_heap_alloc
 .text.sys_heap_aligned_alloc
                0x0000000000007f14       0xd0 zephyr/libzephyr.a(heap.c.obj)
                0x0000000000007f14                sys_heap_aligned_alloc
 .text.sys_heap_init
                0x0000000000007fe4       0x7a zephyr/libzephyr.a(heap.c.obj)
                0x0000000000007fe4                sys_heap_init
 .text.arch_printk_char_out
                0x000000000000805e        0x4 zephyr/libzephyr.a(printk.c.obj)
                0x000000000000805e                arch_printk_char_out
 .text.printk   0x0000000000008062       0x1a zephyr/libzephyr.a(printk.c.obj)
                0x0000000000008062                printk
 .text.process_recheck
                0x000000000000807c       0x38 zephyr/libzephyr.a(onoff.c.obj)
 .text.validate_args
                0x00000000000080b4       0x20 zephyr/libzephyr.a(onoff.c.obj)
 .text.notify_one
                0x00000000000080d4       0x2c zephyr/libzephyr.a(onoff.c.obj)
 .text.transition_complete
                0x0000000000008100       0x1a zephyr/libzephyr.a(onoff.c.obj)
 .text.onoff_manager_init
                0x000000000000811a       0x26 zephyr/libzephyr.a(onoff.c.obj)
                0x000000000000811a                onoff_manager_init
 .text.onoff_request
                0x0000000000008140       0xae zephyr/libzephyr.a(onoff.c.obj)
                0x0000000000008140                onoff_request
 .text.onoff_release
                0x00000000000081ee       0x48 zephyr/libzephyr.a(onoff.c.obj)
                0x00000000000081ee                onoff_release
 .text.sys_notify_validate
                0x0000000000008236       0x28 zephyr/libzephyr.a(notify.c.obj)
                0x0000000000008236                sys_notify_validate
 .text.sys_notify_finalize
                0x000000000000825e       0x32 zephyr/libzephyr.a(notify.c.obj)
                0x000000000000825e                sys_notify_finalize
 .text.get_elem_size
                0x0000000000008290       0xae zephyr/libzephyr.a(json.c.obj)
 .text.escape_as
                0x000000000000833e       0x3c zephyr/libzephyr.a(json.c.obj)
 .text.append_bytes_to_buf
                0x000000000000837a       0x30 zephyr/libzephyr.a(json.c.obj)
 .text.ring_buf_area_claim
                0x00000000000083aa       0x30 zephyr/libzephyr.a(ring_buffer.c.obj)
                0x00000000000083aa                ring_buf_area_claim
 .text.ring_buf_put_claim
                0x00000000000083da       0x1c zephyr/libzephyr.a(ring_buffer.c.obj)
 .text.ring_buf_get_claim
                0x00000000000083f6       0x1c zephyr/libzephyr.a(ring_buffer.c.obj)
 .text.ring_buf_area_finish
                0x0000000000008412       0x2c zephyr/libzephyr.a(ring_buffer.c.obj)
                0x0000000000008412                ring_buf_area_finish
 .text.ring_buf_put
                0x000000000000843e       0x40 zephyr/libzephyr.a(ring_buffer.c.obj)
                0x000000000000843e                ring_buf_put
 .text.ring_buf_get
                0x000000000000847e       0x44 zephyr/libzephyr.a(ring_buffer.c.obj)
                0x000000000000847e                ring_buf_get
 .text._ConfigAbsSyms
                0x00000000000084c2        0x2 zephyr/libzephyr.a(configs.c.obj)
                0x00000000000084c2                _ConfigAbsSyms
 .text.read     0x00000000000084c4       0x10 zephyr/libzephyr.a(shell_rtt.c.obj)
 .text.enable   0x00000000000084d4       0x10 zephyr/libzephyr.a(shell_rtt.c.obj)
 .text.timer_handler
                0x00000000000084e4       0x1a zephyr/libzephyr.a(shell_rtt.c.obj)
 .text.uninit   0x00000000000084fe        0xe zephyr/libzephyr.a(shell_rtt.c.obj)
 .text.atomic_or
                0x000000000000850c       0x1e zephyr/libzephyr.a(shell.c.obj)
 .text.atomic_and
                0x000000000000852a       0x1e zephyr/libzephyr.a(shell.c.obj)
 .text.shell_signal_handle
                0x0000000000008548       0x2c zephyr/libzephyr.a(shell.c.obj)
 .text.transport_evt_handler
                0x0000000000008574       0x14 zephyr/libzephyr.a(shell.c.obj)
 .text.z_flag_history_exit_set.constprop.0.isra.0
                0x0000000000008588        0xa zephyr/libzephyr.a(shell.c.obj)
 .text.z_flag_cmd_ctx_set.isra.0
                0x0000000000008592       0x16 zephyr/libzephyr.a(shell.c.obj)
 .text.z_flag_insert_mode_set.isra.0
                0x00000000000085a8       0x1e zephyr/libzephyr.a(shell.c.obj)
 .text.k_mutex_unlock.isra.0
                0x00000000000085c6        0x4 zephyr/libzephyr.a(shell.c.obj)
 .text.shell_vfprintf
                0x00000000000085ca       0x8c zephyr/libzephyr.a(shell.c.obj)
                0x00000000000085ca                shell_vfprintf
 .text.shell_fprintf_normal
                0x0000000000008656       0x1c zephyr/libzephyr.a(shell.c.obj)
                0x0000000000008656                shell_fprintf_normal
 .text.z_shell_fprintf_buffer_flush
                0x0000000000008672       0x18 zephyr/libzephyr.a(shell_fprintf.c.obj)
                0x0000000000008672                z_shell_fprintf_buffer_flush
 .text.out_func
                0x000000000000868a       0x3c zephyr/libzephyr.a(shell_fprintf.c.obj)
 .text.z_shell_strlen
                0x00000000000086c6        0xc zephyr/libzephyr.a(shell_utils.c.obj)
 .text.z_column_span_with_buffer_offsets_get
                0x00000000000086d2       0x1e zephyr/libzephyr.a(shell_utils.c.obj)
                0x00000000000086d2                z_column_span_with_buffer_offsets_get
 .text.z_row_span_with_buffer_offsets_get
                0x00000000000086f0       0x16 zephyr/libzephyr.a(shell_utils.c.obj)
                0x00000000000086f0                z_row_span_with_buffer_offsets_get
 .text.z_shell_multiline_data_calc
                0x0000000000008706       0x2c zephyr/libzephyr.a(shell_utils.c.obj)
                0x0000000000008706                z_shell_multiline_data_calc
 .text.z_shell_make_argv
                0x0000000000008732      0x1a0 zephyr/libzephyr.a(shell_utils.c.obj)
                0x0000000000008732                z_shell_make_argv
 .text.z_shell_find_cmd
                0x00000000000088d2       0x56 zephyr/libzephyr.a(shell_utils.c.obj)
                0x00000000000088d2                z_shell_find_cmd
 .text.z_shell_raw_fprintf
                0x0000000000008928       0x1a zephyr/libzephyr.a(shell_ops.c.obj)
 .text.full_line_cmd.isra.0
                0x0000000000008942       0x28 zephyr/libzephyr.a(shell_ops.c.obj)
 .text.z_shell_cursor_in_empty_line
                0x000000000000896a       0x30 zephyr/libzephyr.a(shell_ops.c.obj)
                0x000000000000896a                z_shell_cursor_in_empty_line
 .text.z_shell_op_cursor_position_synchronize
                0x000000000000899a       0x4a zephyr/libzephyr.a(shell_ops.c.obj)
                0x000000000000899a                z_shell_op_cursor_position_synchronize
 .text.z_shell_op_cursor_move
                0x00000000000089e4       0x52 zephyr/libzephyr.a(shell_ops.c.obj)
                0x00000000000089e4                z_shell_op_cursor_move
 .text.z_shell_op_cursor_home_move
                0x0000000000008a36        0xe zephyr/libzephyr.a(shell_ops.c.obj)
                0x0000000000008a36                z_shell_op_cursor_home_move
 .text.z_shell_op_cursor_end_move
                0x0000000000008a44       0x12 zephyr/libzephyr.a(shell_ops.c.obj)
                0x0000000000008a44                z_shell_op_cursor_end_move
 .text.z_shell_op_left_arrow
                0x0000000000008a56       0x12 zephyr/libzephyr.a(shell_ops.c.obj)
                0x0000000000008a56                z_shell_op_left_arrow
 .text.z_shell_op_right_arrow
                0x0000000000008a68       0x16 zephyr/libzephyr.a(shell_ops.c.obj)
                0x0000000000008a68                z_shell_op_right_arrow
 .text.z_shell_cmd_line_erase
                0x0000000000008a7e       0x38 zephyr/libzephyr.a(shell_ops.c.obj)
                0x0000000000008a7e                z_shell_cmd_line_erase
 .text.z_shell_write
                0x0000000000008ab6       0x88 zephyr/libzephyr.a(shell_ops.c.obj)
                0x0000000000008ab6                z_shell_write
 .text.z_shell_print_stream
                0x0000000000008b3e        0x4 zephyr/libzephyr.a(shell_ops.c.obj)
                0x0000000000008b3e                z_shell_print_stream
 .text.z_shell_vfprintf
                0x0000000000008b42        0xa zephyr/libzephyr.a(shell_ops.c.obj)
                0x0000000000008b42                z_shell_vfprintf
 .text.z_shell_fprintf
                0x0000000000008b4c       0x1c zephyr/libzephyr.a(shell_ops.c.obj)
                0x0000000000008b4c                z_shell_fprintf
 .text.data_insert
                0x0000000000008b68       0x74 zephyr/libzephyr.a(shell_ops.c.obj)
 .text.z_shell_op_char_delete
                0x0000000000008bdc       0x3e zephyr/libzephyr.a(shell_ops.c.obj)
                0x0000000000008bdc                z_shell_op_char_delete
 .text.z_shell_op_char_backspace
                0x0000000000008c1a       0x26 zephyr/libzephyr.a(shell_ops.c.obj)
                0x0000000000008c1a                z_shell_op_char_backspace
 .text.z_shell_backend_rx_buffer_flush
                0x0000000000008c40       0x2a zephyr/libzephyr.a(shell_ops.c.obj)
                0x0000000000008c40                z_shell_backend_rx_buffer_flush
 .text.hts221_read_reg
                0x0000000000008c6a       0x16 zephyr/libzephyr.a(hts221_reg.c.obj)
                0x0000000000008c6a                hts221_read_reg
 .text.hts221_write_reg
                0x0000000000008c80       0x16 zephyr/libzephyr.a(hts221_reg.c.obj)
                0x0000000000008c80                hts221_write_reg
 .text.hts221_data_rate_set
                0x0000000000008c96       0x2e zephyr/libzephyr.a(hts221_reg.c.obj)
                0x0000000000008c96                hts221_data_rate_set
 .text.hts221_block_data_update_set
                0x0000000000008cc4       0x2e zephyr/libzephyr.a(hts221_reg.c.obj)
                0x0000000000008cc4                hts221_block_data_update_set
 .text.hts221_device_id_get
                0x0000000000008cf2        0xe zephyr/libzephyr.a(hts221_reg.c.obj)
                0x0000000000008cf2                hts221_device_id_get
 .text.hts221_power_on_set
                0x0000000000008d00       0x2e zephyr/libzephyr.a(hts221_reg.c.obj)
                0x0000000000008d00                hts221_power_on_set
 .text.z_arm_fatal_error
                0x0000000000008d2e        0xc zephyr/arch/arch/arm/core/libarch__arm__core.a(fatal.c.obj)
                0x0000000000008d2e                z_arm_fatal_error
 .text.z_do_kernel_oops
                0x0000000000008d3a        0x8 zephyr/arch/arch/arm/core/libarch__arm__core.a(fatal.c.obj)
                0x0000000000008d3a                z_do_kernel_oops
 .text.z_arm_nmi
                0x0000000000008d42        0xe zephyr/arch/arch/arm/core/libarch__arm__core.a(nmi.c.obj)
                0x0000000000008d42                z_arm_nmi
 .text.z_irq_spurious
                0x0000000000008d50        0x8 zephyr/arch/arch/arm/core/cortex_m/libarch__arm__core__cortex_m.a(irq_manage.c.obj)
                0x0000000000008d50                z_irq_spurious
 .text.arch_irq_unlock_outlined
                0x0000000000008d58        0xe zephyr/arch/arch/arm/core/cortex_m/libarch__arm__core__cortex_m.a(thread.c.obj)
                0x0000000000008d58                arch_irq_unlock_outlined
 .text.arch_cpu_idle
                0x0000000000008d66       0x1a zephyr/arch/arch/arm/core/cortex_m/libarch__arm__core__cortex_m.a(cpu_idle.c.obj)
                0x0000000000008d66                arch_cpu_idle
 .text.arch_cpu_atomic_idle
                0x0000000000008d80       0x1e zephyr/arch/arch/arm/core/cortex_m/libarch__arm__core__cortex_m.a(cpu_idle.c.obj)
                0x0000000000008d80                arch_cpu_atomic_idle
 .text.size_to_mpu_rasr_size
                0x0000000000008d9e       0x20 zephyr/arch/arch/arm/core/mpu/libarch__arm__core__mpu.a(arm_mpu.c.obj)
 .text.cbputc   0x0000000000008dbe        0xc zephyr/lib/libc/picolibc/liblib__libc__picolibc.a(cbprintf.c.obj)
 .text.picolibc_put
                0x0000000000008dca        0xa zephyr/lib/libc/picolibc/liblib__libc__picolibc.a(stdio.c.obj)
 .text.adc_context_on_timer_expired
                0x0000000000008dd4       0x2e zephyr/drivers/adc/libdrivers__adc.a(adc_nrfx_saadc.c.obj)
 .text.get_status
                0x0000000000008e02       0x12 zephyr/drivers/clock_control/libdrivers__clock_control.a(clock_control_nrf.c.obj)
 .text.stop     0x0000000000008e14       0x52 zephyr/drivers/clock_control/libdrivers__clock_control.a(clock_control_nrf.c.obj)
 .text.api_stop
                0x0000000000008e66        0x6 zephyr/drivers/clock_control/libdrivers__clock_control.a(clock_control_nrf.c.obj)
 .text.async_start
                0x0000000000008e6c       0x5c zephyr/drivers/clock_control/libdrivers__clock_control.a(clock_control_nrf.c.obj)
 .text.api_start
                0x0000000000008ec8        0xe zephyr/drivers/clock_control/libdrivers__clock_control.a(clock_control_nrf.c.obj)
 .text.onoff_started_callback
                0x0000000000008ed6       0x12 zephyr/drivers/clock_control/libdrivers__clock_control.a(clock_control_nrf.c.obj)
 .text.lfclk_stop
                0x0000000000008ee8        0x6 zephyr/drivers/clock_control/libdrivers__clock_control.a(clock_control_nrf.c.obj)
 .text.blocking_start_callback
                0x0000000000008eee        0x6 zephyr/drivers/clock_control/libdrivers__clock_control.a(clock_control_nrf.c.obj)
 .text.start    0x0000000000008ef4        0xc zephyr/drivers/counter/libdrivers__counter.a(counter_nrfx_rtc.c.obj)
 .text.stop     0x0000000000008f00        0xc zephyr/drivers/counter/libdrivers__counter.a(counter_nrfx_rtc.c.obj)
 .text.get_value
                0x0000000000008f0c        0xe zephyr/drivers/counter/libdrivers__counter.a(counter_nrfx_rtc.c.obj)
 .text.set_top_value
                0x0000000000008f1a       0xc2 zephyr/drivers/counter/libdrivers__counter.a(counter_nrfx_rtc.c.obj)
 .text.get_pending_int
                0x0000000000008fdc        0x4 zephyr/drivers/counter/libdrivers__counter.a(counter_nrfx_rtc.c.obj)
 .text.get_top_value
                0x0000000000008fe0        0x6 zephyr/drivers/counter/libdrivers__counter.a(counter_nrfx_rtc.c.obj)
 .text.get_guard_period
                0x0000000000008fe6        0x6 zephyr/drivers/counter/libdrivers__counter.a(counter_nrfx_rtc.c.obj)
 .text.set_guard_period
                0x0000000000008fec        0x8 zephyr/drivers/counter/libdrivers__counter.a(counter_nrfx_rtc.c.obj)
 .text.counter_0_init
                0x0000000000008ff4       0x4a zephyr/drivers/counter/libdrivers__counter.a(counter_nrfx_rtc.c.obj)
 .text.cancel_alarm
                0x000000000000903e       0x2a zephyr/drivers/counter/libdrivers__counter.a(counter_nrfx_rtc.c.obj)
 .text.ticks_sub.isra.0
                0x0000000000009068       0x20 zephyr/drivers/counter/libdrivers__counter.a(counter_nrfx_rtc.c.obj)
 .text.__nrfy_internal_rtc_event_handle.isra.0
                0x0000000000009088       0x22 zephyr/drivers/counter/libdrivers__counter.a(counter_nrfx_rtc.c.obj)
 .text.__nrfy_internal_rtc_events_process
                0x00000000000090aa       0x3a zephyr/drivers/counter/libdrivers__counter.a(counter_nrfx_rtc.c.obj)
 .text.irq_handler
                0x00000000000090e4      0x102 zephyr/drivers/counter/libdrivers__counter.a(counter_nrfx_rtc.c.obj)
 .text.ticks_add.isra.0
                0x00000000000091e6       0x32 zephyr/drivers/counter/libdrivers__counter.a(counter_nrfx_rtc.c.obj)
 .text.handle_next_tick_case
                0x0000000000009218       0x6e zephyr/drivers/counter/libdrivers__counter.a(counter_nrfx_rtc.c.obj)
 .text.set_channel_alarm
                0x0000000000009286      0x186 zephyr/drivers/counter/libdrivers__counter.a(counter_nrfx_rtc.c.obj)
 .text.gpio_nrfx_port_get_raw
                0x000000000000940c        0xe zephyr/drivers/gpio/libdrivers__gpio.a(gpio_nrfx.c.obj)
 .text.gpio_nrfx_port_set_masked_raw
                0x000000000000941a       0x18 zephyr/drivers/gpio/libdrivers__gpio.a(gpio_nrfx.c.obj)
 .text.gpio_nrfx_port_set_bits_raw
                0x0000000000009432        0xc zephyr/drivers/gpio/libdrivers__gpio.a(gpio_nrfx.c.obj)
 .text.gpio_nrfx_port_clear_bits_raw
                0x000000000000943e        0xc zephyr/drivers/gpio/libdrivers__gpio.a(gpio_nrfx.c.obj)
 .text.gpio_nrfx_port_toggle_bits
                0x000000000000944a       0x1a zephyr/drivers/gpio/libdrivers__gpio.a(gpio_nrfx.c.obj)
 .text.gpio_nrfx_manage_callback
                0x0000000000009464       0x52 zephyr/drivers/gpio/libdrivers__gpio.a(gpio_nrfx.c.obj)
 .text.k_sem_take.constprop.0.isra.0
                0x00000000000094b6        0x4 zephyr/drivers/gpio/libdrivers__gpio.a(gpio_sx1509b.c.obj)
 .text.i2c_write
                0x00000000000094ba       0x26 zephyr/drivers/gpio/libdrivers__gpio.a(gpio_sx1509b.c.obj)
 .text.i2c_write_dt
                0x00000000000094e0        0x8 zephyr/drivers/gpio/libdrivers__gpio.a(gpio_sx1509b.c.obj)
 .text.i2c_reg_write_word_be
                0x00000000000094e8       0x1e zephyr/drivers/gpio/libdrivers__gpio.a(gpio_sx1509b.c.obj)
 .text.port_write
                0x0000000000009506       0x5a zephyr/drivers/gpio/libdrivers__gpio.a(gpio_sx1509b.c.obj)
 .text.port_toggle_bits
                0x0000000000009560        0xa zephyr/drivers/gpio/libdrivers__gpio.a(gpio_sx1509b.c.obj)
 .text.port_clear_bits
                0x000000000000956a        0x8 zephyr/drivers/gpio/libdrivers__gpio.a(gpio_sx1509b.c.obj)
 .text.port_set_bits
                0x0000000000009572        0x8 zephyr/drivers/gpio/libdrivers__gpio.a(gpio_sx1509b.c.obj)
 .text.port_set_masked
                0x000000000000957a        0x6 zephyr/drivers/gpio/libdrivers__gpio.a(gpio_sx1509b.c.obj)
 .text.write_pin_state.constprop.0
                0x0000000000009580       0x74 zephyr/drivers/gpio/libdrivers__gpio.a(gpio_sx1509b.c.obj)
 .text.sx1509b_init
                0x00000000000095f4       0xc2 zephyr/drivers/gpio/libdrivers__gpio.a(gpio_sx1509b.c.obj)
 .text.sx1509b_config
                0x00000000000096b6      0x128 zephyr/drivers/gpio/libdrivers__gpio.a(gpio_sx1509b.c.obj)
 .text.port_get
                0x00000000000097de       0x7c zephyr/drivers/gpio/libdrivers__gpio.a(gpio_sx1509b.c.obj)
 .text.irq_connect0
                0x000000000000985a        0xa zephyr/drivers/i2c/libdrivers__i2c.a(i2c_nrfx_twim.c.obj)
 .text.irq_connect1
                0x0000000000009864        0xa zephyr/drivers/i2c/libdrivers__i2c.a(i2c_nrfx_twim.c.obj)
 .text.i2c_nrfx_twim_init
                0x000000000000986e       0x26 zephyr/drivers/i2c/libdrivers__i2c.a(i2c_nrfx_twim.c.obj)
 .text.pinctrl_apply_state.isra.0
                0x0000000000009894       0x1e zephyr/drivers/i2c/libdrivers__i2c.a(i2c_nrfx_twim_common.c.obj)
 .text.i2c_nrfx_twim_configure
                0x00000000000098b2       0x2e zephyr/drivers/i2c/libdrivers__i2c.a(i2c_nrfx_twim_common.c.obj)
                0x00000000000098b2                i2c_nrfx_twim_configure
 .text.twim_nrfx_pm_action
                0x00000000000098e0       0x32 zephyr/drivers/i2c/libdrivers__i2c.a(i2c_nrfx_twim_common.c.obj)
                0x00000000000098e0                twim_nrfx_pm_action
 .text.led_gpio_set_brightness
                0x0000000000009912       0x42 zephyr/drivers/led/libdrivers__led.a(led_gpio.c.obj)
 .text.led_gpio_on
                0x0000000000009954        0x6 zephyr/drivers/led/libdrivers__led.a(led_gpio.c.obj)
 .text.led_gpio_off
                0x000000000000995a        0x6 zephyr/drivers/led/libdrivers__led.a(led_gpio.c.obj)
 .text.led_gpio_init
                0x0000000000009960       0x76 zephyr/drivers/led/libdrivers__led.a(led_gpio.c.obj)
 .text.pinctrl_lookup_state
                0x00000000000099d6       0x26 zephyr/drivers/pinctrl/libdrivers__pinctrl.a(common.c.obj)
                0x00000000000099d6                pinctrl_lookup_state
 .text.regulator_common_data_init
                0x00000000000099fc       0x10 zephyr/drivers/regulator/libdrivers__regulator.a(regulator_common.c.obj)
                0x00000000000099fc                regulator_common_data_init
 .text.regulator_disable
                0x0000000000009a0c       0x54 zephyr/drivers/regulator/libdrivers__regulator.a(regulator_common.c.obj)
                0x0000000000009a0c                regulator_disable
 .text.regulator_set_voltage
                0x0000000000009a60       0x28 zephyr/drivers/regulator/libdrivers__regulator.a(regulator_common.c.obj)
                0x0000000000009a60                regulator_set_voltage
 .text.regulator_set_current_limit
                0x0000000000009a88       0x28 zephyr/drivers/regulator/libdrivers__regulator.a(regulator_common.c.obj)
                0x0000000000009a88                regulator_set_current_limit
 .text.regulator_set_mode
                0x0000000000009ab0       0x3e zephyr/drivers/regulator/libdrivers__regulator.a(regulator_common.c.obj)
                0x0000000000009ab0                regulator_set_mode
 .text.regulator_common_init
                0x0000000000009aee       0xf4 zephyr/drivers/regulator/libdrivers__regulator.a(regulator_common.c.obj)
                0x0000000000009aee                regulator_common_init
 .text.gpio_pin_set
                0x0000000000009be2       0x20 zephyr/drivers/regulator/libdrivers__regulator.a(regulator_fixed.c.obj)
 .text.regulator_fixed_enable
                0x0000000000009c02       0x1e zephyr/drivers/regulator/libdrivers__regulator.a(regulator_fixed.c.obj)
 .text.regulator_fixed_count_voltages
                0x0000000000009c20        0xe zephyr/drivers/regulator/libdrivers__regulator.a(regulator_fixed.c.obj)
 .text.regulator_fixed_list_voltage
                0x0000000000009c2e       0x1a zephyr/drivers/regulator/libdrivers__regulator.a(regulator_fixed.c.obj)
 .text.regulator_fixed_init
                0x0000000000009c48       0x56 zephyr/drivers/regulator/libdrivers__regulator.a(regulator_fixed.c.obj)
 .text.regulator_fixed_disable
                0x0000000000009c9e       0x16 zephyr/drivers/regulator/libdrivers__regulator.a(regulator_fixed.c.obj)
 .text.gpio_pin_set_dt.isra.0
                0x0000000000009cb4       0x28 zephyr/drivers/sensor/ams/ccs811/libdrivers__sensor__ams__ccs811.a(ccs811.c.obj)
 .text.gpio_pin_configure_dt.isra.0
                0x0000000000009cdc       0x34 zephyr/drivers/sensor/ams/ccs811/libdrivers__sensor__ams__ccs811.a(ccs811.c.obj)
 .text.k_msleep.isra.0
                0x0000000000009d10       0x20 zephyr/drivers/sensor/ams/ccs811/libdrivers__sensor__ams__ccs811.a(ccs811.c.obj)
 .text.i2c_write
                0x0000000000009d30       0x26 zephyr/drivers/sensor/ams/ccs811/libdrivers__sensor__ams__ccs811.a(ccs811.c.obj)
 .text.i2c_write_read.constprop.0
                0x0000000000009d56       0x38 zephyr/drivers/sensor/ams/ccs811/libdrivers__sensor__ams__ccs811.a(ccs811.c.obj)
 .text.fetch_status.isra.0
                0x0000000000009d8e       0x5a zephyr/drivers/sensor/ams/ccs811/libdrivers__sensor__ams__ccs811.a(ccs811.c.obj)
 .text.set_wake.isra.0
                0x0000000000009de8       0x1a zephyr/drivers/sensor/ams/ccs811/libdrivers__sensor__ams__ccs811.a(ccs811.c.obj)
 .text.ccs811_sample_fetch
                0x0000000000009e02       0x7e zephyr/drivers/sensor/ams/ccs811/libdrivers__sensor__ams__ccs811.a(ccs811.c.obj)
 .text.i2c_write_read.constprop.0
                0x0000000000009e80       0x38 zephyr/drivers/sensor/st/stmemsc/libdrivers__sensor__st__stmemsc.a(stmemsc_i2c.c.obj)
 .text.stmemsc_i2c_read
                0x0000000000009eb8       0x1c zephyr/drivers/sensor/st/stmemsc/libdrivers__sensor__st__stmemsc.a(stmemsc_i2c.c.obj)
                0x0000000000009eb8                stmemsc_i2c_read
 .text.stmemsc_i2c_write
                0x0000000000009ed4       0x46 zephyr/drivers/sensor/st/stmemsc/libdrivers__sensor__st__stmemsc.a(stmemsc_i2c.c.obj)
                0x0000000000009ed4                stmemsc_i2c_write
 .text.stmemsc_mdelay
                0x0000000000009f1a       0x26 zephyr/drivers/sensor/st/stmemsc/libdrivers__sensor__st__stmemsc.a(stmemsc_mdelay.c.obj)
                0x0000000000009f1a                stmemsc_mdelay
 .text.hts221_sample_fetch
                0x0000000000009f40       0x28 zephyr/drivers/sensor/st/hts221/libdrivers__sensor__st__hts221.a(hts221.c.obj)
 .text.hts221_init
                0x0000000000009f68       0xa6 zephyr/drivers/sensor/st/hts221/libdrivers__sensor__st__hts221.a(hts221.c.obj)
                0x0000000000009f68                hts221_init
 .text.lis2dh_fetch_xyz.constprop.0
                0x000000000000a00e       0x22 zephyr/drivers/sensor/st/lis2dh/libdrivers__sensor__st__lis2dh.a(lis2dh.c.obj)
 .text.lis2dh_sample_fetch
                0x000000000000a030       0x1a zephyr/drivers/sensor/st/lis2dh/libdrivers__sensor__st__lis2dh.a(lis2dh.c.obj)
 .text.i2c_transfer
                0x000000000000a04a       0x1e zephyr/drivers/sensor/st/lis2dh/libdrivers__sensor__st__lis2dh.a(lis2dh_i2c.c.obj)
 .text.lis2dh_i2c_write_data
                0x000000000000a068       0x38 zephyr/drivers/sensor/st/lis2dh/libdrivers__sensor__st__lis2dh.a(lis2dh_i2c.c.obj)
 .text.lis2dh_i2c_read_data
                0x000000000000a0a0       0x3a zephyr/drivers/sensor/st/lis2dh/libdrivers__sensor__st__lis2dh.a(lis2dh_i2c.c.obj)
 .text.lis2dh_i2c_write_reg
                0x000000000000a0da       0x2a zephyr/drivers/sensor/st/lis2dh/libdrivers__sensor__st__lis2dh.a(lis2dh_i2c.c.obj)
 .text.lis2dh_i2c_read_reg
                0x000000000000a104       0x34 zephyr/drivers/sensor/st/lis2dh/libdrivers__sensor__st__lis2dh.a(lis2dh_i2c.c.obj)
 .text.lis2dh_i2c_update_reg
                0x000000000000a138       0x7a zephyr/drivers/sensor/st/lis2dh/libdrivers__sensor__st__lis2dh.a(lis2dh_i2c.c.obj)
 .text.i2c_write_read.constprop.0
                0x000000000000a1b2       0x38 zephyr/drivers/sensor/st/lps22hb/libdrivers__sensor__st__lps22hb.a(lps22hb.c.obj)
 .text.lps22hb_sample_fetch
                0x000000000000a1ea       0x4c zephyr/drivers/sensor/st/lps22hb/libdrivers__sensor__st__lps22hb.a(lps22hb.c.obj)
 .text.i2c_reg_update_byte.constprop.0
                0x000000000000a236       0x6e zephyr/drivers/sensor/st/lps22hb/libdrivers__sensor__st__lps22hb.a(lps22hb.c.obj)
 .text.lps22hb_init
                0x000000000000a2a4       0x6c zephyr/drivers/sensor/st/lps22hb/libdrivers__sensor__st__lps22hb.a(lps22hb.c.obj)
 .text.adc_channel_setup_dt
                0x000000000000a310       0x16 zephyr/drivers/sensor/voltage_divider/libdrivers__sensor__voltage_divider.a(voltage.c.obj)
 .text.fetch    0x000000000000a326       0x32 zephyr/drivers/sensor/voltage_divider/libdrivers__sensor__voltage_divider.a(voltage.c.obj)
 .text.uarte_nrfx_err_check
                0x000000000000a358        0xe zephyr/drivers/serial/libdrivers__serial.a(uart_nrfx_uarte.c.obj)
 .text.uarte_nrfx_poll_in
                0x000000000000a366       0x26 zephyr/drivers/serial/libdrivers__serial.a(uart_nrfx_uarte.c.obj)
 .text.is_tx_ready.isra.0
                0x000000000000a38c       0x20 zephyr/drivers/serial/libdrivers__serial.a(uart_nrfx_uarte.c.obj)
 .text.uarte_nrfx_isr_int
                0x000000000000a3ac       0x42 zephyr/drivers/serial/libdrivers__serial.a(uart_nrfx_uarte.c.obj)
 .text.event_clear
                0x000000000000a3ee       0x18 zephyr/drivers/timer/libdrivers__timer.a(nrf_rtc_timer.c.obj)
 .text.sys_clock_cycle_get_32
                0x000000000000a406        0x8 zephyr/drivers/timer/libdrivers__timer.a(nrf_rtc_timer.c.obj)
                0x000000000000a406                sys_clock_cycle_get_32
 .text.nrf52_errata_12
                0x000000000000a40e       0x1c modules/hal_nordic/nrfx/libmodules__hal_nordic__nrfx.a(system_nrf52.c.obj)
 .text.nrfx_isr
                0x000000000000a42a        0x2 modules/hal_nordic/nrfx/libmodules__hal_nordic__nrfx.a(nrfx_glue.c.obj)
                0x000000000000a42a                nrfx_isr
 .text.nrfx_busy_wait
                0x000000000000a42c        0x4 modules/hal_nordic/nrfx/libmodules__hal_nordic__nrfx.a(nrfx_glue.c.obj)
                0x000000000000a42c                nrfx_busy_wait
 .text.nrfx_gppi_channel_endpoints_setup
                0x000000000000a430       0x14 modules/hal_nordic/nrfx/libmodules__hal_nordic__nrfx.a(nrfx_gppi_ppi.c.obj)
                0x000000000000a430                nrfx_gppi_channel_endpoints_setup
 .text.nrfx_gppi_channel_alloc
                0x000000000000a444        0x4 modules/hal_nordic/nrfx/libmodules__hal_nordic__nrfx.a(nrfx_gppi_ppi.c.obj)
                0x000000000000a444                nrfx_gppi_channel_alloc
 .text.nrfx_clock_stop
                0x000000000000a448        0x4 modules/hal_nordic/nrfx/libmodules__hal_nordic__nrfx.a(nrfx_clock.c.obj)
                0x000000000000a448                nrfx_clock_stop
 .text.nrf_gpio_pin_port_decode
                0x000000000000a44c       0x14 modules/hal_nordic/nrfx/libmodules__hal_nordic__nrfx.a(nrfx_gpiote.c.obj)
 .text.nrf_gpio_reconfigure
                0x000000000000a460       0x92 modules/hal_nordic/nrfx/libmodules__hal_nordic__nrfx.a(nrfx_gpiote.c.obj)
 .text.nrf_gpio_cfg_sense_set
                0x000000000000a4f2       0x1e modules/hal_nordic/nrfx/libmodules__hal_nordic__nrfx.a(nrfx_gpiote.c.obj)
 .text.latch_pending_read_and_check
                0x000000000000a510       0x1c modules/hal_nordic/nrfx/libmodules__hal_nordic__nrfx.a(nrfx_gpiote.c.obj)
 .text.nrfx_gpiote_pin_uninit
                0x000000000000a52c        0x4 modules/hal_nordic/nrfx/libmodules__hal_nordic__nrfx.a(nrfx_gpiote.c.obj)
                0x000000000000a52c                nrfx_gpiote_pin_uninit
 .text.nrfx_gpiote_trigger_disable
                0x000000000000a530        0x4 modules/hal_nordic/nrfx/libmodules__hal_nordic__nrfx.a(nrfx_gpiote.c.obj)
                0x000000000000a530                nrfx_gpiote_trigger_disable
 .text.xfer_completeness_check
                0x000000000000a534       0x62 modules/hal_nordic/nrfx/libmodules__hal_nordic__nrfx.a(nrfx_twim.c.obj)
 .text.__nrfy_internal_twim_event_handle.isra.0
                0x000000000000a596       0x22 modules/hal_nordic/nrfx/libmodules__hal_nordic__nrfx.a(nrfx_twim.c.obj)
 .text.__nrfy_internal_twim_events_process.constprop.0
                0x000000000000a5b8       0x54 modules/hal_nordic/nrfx/libmodules__hal_nordic__nrfx.a(nrfx_twim.c.obj)
 .text.nrf_gpio_pin_port_decode
                0x000000000000a60c       0x14 modules/hal_nordic/nrfx/libmodules__hal_nordic__nrfx.a(nrfx_twi_twim.c.obj)
 .text.nrf_gpio_pin_set
                0x000000000000a620       0x1a modules/hal_nordic/nrfx/libmodules__hal_nordic__nrfx.a(nrfx_twi_twim.c.obj)
 .text._GetAvailWriteSpace
                0x000000000000a63a       0x12 modules/segger/libmodules__segger.a(SEGGER_RTT.c.obj)
 .text._WriteNoCheck
                0x000000000000a64c       0x36 modules/segger/libmodules__segger.a(SEGGER_RTT.c.obj)
 .text._WriteBlocking
                0x000000000000a682       0x54 modules/segger/libmodules__segger.a(SEGGER_RTT.c.obj)
 .text.SEGGER_RTT_Read
                0x000000000000a6d6       0x24 modules/segger/libmodules__segger.a(SEGGER_RTT.c.obj)
                0x000000000000a6d6                SEGGER_RTT_Read
 .text.rtt_init
                0x000000000000a6fa        0xa modules/segger/libmodules__segger.a(SEGGER_RTT_zephyr.c.obj)
 .text.zephyr_rtt_irq_lock
                0x000000000000a704       0x10 modules/segger/libmodules__segger.a(SEGGER_RTT_zephyr.c.obj)
                0x000000000000a704                zephyr_rtt_irq_lock
 .text.zephyr_rtt_irq_unlock
                0x000000000000a714        0xa modules/segger/libmodules__segger.a(SEGGER_RTT_zephyr.c.obj)
                0x000000000000a714                zephyr_rtt_irq_unlock
 .text.z_impl_k_busy_wait
                0x000000000000a71e        0x8 zephyr/kernel/libkernel.a(busy_wait.c.obj)
                0x000000000000a71e                z_impl_k_busy_wait
 .text.z_device_state_init
                0x000000000000a726        0x2 zephyr/kernel/libkernel.a(device.c.obj)
                0x000000000000a726                z_device_state_init
 .text.z_impl_device_is_ready
                0x000000000000a728       0x16 zephyr/kernel/libkernel.a(device.c.obj)
                0x000000000000a728                z_impl_device_is_ready
 .text.arch_system_halt
                0x000000000000a73e       0x10 zephyr/kernel/libkernel.a(fatal.c.obj)
                0x000000000000a73e                arch_system_halt
 .text.k_sys_fatal_error_handler
                0x000000000000a74e        0x6 zephyr/kernel/libkernel.a(fatal.c.obj)
                0x000000000000a74e                k_sys_fatal_error_handler
 .text.do_device_init
                0x000000000000a754       0x30 zephyr/kernel/libkernel.a(init.c.obj)
 .text.z_early_memset
                0x000000000000a784        0x4 zephyr/kernel/libkernel.a(init.c.obj)
                0x000000000000a784                z_early_memset
 .text.z_early_memcpy
                0x000000000000a788        0x4 zephyr/kernel/libkernel.a(init.c.obj)
                0x000000000000a788                z_early_memcpy
 .text.z_init_static
                0x000000000000a78c        0x2 zephyr/kernel/libkernel.a(init_static.c.obj)
                0x000000000000a78c                z_init_static
 .text.idle     0x000000000000a78e       0x16 zephyr/kernel/libkernel.a(idle.c.obj)
                0x000000000000a78e                idle
 .text.adjust_owner_prio.isra.0
                0x000000000000a7a4       0x10 zephyr/kernel/libkernel.a(mutex.c.obj)
 .text.z_impl_k_mutex_init
                0x000000000000a7b4        0xe zephyr/kernel/libkernel.a(mutex.c.obj)
                0x000000000000a7b4                z_impl_k_mutex_init
 .text.z_impl_k_sem_init
                0x000000000000a7c2       0x20 zephyr/kernel/libkernel.a(sem.c.obj)
                0x000000000000a7c2                z_impl_k_sem_init
 .text.k_is_in_isr
                0x000000000000a7e2        0xc zephyr/kernel/libkernel.a(thread.c.obj)
                0x000000000000a7e2                k_is_in_isr
 .text.z_thread_mark_switched_out
                0x000000000000a7ee        0x4 zephyr/kernel/libkernel.a(thread.c.obj)
                0x000000000000a7ee                z_thread_mark_switched_out
 .text.sys_dlist_remove
                0x000000000000a7f2       0x10 zephyr/kernel/libkernel.a(sched.c.obj)
 .text.unpend_thread_no_timeout
                0x000000000000a802       0x14 zephyr/kernel/libkernel.a(sched.c.obj)
 .text.add_to_waitq_locked
                0x000000000000a816       0x50 zephyr/kernel/libkernel.a(sched.c.obj)
 .text.z_ready_thread
                0x000000000000a866       0x1e zephyr/kernel/libkernel.a(sched.c.obj)
                0x000000000000a866                z_ready_thread
 .text.z_unpend_thread_no_timeout
                0x000000000000a884       0x22 zephyr/kernel/libkernel.a(sched.c.obj)
                0x000000000000a884                z_unpend_thread_no_timeout
 .text.z_sched_wake_thread
                0x000000000000a8a6       0x3a zephyr/kernel/libkernel.a(sched.c.obj)
                0x000000000000a8a6                z_sched_wake_thread
 .text.z_thread_timeout
                0x000000000000a8e0        0x8 zephyr/kernel/libkernel.a(sched.c.obj)
                0x000000000000a8e0                z_thread_timeout
 .text.z_unpend1_no_timeout
                0x000000000000a8e8       0x2c zephyr/kernel/libkernel.a(sched.c.obj)
                0x000000000000a8e8                z_unpend1_no_timeout
 .text.z_unpend_thread
                0x000000000000a914       0x10 zephyr/kernel/libkernel.a(sched.c.obj)
                0x000000000000a914                z_unpend_thread
 .text.z_unpend_all
                0x000000000000a924       0x28 zephyr/kernel/libkernel.a(sched.c.obj)
                0x000000000000a924                z_unpend_all
 .text.z_impl_k_sleep
                0x000000000000a94c       0x32 zephyr/kernel/libkernel.a(sched.c.obj)
                0x000000000000a94c                z_impl_k_sleep
 .text.z_sched_wake
                0x000000000000a97e       0x46 zephyr/kernel/libkernel.a(sched.c.obj)
                0x000000000000a97e                z_sched_wake
 .text.next_timeout
                0x000000000000a9c4       0x32 zephyr/kernel/libkernel.a(timeout.c.obj)
 .text.z_abort_timeout
                0x000000000000a9f6       0x42 zephyr/kernel/libkernel.a(timeout.c.obj)
                0x000000000000a9f6                z_abort_timeout
 .text.sys_clock_tick_get_32
                0x000000000000aa38        0x8 zephyr/kernel/libkernel.a(timeout.c.obj)
                0x000000000000aa38                sys_clock_tick_get_32
 .text.z_impl_k_uptime_ticks
                0x000000000000aa40        0x4 zephyr/kernel/libkernel.a(timeout.c.obj)
                0x000000000000aa40                z_impl_k_uptime_ticks
 .text.sys_timepoint_calc
                0x000000000000aa44       0x48 zephyr/kernel/libkernel.a(timeout.c.obj)
                0x000000000000aa44                sys_timepoint_calc
 .text.sys_timepoint_timeout
                0x000000000000aa8c       0x42 zephyr/kernel/libkernel.a(timeout.c.obj)
                0x000000000000aa8c                sys_timepoint_timeout
 .text.k_timer_init
                0x000000000000aace       0x18 zephyr/kernel/libkernel.a(timer.c.obj)
                0x000000000000aace                k_timer_init
 .text.z_impl_k_timer_stop
                0x000000000000aae6       0x38 zephyr/kernel/libkernel.a(timer.c.obj)
                0x000000000000aae6                z_impl_k_timer_stop
 .text.add_event
                0x000000000000ab1e       0x54 zephyr/kernel/libkernel.a(poll.c.obj)
 .text.register_events
                0x000000000000ab72       0xfc zephyr/kernel/libkernel.a(poll.c.obj)
 .text.signal_poll_event
                0x000000000000ac6e       0x86 zephyr/kernel/libkernel.a(poll.c.obj)
 .text.k_poll_event_init
                0x000000000000acf4       0x1e zephyr/kernel/libkernel.a(poll.c.obj)
                0x000000000000acf4                k_poll_event_init
 .text.z_handle_obj_poll_events
                0x000000000000ad12       0x3e zephyr/kernel/libkernel.a(poll.c.obj)
                0x000000000000ad12                z_handle_obj_poll_events
 .text.z_impl_k_poll_signal_init
                0x000000000000ad50        0xa zephyr/kernel/libkernel.a(poll.c.obj)
                0x000000000000ad50                z_impl_k_poll_signal_init
 .text.z_impl_k_poll_signal_reset
                0x000000000000ad5a        0x6 zephyr/kernel/libkernel.a(poll.c.obj)
                0x000000000000ad5a                z_impl_k_poll_signal_reset
 .text.z_impl_k_poll_signal_check
                0x000000000000ad60        0xa zephyr/kernel/libkernel.a(poll.c.obj)
                0x000000000000ad60                z_impl_k_poll_signal_check
 .text.sched_cpu_update_usage
                0x000000000000ad6a       0x20 zephyr/kernel/libkernel.a(usage.c.obj)
 .text.z_heap_aligned_alloc
                0x000000000000ad8a       0x26 zephyr/kernel/libkernel.a(mempool.c.obj)
 .text.k_free   0x000000000000adb0        0xe zephyr/kernel/libkernel.a(mempool.c.obj)
                0x000000000000adb0                k_free
 .text.k_malloc
                0x000000000000adbe        0x8 zephyr/kernel/libkernel.a(mempool.c.obj)
                0x000000000000adbe                k_malloc
 .text.boot_banner
                0x000000000000adc6        0x2 zephyr/kernel/libkernel.a(banner.c.obj)
                0x000000000000adc6                boot_banner
 .text.k_heap_init
                0x000000000000adc8       0x10 zephyr/kernel/libkernel.a(kheap.c.obj)
                0x000000000000adc8                k_heap_init
 .text.k_heap_aligned_alloc
                0x000000000000add8       0x82 zephyr/kernel/libkernel.a(kheap.c.obj)
                0x000000000000add8                k_heap_aligned_alloc
 .text.k_heap_free